10-25 16:27:37.190   892  2026 D ActivityManager: getContentProviderImpl: updateLruProcessLocked cpr.proc=ProcessRecord{fa655ae 2431:com.google.process.gapps/u0a10}
10-25 16:27:37.191  2389  4762 D ActivityThread: holder:android.app.IActivityManager$ContentProviderHolder@ac4a65b, holder.provider:android.content.ContentProviderProxy@5ccbef8
10-25 16:27:37.207   892   909 W PackageManager: checkUidPermission(): android.permission.INTERACT_ACROSS_USERS_FULL of 10139 is denied.
10-25 16:27:37.222   892  1282 W PackageManager: checkUidPermission(): android.permission.GET_ACCOUNTS of 10017 is denied.
10-25 16:27:37.224   892  1993 W PackageManager: checkUidPermission(): android.permission.GET_ACCOUNTS of 10017 is denied.
10-25 16:27:37.224   892  2026 W PackageManager: checkUidPermission(): android.permission.GET_ACCOUNTS of 10017 is denied.
10-25 16:27:37.230   892  1283 D ActivityManager: getContentProviderImpl: from caller=android.app.ApplicationThreadProxy@d97bdb2 (pid=16380, userId=0) to get content provider settings cpr=ContentProviderRecord{eefa1ba u0 com.android.providers.settings/.SettingsProvider}
10-25 16:27:37.231   892  1283 D ActivityManager: getContentProviderImpl: updateLruProcessLocked cpr.proc=ProcessRecord{a11efa8 892:system/1000}
10-25 16:27:37.231   892  2018 D ActivityManager: getContentProviderImpl: from caller=android.app.ApplicationThreadProxy@f143103 (pid=16350, userId=0) to get content provider com.google.android.gsf.gservices cpr=ContentProviderRecord{e731f05 u0 com.google.android.gsf/.gservices.GservicesProvider}
10-25 16:27:37.232 16380 16398 D ActivityThread: holder:android.app.IActivityManager$ContentProviderHolder@9731363, holder.provider:android.content.ContentProviderProxy@7799b60
10-25 16:27:37.232   892  2026 V SettingsProvider: packageValueForCallResult, name = device_provisioned, value : 1
10-25 16:27:37.232 16350 16402 D ActivityThread: holder:android.app.IActivityManager$ContentProviderHolder@27d6da8, holder.provider:android.content.ContentProviderProxy@ec110c1
10-25 16:27:37.240   892  1426 W PackageManager: checkUidPermission(): android.permission.INTERACT_ACROSS_USERS_FULL of 10139 is denied.
10-25 16:27:37.242   892  1283 D ActivityManager: getContentProviderImpl: from caller=android.app.ApplicationThreadProxy@dd9f880 (pid=2389, userId=0) to get content provider com.google.android.gsf.gservices cpr=ContentProviderRecord{e731f05 u0 com.google.android.gsf/.gservices.GservicesProvider}
10-25 16:27:37.242   892  1283 D ActivityManager: getContentProviderImpl: updateLruProcessLocked cpr.proc=ProcessRecord{fa655ae 2431:com.google.process.gapps/u0a10}
10-25 16:27:37.243  2389  4762 D ActivityThread: holder:android.app.IActivityManager$ContentProviderHolder@721d80d, holder.provider:android.content.ContentProviderProxy@4b23c2
10-25 16:27:37.255   892   921 W PackageManager: checkUidPermission(): android.permission.INTERACT_ACROSS_USERS_FULL of 10139 is denied.
10-25 16:27:37.260   892  1701 D ActivityManager: getContentProviderImpl: from caller=android.app.ApplicationThreadProxy@285feb9 (pid=16350, userId=0) to get content provider com.google.android.gsf.gservices cpr=ContentProviderRecord{e731f05 u0 com.google.android.gsf/.gservices.GservicesProvider}
10-25 16:27:37.261 16350 16402 D ActivityThread: holder:android.app.IActivityManager$ContentProviderHolder@1952066, holder.provider:android.content.ContentProviderProxy@1420fa7
10-25 16:27:37.263   892  2025 W PackageManager: checkUidPermission(): android.permission.INTERACT_ACROSS_USERS_FULL of 10139 is denied.
10-25 16:27:37.274   892  1994 V ActivityManager: Broadcast: Intent { act=com.google.android.gms.phenotype.COMMIT flg=0x10 pkg=com.google.android.apps.mobileutilities (has extras) } ordered=false userid=0 callerApp=ProcessRecord{b05d3bb 2389:com.google.android.gms.persistent/u0a10}
10-25 16:27:37.278   892  1426 V ActivityManager: Broadcast: Intent { act=com.google.android.gms.phenotype.COMMIT flg=0x10 pkg=com.google.android.apps.internal.mobdog (has extras) } ordered=false userid=0 callerApp=ProcessRecord{b05d3bb 2389:com.google.android.gms.persistent/u0a10}
10-25 16:27:37.302   892  2018 D ActivityManager: getContentProviderImpl: from caller=android.app.ApplicationThreadProxy@2c002fe (pid=2389, userId=0) to get content provider com.google.android.gsf.gservices cpr=ContentProviderRecord{e731f05 u0 com.google.android.gsf/.gservices.GservicesProvider}
10-25 16:27:37.302   892  2018 D ActivityManager: getContentProviderImpl: updateLruProcessLocked cpr.proc=ProcessRecord{fa655ae 2431:com.google.process.gapps/u0a10}
10-25 16:27:37.306   892  1701 W PackageManager: checkUidPermission(): android.permission.INTERACT_ACROSS_USERS_FULL of 10139 is denied.
10-25 16:27:37.309  2389 10878 D ActivityThread: holder:android.app.IActivityManager$ContentProviderHolder@4abba0e, holder.provider:android.content.ContentProviderProxy@4a2ac2f
10-25 16:27:37.324   892   921 W PackageManager: checkUidPermission(): android.permission.INTERACT_ACROSS_USERS_FULL of 10139 is denied.
10-25 16:27:37.334   892   908 D ConnectivityService: getActiveNetworkInfo networkInfo = [type: WIFI[], state: CONNECTED/CONNECTED, reason: (unspecified), extra: "Dapl server1", roaming: false, failover: false, isAvailable: true]
10-25 16:27:37.351   892  2022 W PackageManager: checkUidPermission(): android.permission.READ_PRIVILEGED_PHONE_STATE of 10017 is denied.
10-25 16:27:37.377   892  1993 W PackageManager: checkUidPermission(): android.permission.READ_PRIVILEGED_PHONE_STATE of 10017 is denied.
10-25 16:27:37.381   892   909 W PackageManager: checkUidPermission(): android.permission.READ_PRIVILEGED_PHONE_STATE of 10017 is denied.
10-25 16:27:37.392   892  1282 V SettingsProvider: packageValueForCallResult, name = android_id, value : 2f3883ed02c25128
10-25 16:27:37.393   378  1124 D FrameworkListener: dispatchCommand data = (getaddrinfo android.clients.google.com ^ 1024 0 1 0 0)
10-25 16:27:37.415   892  2018 W PackageManager: checkUidPermission(): android.permission.READ_PRIVILEGED_PHONE_STATE of 10017 is denied.
10-25 16:27:37.419   892  2022 W PackageManager: checkUidPermission(): android.permission.READ_PRIVILEGED_PHONE_STATE of 10017 is denied.
10-25 16:27:37.420   892  1700 D ConnectivityService: getActiveNetwork nai = NetworkAgentInfo [WIFI () - 1001]
10-25 16:27:37.440   892  2022 D WifiService: getWifiServiceMessenger, pid:16380, uid:10017
10-25 16:27:37.441   892  2022 W PackageManager: checkUidPermission(): android.permission.CHANGE_WIFI_STATE of 10017 is denied.
10-25 16:27:37.453   892  1994 W PackageManager: checkUidPermission(): android.permission.READ_PRIVILEGED_PHONE_STATE of 10017 is denied.
10-25 16:27:37.454   892   909 D ConnectivityService: listenForNetwork for Listen from uid/pid:10017/16380 for NetworkRequest [ id=43, legacyType=-1, [ Capabilities: INTERNET&NOT_RESTRICTED&TRUSTED] ]
10-25 16:27:37.454   892  1701 D ConnectivityService: getActiveNetwork nai = NetworkAgentInfo [WIFI () - 1001]
10-25 16:27:37.454   892  1162 D ConnectivityService: rematching NetworkAgentInfo [WIFI () - 1001]
10-25 16:27:37.455   892  1162 D ConnectivityService:  network has: [ Transports: WIFI Capabilities: INTERNET&NOT_RESTRICTED&TRUSTED&NOT_VPN&VALIDATED LinkUpBandwidth>=1048576Kbps LinkDnBandwidth>=1048576Kbps SignalStrength: -64]
10-25 16:27:37.455   892  1162 D ConnectivityService:   checking if request is satisfied: NetworkRequest [ id=28, legacyType=-1, [ Capabilities: INTERNET&NOT_RESTRICTED&TRUSTED] ]
10-25 16:27:37.455   892  1162 D ConnectivityService:   checking if request is satisfied: NetworkRequest [ id=3, legacyType=-1, [ Capabilities: NOT_RESTRICTED&TRUSTED&NOT_VPN] ]
10-25 16:27:37.455   892  1162 D ConnectivityService:   checking if request is satisfied: NetworkRequest [ id=30, legacyType=-1, [ Capabilities: INTERNET&NOT_RESTRICTED&TRUSTED] ]
10-25 16:27:37.455   892  1162 D ConnectivityService:   checking if request is satisfied: NetworkRequest [ id=31, legacyType=-1, [ Capabilities: INTERNET&NOT_RESTRICTED&TRUSTED] ]
10-25 16:27:37.455   892  1162 D ConnectivityService:   checking if request is satisfied: NetworkRequest [ id=12, legacyType=-1, [ Transports: CELLULAR Capabilities: NOT_RESTRICTED&TRUSTED&NOT_VPN] ]
10-25 16:27:37.455   892  1162 D ConnectivityService:   checking if request is satisfied: NetworkRequest [ id=4, legacyType=-1, [] ]
10-25 16:27:37.455   892  1162 D ConnectivityService:   checking if request is satisfied: NetworkRequest [ id=43, legacyType=-1, [ Capabilities: INTERNET&NOT_RESTRICTED&TRUSTED] ]
10-25 16:27:37.456   892  1162 D ConnectivityService: Network NetworkAgentInfo [WIFI () - 1001] was already satisfying request 1. No change.
10-25 16:27:37.456   892  1162 D ConnectivityService:   checking if request is satisfied: NetworkRequest [ id=23, legacyType=-1, [ Capabilities: INTERNET&NOT_RESTRICTED&TRUSTED&NOT_VPN] ]
10-25 16:27:37.456   892  1162 D ConnectivityService:   checking if request is satisfied: NetworkRequest [ id=27, legacyType=-1, [ Capabilities: NOT_RESTRICTED&TRUSTED&NOT_VPN] ]
10-25 16:27:37.456   892  1162 D ConnectivityService:   checking if request is satisfied: NetworkRequest [ id=5, legacyType=-1, [ Transports: WIFI Capabilities: NOT_RESTRICTED&TRUSTED&NOT_VPN&VALIDATED] ]
10-25 16:27:37.456   892  1162 D ConnectivityService:   checking if request is satisfied: NetworkRequest [ id=11, legacyType=-1, [ Capabilities: NOT_RESTRICTED] ]
10-25 16:27:37.456   892  1162 D ConnectivityService:   checking if request is satisfied: NetworkRequest [ id=6, legacyType=11, [ Transports: CELLULAR Capabilities: IMS&TRUSTED&NOT_VPN Specifier: <1>] ]
10-25 16:27:37.456   892  1162 D ConnectivityService: sending notification AVAILABLE for NetworkRequest [ id=43, legacyType=-1, [ Capabilities: INTERNET&NOT_RESTRICTED&TRUSTED] ]
10-25 16:27:37.457   892  1162 D ConnectivityService: rematching NetworkAgentInfo [MOBILE (LTE) - 1000]
10-25 16:27:37.457   892  1162 D ConnectivityService:  network has: [ Transports: CELLULAR Capabilities: IMS&TRUSTED&NOT_VPN&VALIDATED LinkUpBandwidth>=51200Kbps LinkDnBandwidth>=102400Kbps Specifier: <1>]
10-25 16:27:37.457   892  1162 D ConnectivityService:   checking if request is satisfied: NetworkRequest [ id=28, legacyType=-1, [ Capabilities: INTERNET&NOT_RESTRICTED&TRUSTED] ]
10-25 16:27:37.457   892  1162 D ConnectivityService:   checking if request is satisfied: NetworkRequest [ id=3, legacyType=-1, [ Capabilities: NOT_RESTRICTED&TRUSTED&NOT_VPN] ]
10-25 16:27:37.457   892  1162 D ConnectivityService:   checking if request is satisfied: NetworkRequest [ id=30, legacyType=-1, [ Capabilities: INTERNET&NOT_RESTRICTED&TRUSTED] ]
10-25 16:27:37.457   892  1162 D ConnectivityService:   checking if request is satisfied: NetworkRequest [ id=31, legacyType=-1, [ Capabilities: INTERNET&NOT_RESTRICTED&TRUSTED] ]
10-25 16:27:37.458   892  1162 D ConnectivityService:   checking if request is satisfied: NetworkRequest [ id=12, legacyType=-1, [ Transports: CELLULAR Capabilities: NOT_RESTRICTED&TRUSTED&NOT_VPN] ]
10-25 16:27:37.458   892  1162 D ConnectivityService:   checking if request is satisfied: NetworkRequest [ id=4, legacyType=-1, [] ]
10-25 16:27:37.458   892  1162 D ConnectivityService:   checking if request is satisfied: NetworkRequest [ id=43, legacyType=-1, [ Capabilities: INTERNET&NOT_RESTRICTED&TRUSTED] ]
10-25 16:27:37.459   892  1162 D ConnectivityService:   checking if request is satisfied: NetworkRequest [ id=1, legacyType=-1, [ Capabilities: INTERNET&NOT_RESTRICTED&TRUSTED&NOT_VPN] ]
10-25 16:27:37.459   892  1162 D ConnectivityService:   checking if request is satisfied: NetworkRequest [ id=23, legacyType=-1, [ Capabilities: INTERNET&NOT_RESTRICTED&TRUSTED&NOT_VPN] ]
10-25 16:27:37.460   892  1162 D ConnectivityService:   checking if request is satisfied: NetworkRequest [ id=27, legacyType=-1, [ Capabilities: NOT_RESTRICTED&TRUSTED&NOT_VPN] ]
10-25 16:27:37.460   892  1162 D ConnectivityService:   checking if request is satisfied: NetworkRequest [ id=5, legacyType=-1, [ Transports: WIFI Capabilities: NOT_RESTRICTED&TRUSTED&NOT_VPN&VALIDATED] ]
10-25 16:27:37.460   892  1162 D ConnectivityService:   checking if request is satisfied: NetworkRequest [ id=11, legacyType=-1, [ Capabilities: NOT_RESTRICTED] ]
10-25 16:27:37.460   892  1162 D ConnectivityService: Network NetworkAgentInfo [MOBILE (LTE) - 1000] was already satisfying request 6. No change.
10-25 16:27:37.462   892  1162 D CSLegacyTypeTracker: Adding agent NetworkAgentInfo{ ni{[type: MOBILE[LTE], state: CONNECTED/CONNECTED, reason: connected, extra: ims, roaming: false, failover: false, isAvailable: true]}  network{1000}  lp{{InterfaceName: ccmni4 LinkAddresses: [fe80::44:aaab:2301/128,]  Routes: [::/0 -> fe80::44:aaab:2301 ccmni4,] DnsAddresses: [] Domains: null MTU: 1500 TcpBufferSizes: 524288,1048576,2097152,262144,524288,1048576 PcscfAddresses: [] }}  nc{[ Transports: CELLULAR Capabilities: IMS&TRUSTED&NOT_VPN&VALIDATED LinkUpBandwidth>=51200Kbps LinkDnBandwidth>=102400Kbps Specifier: <1>]}  Score{50}  everValidated{true}  lastValidated{true}  created{true} lingering{false} explicitlySelected{false} acceptUnvalidated{false} everCaptivePortalDetected{false} lastCaptivePortalDetected{false} } for legacy network type 11
10-25 16:27:37.462   892  1162 E ConnectivityService: Attempting to register duplicate agent for type 11: NetworkAgentInfo{ ni{[type: MOBILE[LTE], state: CONNECTED/CONNECTED, reason: connected, extra: ims, roaming: false, failover: false, isAvailable: true]}  network{1000}  lp{{InterfaceName: ccmni4 LinkAddresses: [fe80::44:aaab:2301/128,]  Routes: [::/0 -> fe80::44:aaab:2301 ccmni4,] DnsAddresses: [] Domains: null MTU: 1500 TcpBufferSizes: 524288,1048576,2097152,262144,524288,1048576 PcscfAddresses: [] }}  nc{[ Transports: CELLULAR Capabilities: IMS&TRUSTED&NOT_VPN&VALIDATED LinkUpBandwidth>=51200Kbps LinkDnBandwidth>=102400Kbps Specifier: <1>]}  Score{50}  everValidated{true}  lastValidated{true}  created{true} lingering{false} explicitlySelected{false} acceptUnvalidated{false} everCaptivePortalDetected{false} lastCaptivePortalDetected{false} }
10-25 16:27:37.463   892  1700 D ConnectivityService: getActiveNetwork nai = NetworkAgentInfo [WIFI () - 1001]
10-25 16:27:37.464   892  1994 W PackageManager: checkUidPermission(): android.permission.READ_PRIVILEGED_PHONE_STATE of 10017 is denied.
10-25 16:27:37.471   892   909 D ConnectivityService: getActiveNetwork nai = NetworkAgentInfo [WIFI () - 1001]
10-25 16:27:37.474   892  2022 D ConnectivityService: getActiveNetwork nai = NetworkAgentInfo [WIFI () - 1001]
10-25 16:27:37.481   892   909 V ActivityManager: Broadcast: Intent { act=com.google.android.finsky.action.UPDATE_SETTINGS_ACTION flg=0x10 cmp=com.android.vending/com.google.android.finsky.verifier.impl.SingleUserSettingsReceiver (has extras) } ordered=false userid=0 callerApp=ProcessRecord{7d5544 16380:com.android.vending/u0a17}
10-25 16:27:37.481   892  2018 W PackageManager: checkUidPermission(): android.permission.READ_PRIVILEGED_PHONE_STATE of 10017 is denied.
10-25 16:27:37.488   892  1283 W PackageManager: checkUidPermission(): android.permission.INTERACT_ACROSS_USERS_FULL of 10139 is denied.
10-25 16:27:37.490   892  2025 W PackageManager: checkUidPermission(): android.permission.READ_PRIVILEGED_PHONE_STATE of 10017 is denied.
10-25 16:27:37.498   892  1426 D ActivityManager: getContentProviderImpl: from caller=android.app.ApplicationThreadProxy@39c81b0 (pid=16380, userId=0) to get content provider com.google.settings cpr=ContentProviderRecord{32af930 u0 com.google.android.gsf/.settings.GoogleSettingsProvider}
10-25 16:27:37.498   892  1426 D ActivityManager: getContentProviderImpl: updateLruProcessLocked cpr.proc=ProcessRecord{fa655ae 2431:com.google.process.gapps/u0a10}
10-25 16:27:37.501 16380 16395 D ActivityThread: holder:android.app.IActivityManager$ContentProviderHolder@fa9c677, holder.provider:android.content.ContentProviderProxy@ccbf2e4
10-25 16:27:37.510   892  1283 D ConnectivityService: getActiveNetwork nai = NetworkAgentInfo [WIFI () - 1001]
10-25 16:27:37.547   892   921 D ConnectivityService: getActiveNetworkInfo networkInfo = [type: WIFI[], state: CONNECTED/CONNECTED, reason: (unspecified), extra: "Dapl server1", roaming: false, failover: false, isAvailable: true]
10-25 16:27:37.596 16380 16380 D ActivityThread: BIND_APPLICATION handled : 0 / AppBindData{appInfo=ApplicationInfo{6d0ba7c com.android.vending}}
10-25 16:27:37.598 16380 16380 D ActivityThread: SVC-Creating service: CreateServiceData{token=android.os.BinderProxy@a1f2b5a className=com.google.android.finsky.contentfilterui.ContentFiltersService packageName=com.android.vending intent=null}
10-25 16:27:37.602 16380 16380 D ActivityThread: SVC-CREATE_SERVICE handled : 0 / CreateServiceData{token=android.os.BinderProxy@a1f2b5a className=com.google.android.finsky.contentfilterui.ContentFiltersService packageName=com.android.vending intent=null}
10-25 16:27:37.603 16380 16380 V ActivityThread: handleBindService s=com.google.android.finsky.contentfilterui.ContentFiltersService@17118b rebind=false
10-25 16:27:37.604 16380 16380 D ActivityThread: SVC-BIND_SERVICE handled : 0 / BindServiceData{token=android.os.BinderProxy@a1f2b5a intent=Intent { act=com.android.vending.contentfilters.IContentFiltersService.BIND pkg=com.android.vending }}
10-25 16:27:37.622   892  2027 W PackageManager: checkUidPermission(): android.permission.READ_PRIVILEGED_PHONE_STATE of 10017 is denied.
10-25 16:27:37.650 16380 16380 D ActivityThread: BDC-Calling onReceive: intent=Intent { act=com.google.android.finsky.action.UPDATE_SETTINGS_ACTION flg=0x10 cmp=com.android.vending/com.google.android.finsky.verifier.impl.SingleUserSettingsReceiver (has extras) }, receiver=com.google.android.finsky.verifier.impl.SingleUserSettingsReceiver@14bb680
10-25 16:27:37.652 16380 16380 D ActivityThread: BDC-RECEIVER handled : 0 / ReceiverData{intent=Intent { act=com.google.android.finsky.action.UPDATE_SETTINGS_ACTION flg=0x10 cmp=com.android.vending/com.google.android.finsky.verifier.impl.SingleUserSettingsReceiver (has extras) } packageName=com.android.vending resultCode=-1 resultData=null resultExtras=null}
10-25 16:27:37.655   892  1994 I ActivityManager: Killing 14072:com.android.chrome:privileged_process1/u0a56 (adj 9): empty #17
10-25 16:27:37.743   892  1426 D DisplayManagerService: Display listener for pid 14072 died.
10-25 16:27:37.749   892  1994 I ActivityManager: Killing 15516:com.android.camera/u0a135 (adj 15): empty #18
10-25 16:27:37.805   892  1282 D DisplayManagerService: Display listener for pid 15516 died.
10-25 16:27:37.815   892  2026 V ActivityManager: Broadcast: Intent { act=android.intent.action.KILL_BACKGROUND_SERVICE.com.android.chrome:privileged_process1 flg=0x10 (has extras) } ordered=false userid=0 callerApp=ProcessRecord{a11efa8 892:system/1000}
10-25 16:27:37.815   892  2026 D ActivityManager: SVC-handleAppDiedLocked: app = ProcessRecord{b66ce3 14072:com.android.chrome:privileged_process1/u0a56}, app.pid = 14072
10-25 16:27:37.816   892  2026 D ActivityManager: cleanUpApplicationRecord -- 14072
10-25 16:27:37.816   892  2026 W ActivityManager: Scheduling restart of crashed service com.android.chrome/org.chromium.content.app.PrivilegedProcessService1 in 1000ms
10-25 16:27:37.816   892  2026 D ActivityManager: SVC-mBroadcastQueues: com.android.server.am.BroadcastQueue@19b12b9
10-25 16:27:37.816   892  2026 D ActivityManager: SVC-mBroadcastQueues: com.android.server.am.BroadcastQueue@2d186fe
10-25 16:27:37.828   892  2022 V ActivityManager: Broadcast: Intent { act=android.intent.action.KILL_BACKGROUND_SERVICE.com.android.camera flg=0x10 (has extras) } ordered=false userid=0 callerApp=ProcessRecord{a11efa8 892:system/1000}
10-25 16:27:37.829   892  2022 D ActivityManager: SVC-handleAppDiedLocked: app = ProcessRecord{d6bb6e0 15516:com.android.camera/u0a135}, app.pid = 15516
10-25 16:27:37.829   892  2022 D ActivityManager: cleanUpApplicationRecord -- 15516
10-25 16:27:37.829   892  2022 D ActivityManager: SVC-mBroadcastQueues: com.android.server.am.BroadcastQueue@19b12b9
10-25 16:27:37.829   892  2022 D ActivityManager: SVC-mBroadcastQueues: com.android.server.am.BroadcastQueue@2d186fe
10-25 16:27:37.839   892  1021 D ScreenBrightnessModeRestore: pakage name is com.android.chromewith :10056
10-25 16:27:37.839   892  1021 D ScreenBrightnessModeRestore:  onProcessDiedInner, pid = 14072 , mCurrentForceGroundPid = 7055 mAppName: com.android.chrome mWaitToRestore=false
10-25 16:27:37.841   892  1200 D ScreenBrightnessModeRestore: pakage name is com.android.chromewith :10056
10-25 16:27:37.841   892  1200 D ScreenBrightnessModeRestore:  onProcessDiedInner, pid = 14072 , mCurrentForceGroundPid = 7055 mAppName: com.android.chrome mWaitToRestore=false
10-25 16:27:37.841   892  1200 D ScreenBrightnessModeRestore: pakage name is com.android.camerawith :10135
10-25 16:27:37.841   892  1200 D ScreenBrightnessModeRestore:  onProcessDiedInner, pid = 15516 , mCurrentForceGroundPid = 7055 mAppName: com.android.camera mWaitToRestore=false
10-25 16:27:37.843   892  1021 D ScreenBrightnessModeRestore: pakage name is com.android.camerawith :10135
10-25 16:27:37.843   892  1021 D ScreenBrightnessModeRestore:  onProcessDiedInner, pid = 15516 , mCurrentForceGroundPid = 7055 mAppName: com.android.camera mWaitToRestore=false
10-25 16:27:37.850   892  2018 W PackageManager: checkUidPermission(): android.permission.INTERACT_ACROSS_USERS_FULL of 10139 is denied.
10-25 16:27:37.866   892  2006 D ConnectivityService: getActiveNetworkInfo networkInfo = [type: WIFI[], state: CONNECTED/CONNECTED, reason: (unspecified), extra: "Dapl server1", roaming: false, failover: false, isAvailable: true]
10-25 16:27:37.868   892  2022 I NetworkIdentity: buildNetworkIdentity:
10-25 16:27:37.869   892  2022 I NetworkIdentity: networkId = Dapl server1
10-25 16:27:37.874   378  1124 D FrameworkListener: dispatchCommand data = (getaddrinfo connectivitycheck.gstatic.com ^ 1024 0 1 0 0)
10-25 16:27:37.878  2389  2389 D ActivityThread: SVC-Creating service: CreateServiceData{token=android.os.BinderProxy@9e6fbc5 className=com.google.android.gms.auth.account.authenticator.GoogleAccountAuthenticatorService packageName=com.google.android.gms intent=null}
10-25 16:27:37.884   892  2006 D ActivityManager: getContentProviderImpl: from caller=android.app.ApplicationThreadProxy@ea42a55 (pid=2389, userId=0) to get content provider com.google.android.gsf.gservices cpr=ContentProviderRecord{e731f05 u0 com.google.android.gsf/.gservices.GservicesProvider}
10-25 16:27:37.884   892  2006 D ActivityManager: getContentProviderImpl: updateLruProcessLocked cpr.proc=ProcessRecord{fa655ae 2431:com.google.process.gapps/u0a10}
10-25 16:27:37.885   892  2026 W PackageManager: checkUidPermission(): android.permission.READ_PRIVILEGED_PHONE_STATE of 10017 is denied.
10-25 16:27:37.890  2389  4762 D ActivityThread: holder:android.app.IActivityManager$ContentProviderHolder@76d691a, holder.provider:android.content.ContentProviderProxy@3b7dc4b
10-25 16:27:37.892   892  2022 W PackageManager: checkUidPermission(): android.permission.INTERACT_ACROSS_USERS_FULL of 10139 is denied.
10-25 16:27:37.892  2389  2389 D ActivityThread: SVC-CREATE_SERVICE handled : 0 / CreateServiceData{token=android.os.BinderProxy@9e6fbc5 className=com.google.android.gms.auth.account.authenticator.GoogleAccountAuthenticatorService packageName=com.google.android.gms intent=null}
10-25 16:27:37.892  2389  2389 V ActivityThread: handleBindService s=com.google.android.gms.auth.account.authenticator.GoogleAccountAuthenticatorService@769d628 rebind=false
10-25 16:27:37.898  2389  2389 D ActivityThread: SVC-BIND_SERVICE handled : 0 / BindServiceData{token=android.os.BinderProxy@9e6fbc5 intent=Intent { act=android.accounts.AccountAuthenticator cmp=com.google.android.gms/.auth.account.authenticator.GoogleAccountAuthenticatorService }}
10-25 16:27:37.898   892   908 D ActivityManager: getContentProviderImpl: from caller=android.app.ApplicationThreadProxy@a72955b (pid=16380, userId=0) to get content provider downloads cpr=ContentProviderRecord{aad149a u0 com.android.providers.downloads/.DownloadProvider}
10-25 16:27:37.899 16380 16464 D ActivityThread: holder:android.app.IActivityManager$ContentProviderHolder@9fb95ae, holder.provider:android.content.ContentProviderProxy@a4def4f
10-25 16:27:37.901   892  1426 W PackageManager: checkUidPermission(): android.permission.ACCESS_ALL_DOWNLOADS of 10017 is denied.
10-25 16:27:37.901   892  1700 W PackageManager: checkUidPermission(): android.permission.READ_PRIVILEGED_PHONE_STATE of 10017 is denied.
10-25 16:27:37.906  2389  2389 D ActivityThread: SVC-UNBIND_SERVICE handled : 0 / BindServiceData{token=android.os.BinderProxy@9e6fbc5 intent=Intent { act=android.accounts.AccountAuthenticator cmp=com.google.android.gms/.auth.account.authenticator.GoogleAccountAuthenticatorService }}
10-25 16:27:37.906  2389  2389 D ActivityThread: SVC-Destroying service: com.google.android.gms.auth.account.authenticator.GoogleAccountAuthenticatorService@769d628
10-25 16:27:37.907  2389  2389 D ActivityThread: SVC-STOP_SERVICE handled : 0 / android.os.BinderProxy@9e6fbc5
10-25 16:27:37.914 16380 16380 D ActivityThread: SVC-UNBIND_SERVICE handled : 0 / BindServiceData{token=android.os.BinderProxy@a1f2b5a intent=Intent { act=com.android.vending.contentfilters.IContentFiltersService.BIND pkg=com.android.vending }}
10-25 16:27:37.914 16380 16380 D ActivityThread: SVC-Destroying service: com.google.android.finsky.contentfilterui.ContentFiltersService@17118b
10-25 16:27:37.914 16380 16380 D ActivityThread: SVC-STOP_SERVICE handled : 0 / android.os.BinderProxy@a1f2b5a
10-25 16:27:37.921   892  2018 D ActivityManager: getContentProviderImpl: from caller=android.app.ApplicationThreadProxy@bad81f8 (pid=2389, userId=0) to get content provider com.google.android.gsf.gservices cpr=ContentProviderRecord{e731f05 u0 com.google.android.gsf/.gservices.GservicesProvider}
10-25 16:27:37.921   892  2018 D ActivityManager: getContentProviderImpl: updateLruProcessLocked cpr.proc=ProcessRecord{fa655ae 2431:com.google.process.gapps/u0a10}
10-25 16:27:37.929  2389  4762 D ActivityThread: holder:android.app.IActivityManager$ContentProviderHolder@2408f41, holder.provider:android.content.ContentProviderProxy@e68fce6
10-25 16:27:37.931   892  2026 W PackageManager: checkUidPermission(): android.permission.INTERACT_ACROSS_USERS_FULL of 10139 is denied.
10-25 16:27:37.940   892  2027 W PackageManager: checkUidPermission(): android.permission.INTERACT_ACROSS_USERS_FULL of 10139 is denied.
10-25 16:27:37.950   892   909 D ConnectivityService: getActiveNetworkInfo networkInfo = [type: WIFI[], state: CONNECTED/CONNECTED, reason: (unspecified), extra: "Dapl server1", roaming: false, failover: false, isAvailable: true]
10-25 16:27:37.951   892   921 D CSLegacyTypeTracker: getNetworkForType type 1
10-25 16:27:38.683   378 16425 D SocketClient: SocketClient sendData done: 222
10-25 16:27:38.683   378 16425 D SocketClient: SocketClient sendData done: 
10-25 16:27:38.683   378 16425 D SocketClient: SocketClient sendData done: 
10-25 16:27:38.683   378 16425 D SocketClient: SocketClient sendData done: 
10-25 16:27:38.683   378 16425 D SocketClient: SocketClient sendData done: 
10-25 16:27:38.683   378 16425 D SocketClient: SocketClient sendData done: 
10-25 16:27:38.683   378 16425 D SocketClient: SocketClient sendData done: 
10-25 16:27:38.683   378 16425 D SocketClient: SocketClient sendData done: 
10-25 16:27:38.683   378 16425 D SocketClient: SocketClient sendData done: 
10-25 16:27:38.683   378 16425 D SocketClient: SocketClient sendData done: 
10-25 16:27:38.683   378 16425 D SocketClient: SocketClient sendData done: 
10-25 16:27:38.684   378 16425 D SocketClient: SocketClient sendData done: 
10-25 16:27:38.684   378 16425 D SocketClient: SocketClient sendData done: 
10-25 16:27:38.684   378 16425 D SocketClient: SocketClient sendData done: 
10-25 16:27:38.684   378 16425 D SocketClient: SocketClient sendData done: 
10-25 16:27:38.684   378 16425 D SocketClient: SocketClient sendData done: 
10-25 16:27:38.684   378 16425 D SocketClient: SocketClient sendData done: 
10-25 16:27:38.684   378 16425 D SocketClient: SocketClient sendData done: 
10-25 16:27:38.684   378 16425 D SocketClient: SocketClient sendData done: 
10-25 16:27:38.684   378 16425 D SocketClient: SocketClient sendData done: 
10-25 16:27:38.684   378 16425 D SocketClient: SocketClient sendData done: 
10-25 16:27:38.684   378 16425 D SocketClient: SocketClient sendData done: 
10-25 16:27:38.684   378 16425 D SocketClient: SocketClient sendData done: 
10-25 16:27:38.684   378 16425 D SocketClient: SocketClient sendData done: 
10-25 16:27:38.684   378 16425 D SocketClient: SocketClient sendData done: 
10-25 16:27:38.684   378 16425 D SocketClient: SocketClient sendData done: 
10-25 16:27:38.684   378 16425 D SocketClient: SocketClient sendData done: 
10-25 16:27:38.684   378 16425 D SocketClient: SocketClient sendData done: 
10-25 16:27:38.684   378 16425 D SocketClient: SocketClient sendData done: 
10-25 16:27:38.685   378 16425 D SocketClient: SocketClient sendData done: 
10-25 16:27:38.685   378 16425 D SocketClient: SocketClient sendData done: 
10-25 16:27:38.685   378 16425 D SocketClient: SocketClient sendData done: 
10-25 16:27:38.685   378 16425 D SocketClient: SocketClient sendData done: 
10-25 16:27:38.685   378 16425 D SocketClient: SocketClient sendData done: 
10-25 16:27:38.685   378 16425 D SocketClient: SocketClient sendData done: 
10-25 16:27:38.685   378 16425 D SocketClient: SocketClient sendData done: 
10-25 16:27:38.685   378 16425 D SocketClient: SocketClient sendData done: 
10-25 16:27:38.685   378 16425 D SocketClient: SocketClient sendData done: 
10-25 16:27:38.685   378 16425 D SocketClient: SocketClient sendData done: 
10-25 16:27:38.685   378 16425 D SocketClient: SocketClient sendData done: 
10-25 16:27:38.685   378 16425 D SocketClient: SocketClient sendData done: 
10-25 16:27:38.685   378 16425 D SocketClient: SocketClient sendData done: 
10-25 16:27:38.685   378 16425 D SocketClient: SocketClient sendData done: 
10-25 16:27:38.685   378 16425 D SocketClient: SocketClient sendData done: 
10-25 16:27:38.685   378 16425 D SocketClient: SocketClient sendData done: 
10-25 16:27:38.685   378 16425 D SocketClient: SocketClient sendData done: 
10-25 16:27:38.685   378 16425 D SocketClient: SocketClient sendData done: 
10-25 16:27:38.686   378 16425 D SocketClient: SocketClient sendData done: 
10-25 16:27:38.686   378 16425 D SocketClient: SocketClient sendData done: 
10-25 16:27:38.686   378 16425 D SocketClient: SocketClient sendData done: 
10-25 16:27:38.686   378 16425 D SocketClient: SocketClient sendData done: 
10-25 16:27:38.686   378 16425 D SocketClient: SocketClient sendData done: 
10-25 16:27:38.686   378 16425 D SocketClient: SocketClient sendData done: 
10-25 16:27:38.686   378 16425 D SocketClient: SocketClient sendData done: 
10-25 16:27:38.686   378 16425 D SocketClient: SocketClient sendData done: 
10-25 16:27:38.686   378 16425 D SocketClient: SocketClient sendData done: 
10-25 16:27:38.686   378 16425 D SocketClient: SocketClient sendData done: 
10-25 16:27:38.686   378 16425 D SocketClient: SocketClient sendData done: 
10-25 16:27:38.686   378 16425 D SocketClient: SocketClient sendData done: 
10-25 16:27:38.686   378 16425 D SocketClient: SocketClient sendData done: 
10-25 16:27:38.686   378 16425 D SocketClient: SocketClient sendData done: 
10-25 16:27:38.686   378 16425 D SocketClient: SocketClient sendData done: 
10-25 16:27:38.686   378 16425 D SocketClient: SocketClient sendData done: 
10-25 16:27:38.686   378 16425 D SocketClient: SocketClient sendData done: 
10-25 16:27:38.686   378 16425 D SocketClient: SocketClient sendData done: 
10-25 16:27:38.687   378 16425 D SocketClient: SocketClient sendData done: 
10-25 16:27:38.687   378 16425 D SocketClient: SocketClient sendData done: 
10-25 16:27:38.687   378 16425 D SocketClient: SocketClient sendData done: 
10-25 16:27:38.687   378 16425 D SocketClient: SocketClient sendData done: 
10-25 16:27:38.687   378 16425 D SocketClient: SocketClient sendData done: 
10-25 16:27:38.687   378 16425 D SocketClient: SocketClient sendData done: 
10-25 16:27:38.687   378 16425 D SocketClient: SocketClient sendData done: 
10-25 16:27:38.687   378 16425 D SocketClient: SocketClient sendData done: 
10-25 16:27:38.687   378 16425 D SocketClient: SocketClient sendData done: 
10-25 16:27:38.687   378 16425 D SocketClient: SocketClient sendData done: 
10-25 16:27:38.687   378 16425 D SocketClient: SocketClient sendData done: 
10-25 16:27:38.687   378 16425 D SocketClient: SocketClient sendData done: 
10-25 16:27:38.687   378 16425 D SocketClient: SocketClient sendData done: 
10-25 16:27:38.687   378 16425 D SocketClient: SocketClient sendData done: 
10-25 16:27:38.687   378 16425 D SocketClient: SocketClient sendData done: 
10-25 16:27:38.687   378 16425 D SocketClient: SocketClient sendData done: 
10-25 16:27:38.687   378 16425 D SocketClient: SocketClient sendData done: 
10-25 16:27:38.687   378 16425 D SocketClient: SocketClient sendData done: 
10-25 16:27:38.688   378 16425 D SocketClient: SocketClient sendData done: 
10-25 16:27:38.688   378 16425 D SocketClient: SocketClient sendData done: 
10-25 16:27:38.688   378 16425 D SocketClient: SocketClient sendData done: 
10-25 16:27:38.688   378 16425 D SocketClient: SocketClient sendData done: 
10-25 16:27:38.688   378 16425 D SocketClient: SocketClient sendData done: 
10-25 16:27:38.688   378 16425 D SocketClient: SocketClient sendData done: 
10-25 16:27:38.688   378 16425 D SocketClient: SocketClient sendData done: 
10-25 16:27:38.688   378 16425 D SocketClient: SocketClient sendData done: 
10-25 16:27:38.688   378 16425 D SocketClient: SocketClient sendData done: 
10-25 16:27:38.688   378 16425 D SocketClient: SocketClient sendData done: 
10-25 16:27:38.688   378 16425 D SocketClient: SocketClient sendData done: 
10-25 16:27:38.688   378 16425 D SocketClient: SocketClient sendData done: 
10-25 16:27:38.688   378 16425 D SocketClient: SocketClient sendData done: 
10-25 16:27:38.688   378 16425 D SocketClient: SocketClient sendData done: 
10-25 16:27:38.688   378 16425 D SocketClient: SocketClient sendData done: 
10-25 16:27:38.714   378 16461 D SocketClient: SocketClient sendData done: 222
10-25 16:27:38.714   378 16461 D SocketClient: SocketClient sendData done: 
10-25 16:27:38.714   378 16461 D SocketClient: SocketClient sendData done: 
10-25 16:27:38.715   378 16461 D SocketClient: SocketClient sendData done: 
10-25 16:27:38.715   378 16461 D SocketClient: SocketClient sendData done: 
10-25 16:27:38.715   378 16461 D SocketClient: SocketClient sendData done: 
10-25 16:27:38.715   378 16461 D SocketClient: SocketClient sendData done: 
10-25 16:27:38.715   378 16461 D SocketClient: SocketClient sendData done: 
10-25 16:27:38.715   378 16461 D SocketClient: SocketClient sendData done: 
10-25 16:27:38.715   378 16461 D SocketClient: SocketClient sendData done: 
10-25 16:27:38.726   378  1127 D SocketClient: SocketClient sendData done: 
10-25 16:27:38.727   378  1124 D FrameworkListener: dispatchCommand data = (getaddrinfo lh3.googleusercontent.com ^ 1024 0 1 0 0)
10-25 16:27:38.849  1409  1409 W ContextImpl: Calling a method in the system process without a qualified user: android.app.ContextImpl.sendBroadcast:770 android.content.ContextWrapper.sendBroadcast:396 com.vivo.daemonService.VivoDaemonServiceApp.restartCameraWhenDied:1078 com.vivo.daemonService.VivoDaemonServiceApp.access$700:169 com.vivo.daemonService.VivoDaemonServiceApp$2.handleMessage:341 
10-25 16:27:38.850   892  2026 V ActivityManager: Broadcast: Intent { act=vivo.intent.action.PRELOAD_VIVOCAM flg=0x10 cmp=com.android.camera/.PreloadCameraReceiver } ordered=false userid=0 callerApp=ProcessRecord{3a74136 1409:com.vivo.daemonService/1000}
10-25 16:27:38.850   892   930 I BroadcastQueue: toBefiltered is false, action = vivo.intent.action.PRELOAD_VIVOCAM
10-25 16:27:38.878   892   930 I ActivityManager: Start proc 16471:com.android.camera/u0a135 for broadcast com.android.camera/.PreloadCameraReceiver
10-25 16:27:38.908   892   908 W ActivityManager: Skip forceProcessStateUpTo() to newState 11
10-25 16:27:38.963 16471 16471 D ActivityThread: BIND_APPLICATION handled : 0 / AppBindData{appInfo=ApplicationInfo{98eefc3 com.android.camera}}
10-25 16:27:38.964 16471 16471 D ActivityThread: BDC-Calling onReceive: intent=Intent { act=vivo.intent.action.PRELOAD_VIVOCAM flg=0x10 cmp=com.android.camera/.PreloadCameraReceiver }, receiver=com.android.camera.PreloadCameraReceiver@2bbb040
10-25 16:27:38.969   892  1282 W PackageManager: checkUidPermission(): android.permission.INTERACT_ACROSS_USERS of 10135 is denied.
10-25 16:27:39.107   378 16470 D SocketClient: SocketClient sendData done: 222
10-25 16:27:39.107   378 16470 D SocketClient: SocketClient sendData done: 
10-25 16:27:39.107   378 16470 D SocketClient: SocketClient sendData done: 
10-25 16:27:39.107   378 16470 D SocketClient: SocketClient sendData done: 
10-25 16:27:39.107   378 16470 D SocketClient: SocketClient sendData done: 
10-25 16:27:39.107   378 16470 D SocketClient: SocketClient sendData done: 
10-25 16:27:39.107   378 16470 D SocketClient: SocketClient sendData done: 
10-25 16:27:39.107   378 16470 D SocketClient: SocketClient sendData done: 
10-25 16:27:39.107   378 16470 D SocketClient: SocketClient sendData done: 
10-25 16:27:39.107   378 16470 D SocketClient: SocketClient sendData done: 
10-25 16:27:39.173 16471 16471 D ActivityThread: BDC-RECEIVER handled : 0 / ReceiverData{intent=Intent { act=vivo.intent.action.PRELOAD_VIVOCAM flg=0x10 cmp=com.android.camera/.PreloadCameraReceiver } packageName=com.android.camera resultCode=-1 resultData=null resultExtras=null}
10-25 16:27:39.175   892  1283 I ActivityManager: Killing 15716:com.bbk.calendar/u0a134 (adj 15): empty #17
10-25 16:27:39.243   892  1701 D DisplayManagerService: Display listener for pid 15716 died.
10-25 16:27:39.246   892  2006 V ActivityManager: Broadcast: Intent { act=android.intent.action.KILL_BACKGROUND_SERVICE.com.bbk.calendar flg=0x10 (has extras) } ordered=false userid=0 callerApp=ProcessRecord{a11efa8 892:system/1000}
10-25 16:27:39.247   892  2006 D ActivityManager: SVC-handleAppDiedLocked: app = ProcessRecord{d259536 15716:com.bbk.calendar/u0a134}, app.pid = 15716
10-25 16:27:39.247   892  2006 D ActivityManager: cleanUpApplicationRecord -- 15716
10-25 16:27:39.247   892  2006 D ActivityManager: SVC-mBroadcastQueues: com.android.server.am.BroadcastQueue@19b12b9
10-25 16:27:39.247   892  2006 D ActivityManager: SVC-mBroadcastQueues: com.android.server.am.BroadcastQueue@2d186fe
10-25 16:27:39.251   892  1200 D ScreenBrightnessModeRestore: pakage name is com.bbk.calendarwith :10134
10-25 16:27:39.251   892  1200 D ScreenBrightnessModeRestore:  onProcessDiedInner, pid = 15716 , mCurrentForceGroundPid = 7055 mAppName: com.bbk.calendar mWaitToRestore=false
10-25 16:27:39.251   892  1021 D ScreenBrightnessModeRestore: pakage name is com.bbk.calendarwith :10134
10-25 16:27:39.251   892  1021 D ScreenBrightnessModeRestore:  onProcessDiedInner, pid = 15716 , mCurrentForceGroundPid = 7055 mAppName: com.bbk.calendar mWaitToRestore=false
10-25 16:27:41.680   892  1282 D ConnectivityService: getActiveNetworkInfo networkInfo = [type: WIFI[], state: CONNECTED/CONNECTED, reason: (unspecified), extra: "Dapl server1", roaming: false, failover: false, isAvailable: true]
10-25 16:27:41.681   892  1700 I NetworkIdentity: buildNetworkIdentity:
10-25 16:27:41.682   892  1700 I NetworkIdentity: networkId = Dapl server1
10-25 16:27:41.745   892   908 D AlarmManager:  alarm = Alarm{35379e2 type 2 when 7507863 com.google.android.gms} add to Batch{a3b2c37 num=1 start=7475787 end=10175787}
10-25 16:27:41.745   892   908 D AlarmManager:  alarm = Alarm{20b2e90 type 2 when 8042403 com.google.android.gms} add to Batch{c34c5a4 num=1 start=7231709 end=8581709 flgs=0x8}
10-25 16:27:41.746   892   908 D AlarmManager:  alarm = Alarm{b1c9bfc type 2 when 11290141 android} add to Batch{7884f0d num=1 start=10835149 end=13535149}
10-25 16:27:41.748   892   908 D AlarmManager:  alarm = Alarm{35379e2 type 2 when 7507863 com.google.android.gms} add to Batch{e2dcec2 num=1 start=7475787 end=10175787}
10-25 16:27:41.748   892   908 D AlarmManager:  alarm = Alarm{20b2e90 type 2 when 8042403 com.google.android.gms} add to Batch{a8c54d3 num=1 start=7231709 end=8581709 flgs=0x8}
10-25 16:27:41.748   892   908 D AlarmManager:  alarm = Alarm{b1c9bfc type 2 when 11290141 android} add to Batch{dca9810 num=1 start=10328222 end=18428222}
10-25 16:27:41.847   892  1994 D AlarmManager:  alarm = Alarm{35379e2 type 2 when 7507863 com.google.android.gms} add to Batch{5f7cf09 num=1 start=7475787 end=10175787}
10-25 16:27:41.847   892  1994 D AlarmManager:  alarm = Alarm{20b2e90 type 2 when 8042403 com.google.android.gms} add to Batch{58e150e num=1 start=7231709 end=8581709 flgs=0x8}
10-25 16:27:41.847   892  1994 D AlarmManager:  alarm = Alarm{b1c9bfc type 2 when 11290141 android} add to Batch{ebd6b2f num=1 start=10835150 end=13535150}
10-25 16:27:41.849   892  1994 D AlarmManager:  alarm = Alarm{35379e2 type 2 when 7507863 com.google.android.gms} add to Batch{2a9253c num=1 start=7475786 end=10175786}
10-25 16:27:41.849   892  1994 D AlarmManager:  alarm = Alarm{20b2e90 type 2 when 8042403 com.google.android.gms} add to Batch{3c552c5 num=1 start=7231709 end=8581709 flgs=0x8}
10-25 16:27:41.849   892  1994 D AlarmManager:  alarm = Alarm{b1c9bfc type 2 when 11290141 android} add to Batch{39a741a num=1 start=10328222 end=18428222}
10-25 16:27:41.851   892  2022 D AlarmManager:  alarm = Alarm{35379e2 type 2 when 7507863 com.google.android.gms} add to Batch{e3f8b4b num=1 start=7475787 end=10175787}
10-25 16:27:41.851   892  2022 D AlarmManager:  alarm = Alarm{20b2e90 type 2 when 8042403 com.google.android.gms} add to Batch{4815928 num=1 start=7231709 end=8581709 flgs=0x8}
10-25 16:27:41.852   892  2022 D AlarmManager:  alarm = Alarm{b1c9bfc type 2 when 11290141 android} add to Batch{12d5641 num=1 start=10835150 end=13535150}
10-25 16:27:41.853   892  2022 D AlarmManager:  alarm = Alarm{35379e2 type 2 when 7507863 com.google.android.gms} add to Batch{7dbb7e6 num=1 start=7475787 end=10175787}
10-25 16:27:41.853   892  2022 D AlarmManager:  alarm = Alarm{20b2e90 type 2 when 8042403 com.google.android.gms} add to Batch{c799127 num=1 start=7231709 end=8581709 flgs=0x8}
10-25 16:27:41.853   892  2022 D AlarmManager:  alarm = Alarm{b1c9bfc type 2 when 11290141 android} add to Batch{526dfd4 num=1 start=10328222 end=18428222}
10-25 16:27:41.855   892  1993 D AlarmManager:  alarm = Alarm{35379e2 type 2 when 7507863 com.google.android.gms} add to Batch{bb8157d num=1 start=7475787 end=10175787}
10-25 16:27:41.856   892  1993 D AlarmManager:  alarm = Alarm{20b2e90 type 2 when 8042403 com.google.android.gms} add to Batch{f9b6c72 num=1 start=7231709 end=8581709 flgs=0x8}
10-25 16:27:41.856   892  1993 D AlarmManager:  alarm = Alarm{b1c9bfc type 2 when 11290141 android} add to Batch{26418c3 num=1 start=10835149 end=13535149}
10-25 16:27:41.857   892  1993 D AlarmManager:  alarm = Alarm{35379e2 type 2 when 7507863 com.google.android.gms} add to Batch{dfc2540 num=1 start=7475787 end=10175787}
10-25 16:27:41.857   892  1993 D AlarmManager:  alarm = Alarm{20b2e90 type 2 when 8042403 com.google.android.gms} add to Batch{7358c79 num=1 start=7231709 end=8581709 flgs=0x8}
10-25 16:27:41.857   892  1993 D AlarmManager:  alarm = Alarm{b1c9bfc type 2 when 11290141 android} add to Batch{12fddbe num=1 start=10328222 end=18428222}
10-25 16:27:41.865   892  2006 D AlarmManager:  alarm = Alarm{35379e2 type 2 when 7507863 com.google.android.gms} add to Batch{a797735 num=1 start=7475786 end=10175786}
10-25 16:27:41.865   892  2006 D AlarmManager:  alarm = Alarm{20b2e90 type 2 when 8042403 com.google.android.gms} add to Batch{817ca num=1 start=7231709 end=8581709 flgs=0x8}
10-25 16:27:41.865   892  2006 D AlarmManager:  alarm = Alarm{b1c9bfc type 2 when 11290141 android} add to Batch{aeddd3b num=1 start=10835150 end=13535150}
10-25 16:27:42.250  2389  2389 D ActivityThread: SVC-UNBIND_SERVICE handled : 0 / BindServiceData{token=android.os.BinderProxy@4199355 intent=Intent { act=com.google.android.gms.auth.DATA_PROXY pkg=com.google.android.gms }}
10-25 16:27:42.250  2389  2389 D ActivityThread: SVC-Destroying service: com.google.android.gms.auth.account.be.legacy.GoogleAccountDataService@285d16a
10-25 16:27:42.250  2389  2389 D ActivityThread: SVC-STOP_SERVICE handled : 0 / android.os.BinderProxy@4199355
10-25 16:27:42.912  2389  2389 D ActivityThread: SVC-UNBIND_SERVICE handled : 0 / BindServiceData{token=android.os.BinderProxy@40b6474 intent=Intent { cmp=com.google.android.gms/.auth.GetToken }}
10-25 16:27:42.913  2389  2389 D ActivityThread: SVC-Destroying service: com.google.android.gms.auth.GetToken@d7b5de3
10-25 16:27:42.913  2389  2389 D ActivityThread: SVC-STOP_SERVICE handled : 0 / android.os.BinderProxy@40b6474
10-25 16:27:43.227   892  1426 V BatteryService: VNOILBS mScreenOn=false level=77 mCriticalBatteryLevel=3 mNotificationLowBatteryStates=false OS_VERSION=true mNotificationChargeStates=true status=2
10-25 16:27:43.227   892  1426 V BatteryService: VNOILBS set solid green
10-25 16:27:43.230   892  2027 V BatteryService: VNOILBS mScreenOn=false level=77 mCriticalBatteryLevel=3 mNotificationLowBatteryStates=false OS_VERSION=true mNotificationChargeStates=true status=2
10-25 16:27:43.230   892  2027 V BatteryService: VNOILBS set solid green
10-25 16:27:43.240   892  1993 V BatteryService: VNOILBS mScreenOn=false level=77 mCriticalBatteryLevel=3 mNotificationLowBatteryStates=false OS_VERSION=true mNotificationChargeStates=true status=2
10-25 16:27:43.240   892  1993 V BatteryService: VNOILBS set solid green
10-25 16:27:43.247   892  1701 V BatteryService: VNOILBS mScreenOn=false level=77 mCriticalBatteryLevel=3 mNotificationLowBatteryStates=false OS_VERSION=true mNotificationChargeStates=true status=2
10-25 16:27:43.247   892  1701 V BatteryService: VNOILBS set solid green
10-25 16:27:43.248   892   892 V ActivityManager: Broadcast sticky: Intent { act=android.intent.action.BATTERY_CHANGED flg=0x60000010 (has extras) } ordered=false userid=-1 callerApp=null
10-25 16:27:43.255   892   892 D WifiService: onReceive, action:android.intent.action.BATTERY_CHANGED
10-25 16:27:43.272   892  2022 V ActivityManager: Broadcast: Intent { act=com.vivo.dismiss.lowpower flg=0x10 } ordered=false userid=0 callerApp=ProcessRecord{46312ec 1245:com.android.systemui/u0a22}
10-25 16:27:43.836   892  1142 D DataShapingService: Alarm manager openLteDataUpLinkGate: false
10-25 16:27:43.836   892  1142 V AlarmManager: openLteGateSuccess = false
10-25 16:27:43.836   892  1142 I ActivityManager: [Background Service Priority Adjustment] Set callerFg as false for service.getFlags():260
10-25 16:27:43.839   892   892 D AlarmManager: onSendFinished begin
10-25 16:27:43.842  4491  4491 D ActivityThread: SVC-Creating service: CreateServiceData{token=android.os.BinderProxy@89c576 className=com.google.android.gms.chimera.GmsIntentOperationService packageName=com.google.android.gms intent=null}
10-25 16:27:43.844  4491  4491 D ActivityThread: SVC-CREATE_SERVICE handled : 0 / CreateServiceData{token=android.os.BinderProxy@89c576 className=com.google.android.gms.chimera.GmsIntentOperationService packageName=com.google.android.gms intent=null}
10-25 16:27:43.844  4491  4491 D ActivityThread: SVC-Calling onStartCommand: com.google.android.gms.chimera.GmsIntentOperationService@4173777, flags=0, startId=1
10-25 16:27:43.845  4491  4491 D ActivityThread: SVC-SERVICE_ARGS handled : 0 / ServiceArgsData{token=android.os.BinderProxy@89c576 startId=1 args=Intent { act=com.google.android.gms.common.operation.LOG_CORE_ANALYTICS cat=[targeted_intent_op_prefix:.common.analytics.CoreAnalyticsIntentOperation] flg=0x104 pkg=com.google.android.gms cmp=com.google.android.gms/.chimera.GmsIntentOperationService (has extras) }}
10-25 16:27:43.852   892  2025 D ActivityManager: getContentProviderImpl: from caller=android.app.ApplicationThreadProxy@5702d0f (pid=4491, userId=0) to get content provider com.google.android.gsf.gservices cpr=ContentProviderRecord{e731f05 u0 com.google.android.gsf/.gservices.GservicesProvider}
10-25 16:27:43.852   892  2025 D ActivityManager: getContentProviderImpl: updateLruProcessLocked cpr.proc=ProcessRecord{fa655ae 2431:com.google.process.gapps/u0a10}
10-25 16:27:43.861   892  2026 W PackageManager: checkUidPermission(): android.permission.INTERACT_ACROSS_USERS_FULL of 10139 is denied.
10-25 16:27:43.865  4491 16494 D ActivityThread: holder:android.app.IActivityManager$ContentProviderHolder@d44c302, holder.provider:android.content.ContentProviderProxy@f3dd413
10-25 16:27:43.883   892  2006 W PackageManager: checkUidPermission(): android.permission.INTERACT_ACROSS_USERS_FULL of 10139 is denied.
10-25 16:27:43.885   892   909 D ActivityManager: getContentProviderImpl: from caller=android.app.ApplicationThreadProxy@be077a (pid=2389, userId=0) to get content provider com.google.android.gsf.gservices cpr=ContentProviderRecord{e731f05 u0 com.google.android.gsf/.gservices.GservicesProvider}
10-25 16:27:43.885   892   909 D ActivityManager: getContentProviderImpl: updateLruProcessLocked cpr.proc=ProcessRecord{fa655ae 2431:com.google.process.gapps/u0a10}
10-25 16:27:43.892  2389  2528 D ActivityThread: holder:android.app.IActivityManager$ContentProviderHolder@a9a2cd4, holder.provider:android.content.ContentProviderProxy@d45de7d
10-25 16:27:43.897   892  1282 W PackageManager: checkUidPermission(): android.permission.INTERACT_ACROSS_USERS_FULL of 10139 is denied.
