10-25 16:27:43.909   892  1701 W PackageManager: checkUidPermission(): android.permission.INTERACT_ACROSS_USERS_FULL of 10139 is denied.
10-25 16:27:43.912   892  1283 D ActivityManager: getContentProviderImpl: from caller=android.app.ApplicationThreadProxy@98c8b2b (pid=2389, userId=0) to get content provider com.google.android.gsf.gservices cpr=ContentProviderRecord{e731f05 u0 com.google.android.gsf/.gservices.GservicesProvider}
10-25 16:27:43.912   892  1283 D ActivityManager: getContentProviderImpl: updateLruProcessLocked cpr.proc=ProcessRecord{fa655ae 2431:com.google.process.gapps/u0a10}
10-25 16:27:43.922  2389  2528 D ActivityThread: holder:android.app.IActivityManager$ContentProviderHolder@2380172, holder.provider:android.content.ContentProviderProxy@27589c3
10-25 16:27:43.929   892   921 W PackageManager: checkUidPermission(): android.permission.INTERACT_ACROSS_USERS_FULL of 10139 is denied.
10-25 16:27:43.939   892  1700 D ActivityManager: getContentProviderImpl: from caller=android.app.ApplicationThreadProxy@1808b88 (pid=2389, userId=0) to get content provider com.google.android.gsf.gservices cpr=ContentProviderRecord{e731f05 u0 com.google.android.gsf/.gservices.GservicesProvider}
10-25 16:27:43.939   892  1700 D ActivityManager: getContentProviderImpl: updateLruProcessLocked cpr.proc=ProcessRecord{fa655ae 2431:com.google.process.gapps/u0a10}
10-25 16:27:43.948  2389  2528 D ActivityThread: holder:android.app.IActivityManager$ContentProviderHolder@bd74240, holder.provider:android.content.ContentProviderProxy@e56e579
10-25 16:27:43.949   892  1993 W PackageManager: checkUidPermission(): android.permission.INTERACT_ACROSS_USERS_FULL of 10139 is denied.
10-25 16:27:43.984   892   908 D ActivityManager: getContentProviderImpl: from caller=android.app.ApplicationThreadProxy@16f0921 (pid=2389, userId=0) to get content provider com.google.android.gsf.gservices cpr=ContentProviderRecord{e731f05 u0 com.google.android.gsf/.gservices.GservicesProvider}
10-25 16:27:43.984   892   908 D ActivityManager: getContentProviderImpl: updateLruProcessLocked cpr.proc=ProcessRecord{fa655ae 2431:com.google.process.gapps/u0a10}
10-25 16:27:43.989  2389  2528 D ActivityThread: holder:android.app.IActivityManager$ContentProviderHolder@980c2be, holder.provider:android.content.ContentProviderProxy@41cff1f
10-25 16:27:43.993   892  1993 W PackageManager: checkUidPermission(): android.permission.INTERACT_ACROSS_USERS_FULL of 10139 is denied.
10-25 16:27:44.001   892   921 W PackageManager: checkUidPermission(): android.permission.INTERACT_ACROSS_USERS_FULL of 10139 is denied.
10-25 16:27:44.009   892  1426 D ActivityManager: getContentProviderImpl: from caller=android.app.ApplicationThreadProxy@1952146 (pid=2389, userId=0) to get content provider com.google.android.gsf.gservices cpr=ContentProviderRecord{e731f05 u0 com.google.android.gsf/.gservices.GservicesProvider}
10-25 16:27:44.009   892  1426 D ActivityManager: getContentProviderImpl: updateLruProcessLocked cpr.proc=ProcessRecord{fa655ae 2431:com.google.process.gapps/u0a10}
10-25 16:27:44.014   892  1993 W PackageManager: checkUidPermission(): android.permission.INTERACT_ACROSS_USERS_FULL of 10139 is denied.
10-25 16:27:44.015  2389  2528 D ActivityThread: holder:android.app.IActivityManager$ContentProviderHolder@70e426c, holder.provider:android.content.ContentProviderProxy@4d76035
10-25 16:27:44.030   892   908 D ActivityManager: getContentProviderImpl: from caller=android.app.ApplicationThreadProxy@ec6af07 (pid=2389, userId=0) to get content provider com.google.android.gsf.gservices cpr=ContentProviderRecord{e731f05 u0 com.google.android.gsf/.gservices.GservicesProvider}
10-25 16:27:44.030   892   908 D ActivityManager: getContentProviderImpl: updateLruProcessLocked cpr.proc=ProcessRecord{fa655ae 2431:com.google.process.gapps/u0a10}
10-25 16:27:44.031   892  2027 W PackageManager: checkUidPermission(): android.permission.INTERACT_ACROSS_USERS_FULL of 10139 is denied.
10-25 16:27:44.039  2389  2401 D ActivityThread: holder:android.app.IActivityManager$ContentProviderHolder@d024cca, holder.provider:android.content.ContentProviderProxy@b9c6e3b
10-25 16:27:44.042   892   909 W PackageManager: checkUidPermission(): android.permission.INTERACT_ACROSS_USERS_FULL of 10139 is denied.
10-25 16:27:44.055   892  1700 D ActivityManager: getContentProviderImpl: from caller=android.app.ApplicationThreadProxy@a56d834 (pid=2389, userId=0) to get content provider com.google.android.gsf.gservices cpr=ContentProviderRecord{e731f05 u0 com.google.android.gsf/.gservices.GservicesProvider}
10-25 16:27:44.055   892  1700 D ActivityManager: getContentProviderImpl: updateLruProcessLocked cpr.proc=ProcessRecord{fa655ae 2431:com.google.process.gapps/u0a10}
10-25 16:27:44.059   892  1426 W PackageManager: checkUidPermission(): android.permission.INTERACT_ACROSS_USERS_FULL of 10139 is denied.
10-25 16:27:44.061  2389  2703 D ActivityThread: holder:android.app.IActivityManager$ContentProviderHolder@5d9b317, holder.provider:android.content.ContentProviderProxy@d0c7304
10-25 16:27:44.064   892  1701 W PackageManager: checkUidPermission(): android.permission.INTERACT_ACROSS_USERS_FULL of 10139 is denied.
10-25 16:27:44.071   892  1993 D ActivityManager: getContentProviderImpl: from caller=android.app.ApplicationThreadProxy@912165d (pid=2389, userId=0) to get content provider com.google.android.gsf.gservices cpr=ContentProviderRecord{e731f05 u0 com.google.android.gsf/.gservices.GservicesProvider}
10-25 16:27:44.071   892  1993 D ActivityManager: getContentProviderImpl: updateLruProcessLocked cpr.proc=ProcessRecord{fa655ae 2431:com.google.process.gapps/u0a10}
10-25 16:27:44.076   892  1700 W PackageManager: checkUidPermission(): android.permission.INTERACT_ACROSS_USERS_FULL of 10139 is denied.
10-25 16:27:44.076  2389  2703 D ActivityThread: holder:android.app.IActivityManager$ContentProviderHolder@27060ed, holder.provider:android.content.ContentProviderProxy@bafab22
10-25 16:27:44.083   892  1283 D ActivityManager: getContentProviderImpl: from caller=android.app.ApplicationThreadProxy@8720bd2 (pid=2389, userId=0) to get content provider com.google.android.gsf.gservices cpr=ContentProviderRecord{e731f05 u0 com.google.android.gsf/.gservices.GservicesProvider}
10-25 16:27:44.083   892  1283 D ActivityManager: getContentProviderImpl: updateLruProcessLocked cpr.proc=ProcessRecord{fa655ae 2431:com.google.process.gapps/u0a10}
10-25 16:27:44.087  2389  2703 D ActivityThread: holder:android.app.IActivityManager$ContentProviderHolder@e3c69b3, holder.provider:android.content.ContentProviderProxy@b5fbb70
10-25 16:27:44.087   892   909 W PackageManager: checkUidPermission(): android.permission.INTERACT_ACROSS_USERS_FULL of 10139 is denied.
10-25 16:27:44.095   892  1700 D ActivityManager: getContentProviderImpl: from caller=android.app.ApplicationThreadProxy@e9534a3 (pid=2389, userId=0) to get content provider com.google.android.gsf.gservices cpr=ContentProviderRecord{e731f05 u0 com.google.android.gsf/.gservices.GservicesProvider}
10-25 16:27:44.095   892  1700 D ActivityManager: getContentProviderImpl: updateLruProcessLocked cpr.proc=ProcessRecord{fa655ae 2431:com.google.process.gapps/u0a10}
10-25 16:27:44.096   892   908 W PackageManager: checkUidPermission(): android.permission.INTERACT_ACROSS_USERS_FULL of 10139 is denied.
10-25 16:27:44.099  2389  2703 D ActivityThread: holder:android.app.IActivityManager$ContentProviderHolder@b7f1ee9, holder.provider:android.content.ContentProviderProxy@1c1576e
10-25 16:27:44.103   892  2018 W PackageManager: checkUidPermission(): android.permission.INTERACT_ACROSS_USERS_FULL of 10139 is denied.
10-25 16:27:44.109   892   909 D ActivityManager: getContentProviderImpl: from caller=android.app.ApplicationThreadProxy@4a343a0 (pid=2389, userId=0) to get content provider com.google.android.gsf.gservices cpr=ContentProviderRecord{e731f05 u0 com.google.android.gsf/.gservices.GservicesProvider}
10-25 16:27:44.109   892   909 D ActivityManager: getContentProviderImpl: updateLruProcessLocked cpr.proc=ProcessRecord{fa655ae 2431:com.google.process.gapps/u0a10}
10-25 16:27:44.113  2389  2703 D ActivityThread: holder:android.app.IActivityManager$ContentProviderHolder@509ee0f, holder.provider:android.content.ContentProviderProxy@a5d1e9c
10-25 16:27:44.114   892  2026 W PackageManager: checkUidPermission(): android.permission.INTERACT_ACROSS_USERS_FULL of 10139 is denied.
10-25 16:27:44.122   892   908 D ActivityManager: getContentProviderImpl: from caller=android.app.ApplicationThreadProxy@5debb59 (pid=2389, userId=0) to get content provider com.google.android.gsf.gservices cpr=ContentProviderRecord{e731f05 u0 com.google.android.gsf/.gservices.GservicesProvider}
10-25 16:27:44.122   892   908 D ActivityManager: getContentProviderImpl: updateLruProcessLocked cpr.proc=ProcessRecord{fa655ae 2431:com.google.process.gapps/u0a10}
10-25 16:27:44.126  2389  2703 D ActivityThread: holder:android.app.IActivityManager$ContentProviderHolder@1a1c0a5, holder.provider:android.content.ContentProviderProxy@f2f7c7a
10-25 16:27:44.127   892  1283 W PackageManager: checkUidPermission(): android.permission.INTERACT_ACROSS_USERS_FULL of 10139 is denied.
10-25 16:27:44.140   892  1700 W PackageManager: checkUidPermission(): android.permission.INTERACT_ACROSS_USERS_FULL of 10139 is denied.
10-25 16:27:44.172  2389  2389 D ActivityThread: SVC-Creating service: CreateServiceData{token=android.os.BinderProxy@174a534 className=com.google.android.gms.auth.GetToken packageName=com.google.android.gms intent=null}
10-25 16:27:44.180  2389  2389 D ActivityThread: SVC-CREATE_SERVICE handled : 0 / CreateServiceData{token=android.os.BinderProxy@174a534 className=com.google.android.gms.auth.GetToken packageName=com.google.android.gms intent=null}
10-25 16:27:44.180  2389  2389 V ActivityThread: handleBindService s=com.google.android.gms.auth.GetToken@3385f5d rebind=false
10-25 16:27:44.183  2389  2389 D ActivityThread: SVC-BIND_SERVICE handled : 0 / BindServiceData{token=android.os.BinderProxy@174a534 intent=Intent { cmp=com.google.android.gms/.auth.GetToken }}
10-25 16:27:44.197  2389  2389 D ActivityThread: SVC-Creating service: CreateServiceData{token=android.os.BinderProxy@450e0a0 className=com.google.android.gms.auth.account.be.legacy.GoogleAccountDataService packageName=com.google.android.gms intent=null}
10-25 16:27:44.198  2389  2389 D ActivityThread: SVC-CREATE_SERVICE handled : 0 / CreateServiceData{token=android.os.BinderProxy@450e0a0 className=com.google.android.gms.auth.account.be.legacy.GoogleAccountDataService packageName=com.google.android.gms intent=null}
10-25 16:27:44.198  2389  2389 V ActivityThread: handleBindService s=com.google.android.gms.auth.account.be.legacy.GoogleAccountDataService@6a09459 rebind=false
10-25 16:27:44.201  2389  2389 D ActivityThread: SVC-BIND_SERVICE handled : 0 / BindServiceData{token=android.os.BinderProxy@450e0a0 intent=Intent { act=com.google.android.gms.auth.DATA_PROXY pkg=com.google.android.gms }}
10-25 16:27:44.223   892  2025 D ActivityManager: getContentProviderImpl: from caller=android.app.ApplicationThreadProxy@48e67f6 (pid=2389, userId=0) to get content provider com.google.android.gsf.gservices cpr=ContentProviderRecord{e731f05 u0 com.google.android.gsf/.gservices.GservicesProvider}
10-25 16:27:44.223   892  2025 D ActivityManager: getContentProviderImpl: updateLruProcessLocked cpr.proc=ProcessRecord{fa655ae 2431:com.google.process.gapps/u0a10}
10-25 16:27:44.228  2389  2402 D ActivityThread: holder:android.app.IActivityManager$ContentProviderHolder@74878ff, holder.provider:android.content.ContentProviderProxy@2f366cc
10-25 16:27:44.231   892  2027 W PackageManager: checkUidPermission(): android.permission.INTERACT_ACROSS_USERS_FULL of 10139 is denied.
10-25 16:27:44.238   892  1993 D ActivityManager: getContentProviderImpl: from caller=android.app.ApplicationThreadProxy@29367f7 (pid=2389, userId=0) to get content provider com.google.android.gsf.gservices cpr=ContentProviderRecord{e731f05 u0 com.google.android.gsf/.gservices.GservicesProvider}
10-25 16:27:44.239   892  1993 D ActivityManager: getContentProviderImpl: updateLruProcessLocked cpr.proc=ProcessRecord{fa655ae 2431:com.google.process.gapps/u0a10}
10-25 16:27:44.245   892  1282 W PackageManager: checkUidPermission(): android.permission.INTERACT_ACROSS_USERS_FULL of 10139 is denied.
10-25 16:27:44.247  2389  2402 D ActivityThread: holder:android.app.IActivityManager$ContentProviderHolder@8bd1d15, holder.provider:android.content.ContentProviderProxy@a9ff82a
10-25 16:27:44.249   892  1994 W PackageManager: checkUidPermission(): android.permission.INTERACT_ACROSS_USERS_FULL of 10139 is denied.
10-25 16:27:44.256   892   909 D ActivityManager: getContentProviderImpl: from caller=android.app.ApplicationThreadProxy@27ab664 (pid=2389, userId=0) to get content provider com.google.android.gsf.gservices cpr=ContentProviderRecord{e731f05 u0 com.google.android.gsf/.gservices.GservicesProvider}
10-25 16:27:44.256   892   909 D ActivityManager: getContentProviderImpl: updateLruProcessLocked cpr.proc=ProcessRecord{fa655ae 2431:com.google.process.gapps/u0a10}
10-25 16:27:44.259   892  1283 W PackageManager: checkUidPermission(): android.permission.INTERACT_ACROSS_USERS_FULL of 10139 is denied.
10-25 16:27:44.263  2389  2402 D ActivityThread: holder:android.app.IActivityManager$ContentProviderHolder@e35a61b, holder.provider:android.content.ContentProviderProxy@95623b8
10-25 16:27:44.267   892  1994 W PackageManager: checkUidPermission(): android.permission.INTERACT_ACROSS_USERS_FULL of 10139 is denied.
10-25 16:27:44.273   892  1282 D ActivityManager: getContentProviderImpl: from caller=android.app.ApplicationThreadProxy@72a50cd (pid=2389, userId=0) to get content provider com.google.android.gsf.gservices cpr=ContentProviderRecord{e731f05 u0 com.google.android.gsf/.gservices.GservicesProvider}
10-25 16:27:44.273   892  1282 D ActivityManager: getContentProviderImpl: updateLruProcessLocked cpr.proc=ProcessRecord{fa655ae 2431:com.google.process.gapps/u0a10}
10-25 16:27:44.277  2389  2402 D ActivityThread: holder:android.app.IActivityManager$ContentProviderHolder@df7591, holder.provider:android.content.ContentProviderProxy@41d6cf6
10-25 16:27:44.283   892  1283 W PackageManager: checkUidPermission(): android.permission.INTERACT_ACROSS_USERS_FULL of 10139 is denied.
10-25 16:27:44.288   892  2025 D ActivityManager: getContentProviderImpl: from caller=android.app.ApplicationThreadProxy@d310d82 (pid=2389, userId=0) to get content provider com.google.android.gsf.gservices cpr=ContentProviderRecord{e731f05 u0 com.google.android.gsf/.gservices.GservicesProvider}
10-25 16:27:44.288   892  2025 D ActivityManager: getContentProviderImpl: updateLruProcessLocked cpr.proc=ProcessRecord{fa655ae 2431:com.google.process.gapps/u0a10}
10-25 16:27:44.294   892  2018 W PackageManager: checkUidPermission(): android.permission.INTERACT_ACROSS_USERS_FULL of 10139 is denied.
10-25 16:27:44.298  2389  2402 D ActivityThread: holder:android.app.IActivityManager$ContentProviderHolder@3fe88f7, holder.provider:android.content.ContentProviderProxy@725c364
10-25 16:27:44.305   892  2026 D ActivityManager: getContentProviderImpl: from caller=android.app.ApplicationThreadProxy@48c8c93 (pid=2389, userId=0) to get content provider com.google.android.gsf.gservices cpr=ContentProviderRecord{e731f05 u0 com.google.android.gsf/.gservices.GservicesProvider}
10-25 16:27:44.305   892  2026 D ActivityManager: getContentProviderImpl: updateLruProcessLocked cpr.proc=ProcessRecord{fa655ae 2431:com.google.process.gapps/u0a10}
10-25 16:27:44.311  2389  2402 D ActivityThread: holder:android.app.IActivityManager$ContentProviderHolder@ff4d9cd, holder.provider:android.content.ContentProviderProxy@72b6282
10-25 16:27:44.312   892  2022 W PackageManager: checkUidPermission(): android.permission.INTERACT_ACROSS_USERS_FULL of 10139 is denied.
10-25 16:27:44.320   892  1426 D ActivityManager: getContentProviderImpl: from caller=android.app.ApplicationThreadProxy@f5ed4d0 (pid=2389, userId=0) to get content provider com.google.android.gsf.gservices cpr=ContentProviderRecord{e731f05 u0 com.google.android.gsf/.gservices.GservicesProvider}
10-25 16:27:44.320   892  1426 D ActivityManager: getContentProviderImpl: updateLruProcessLocked cpr.proc=ProcessRecord{fa655ae 2431:com.google.process.gapps/u0a10}
10-25 16:27:44.325  2389  2402 D ActivityThread: holder:android.app.IActivityManager$ContentProviderHolder@808bd93, holder.provider:android.content.ContentProviderProxy@82db1d0
10-25 16:27:44.331   892  2026 W PackageManager: checkUidPermission(): android.permission.INTERACT_ACROSS_USERS_FULL of 10139 is denied.
10-25 16:27:44.340   892   909 W PackageManager: checkUidPermission(): android.permission.INTERACT_ACROSS_USERS_FULL of 10139 is denied.
10-25 16:27:44.348  2389  2389 D ActivityThread: SVC-Creating service: CreateServiceData{token=android.os.BinderProxy@779fef className=com.google.android.gms.gcm.http.GoogleHttpService packageName=com.google.android.gms intent=null}
10-25 16:27:44.349  2389  2389 D ActivityThread: SVC-CREATE_SERVICE handled : 0 / CreateServiceData{token=android.os.BinderProxy@779fef className=com.google.android.gms.gcm.http.GoogleHttpService packageName=com.google.android.gms intent=null}
10-25 16:27:44.349  2389  2389 V ActivityThread: handleBindService s=com.google.android.gms.gcm.http.GoogleHttpService@7841afc rebind=false
10-25 16:27:44.351  2389  2389 D ActivityThread: SVC-BIND_SERVICE handled : 0 / BindServiceData{token=android.os.BinderProxy@779fef intent=Intent { cmp=com.google.android.gms/.gcm.http.GoogleHttpService }}
10-25 16:27:44.352   892  2026 D ActivityManager: getContentProviderImpl: from caller=android.app.ApplicationThreadProxy@4246dfc (pid=2389, userId=0) to get content provider com.google.android.gsf.gservices cpr=ContentProviderRecord{e731f05 u0 com.google.android.gsf/.gservices.GservicesProvider}
10-25 16:27:44.352   892  2026 D ActivityManager: getContentProviderImpl: updateLruProcessLocked cpr.proc=ProcessRecord{fa655ae 2431:com.google.process.gapps/u0a10}
10-25 16:27:44.356  2389  2402 D ActivityThread: holder:android.app.IActivityManager$ContentProviderHolder@e607585, holder.provider:android.content.ContentProviderProxy@cbebfda
10-25 16:27:44.358   892  1282 W PackageManager: checkUidPermission(): android.permission.INTERACT_ACROSS_USERS_FULL of 10139 is denied.
10-25 16:27:44.372   892   908 W PackageManager: checkUidPermission(): android.permission.INTERACT_ACROSS_USERS_FULL of 10139 is denied.
10-25 16:27:44.375   892   921 D ActivityManager: getContentProviderImpl: from caller=android.app.ApplicationThreadProxy@9edcc85 (pid=2389, userId=0) to get content provider com.google.android.gsf.gservices cpr=ContentProviderRecord{e731f05 u0 com.google.android.gsf/.gservices.GservicesProvider}
10-25 16:27:44.375   892   921 D ActivityManager: getContentProviderImpl: updateLruProcessLocked cpr.proc=ProcessRecord{fa655ae 2431:com.google.process.gapps/u0a10}
10-25 16:27:44.380  2389  2402 D ActivityThread: holder:android.app.IActivityManager$ContentProviderHolder@8484c0b, holder.provider:android.content.ContentProviderProxy@975eae8
10-25 16:27:44.381   892  1994 W PackageManager: checkUidPermission(): android.permission.INTERACT_ACROSS_USERS_FULL of 10139 is denied.
10-25 16:27:44.387   378  1124 D FrameworkListener: dispatchCommand data = (getaddrinfo android.googleapis.com ^ 1024 0 1 0 0)
10-25 16:27:44.396   892  1701 W PackageManager: checkUidPermission(): android.permission.INTERACT_ACROSS_USERS_FULL of 10139 is denied.
10-25 16:27:44.739   378 16495 D SocketClient: SocketClient sendData done: 222
10-25 16:27:44.740   378 16495 D SocketClient: SocketClient sendData done: 
10-25 16:27:44.740   378 16495 D SocketClient: SocketClient sendData done: 
10-25 16:27:44.740   378 16495 D SocketClient: SocketClient sendData done: 
10-25 16:27:44.740   378 16495 D SocketClient: SocketClient sendData done: 
10-25 16:27:44.740   378 16495 D SocketClient: SocketClient sendData done: 
10-25 16:27:44.740   378 16495 D SocketClient: SocketClient sendData done: 
10-25 16:27:44.740   378 16495 D SocketClient: SocketClient sendData done: 
10-25 16:27:44.740   378 16495 D SocketClient: SocketClient sendData done: 
10-25 16:27:44.740   378 16495 D SocketClient: SocketClient sendData done: 
10-25 16:27:44.748   378  1127 D SocketClient: SocketClient sendData done: 
10-25 16:27:44.928   892   892 V ActivityManager: Broadcast: Intent { act=android.intent.action.DROPBOX_ENTRY_ADDED flg=0x10 (has extras) } ordered=false userid=0 callerApp=ProcessRecord{a11efa8 892:system/1000}
10-25 16:27:44.950  4491  4491 D ActivityThread: BDC-Calling onReceive: intent=Intent { act=android.intent.action.DROPBOX_ENTRY_ADDED flg=0x10 cmp=com.google.android.gms/.stats.service.DropBoxEntryAddedReceiver (has extras) }, receiver=com.google.android.gms.stats.service.DropBoxEntryAddedReceiver@be8cc75
10-25 16:27:44.962  4491  4491 D ActivityThread: BDC-RECEIVER handled : 0 / ReceiverData{intent=Intent { act=android.intent.action.DROPBOX_ENTRY_ADDED flg=0x10 cmp=com.google.android.gms/.stats.service.DropBoxEntryAddedReceiver (has extras) } packageName=com.google.android.gms resultCode=-1 resultData=null resultExtras=null}
10-25 16:27:44.963  4491  4491 D ActivityThread: SVC-Creating service: CreateServiceData{token=android.os.BinderProxy@7e8e40a className=com.google.android.gms.stats.service.DropBoxEntryAddedService packageName=com.google.android.gms intent=null}
10-25 16:27:44.965  2389  2389 D ActivityThread: BDC-Calling onReceive: intent=Intent { act=android.intent.action.DROPBOX_ENTRY_ADDED flg=0x10 cmp=com.google.android.gms/.chimera.GmsIntentOperationService$PersistentTrustedReceiver (has extras) }, receiver=com.google.android.gms.chimera.GmsIntentOperationService$PersistentTrustedReceiver@832cd94
10-25 16:27:44.965  4491  4491 D ActivityThread: SVC-CREATE_SERVICE handled : 0 / CreateServiceData{token=android.os.BinderProxy@7e8e40a className=com.google.android.gms.stats.service.DropBoxEntryAddedService packageName=com.google.android.gms intent=null}
10-25 16:27:44.966  4491  4491 D ActivityThread: SVC-Calling onStartCommand: com.google.android.gms.stats.service.DropBoxEntryAddedService@d60547b, flags=0, startId=1
10-25 16:27:44.967  4491  4491 D ActivityThread: SVC-SERVICE_ARGS handled : 0 / ServiceArgsData{token=android.os.BinderProxy@7e8e40a startId=1 args=Intent { act=com.google.android.gms.stats.ACTION_UPLOAD_DROPBOX_ENTRIES pkg=com.google.android.gms }}
10-25 16:27:44.969   892  2026 D ActivityManager: getContentProviderImpl: from caller=android.app.ApplicationThreadProxy@996fb0b (pid=4491, userId=0) to get content provider com.google.android.gsf.gservices cpr=ContentProviderRecord{e731f05 u0 com.google.android.gsf/.gservices.GservicesProvider}
10-25 16:27:44.969  4491  4491 D ActivityThread: SVC-Calling onStartCommand: com.google.android.gms.chimera.GmsIntentOperationService@4173777, flags=0, startId=2
10-25 16:27:44.969   892  2026 D ActivityManager: getContentProviderImpl: updateLruProcessLocked cpr.proc=ProcessRecord{fa655ae 2431:com.google.process.gapps/u0a10}
10-25 16:27:44.969  2389  2389 D ActivityThread: BDC-RECEIVER handled : 0 / ReceiverData{intent=Intent { act=android.intent.action.DROPBOX_ENTRY_ADDED flg=0x10 cmp=com.google.android.gms/.chimera.GmsIntentOperationService$PersistentTrustedReceiver (has extras) } packageName=com.google.android.gms resultCode=0 resultData=null resultExtras=null}
10-25 16:27:44.970  4491  4491 D ActivityThread: SVC-SERVICE_ARGS handled : 0 / ServiceArgsData{token=android.os.BinderProxy@89c576 startId=2 args=Intent { act=android.intent.action.DROPBOX_ENTRY_ADDED flg=0x10 cmp=com.google.android.gms/.chimera.GmsIntentOperationService (has extras) }}
10-25 16:27:44.974  4491 16496 D ActivityThread: holder:android.app.IActivityManager$ContentProviderHolder@de3a298, holder.provider:android.content.ContentProviderProxy@f06baf1
10-25 16:27:44.978   892   908 W PackageManager: checkUidPermission(): android.permission.INTERACT_ACROSS_USERS_FULL of 10139 is denied.
10-25 16:27:44.980  4491  4491 D ActivityThread: SVC-Calling onStartCommand: com.google.android.gms.chimera.GmsIntentOperationService@4173777, flags=0, startId=3
10-25 16:27:44.982  4491  4491 D ActivityThread: SVC-SERVICE_ARGS handled : 0 / ServiceArgsData{token=android.os.BinderProxy@89c576 startId=3 args=Intent { act=com.google.android.chimera.container.IntentOperationService.NEW_START_INTENT cmp=com.google.android.gms/.chimera.GmsIntentOperationService (has extras) }}
10-25 16:27:44.989   892  2006 D ActivityManager: getContentProviderImpl: from caller=android.app.ApplicationThreadProxy@b486de8 (pid=4491, userId=0) to get content provider com.google.android.gsf.gservices cpr=ContentProviderRecord{e731f05 u0 com.google.android.gsf/.gservices.GservicesProvider}
10-25 16:27:44.990   892  2006 D ActivityManager: getContentProviderImpl: updateLruProcessLocked cpr.proc=ProcessRecord{fa655ae 2431:com.google.process.gapps/u0a10}
10-25 16:27:44.993  4491 16496 D ActivityThread: holder:android.app.IActivityManager$ContentProviderHolder@895bd57, holder.provider:android.content.ContentProviderProxy@fbc5044
10-25 16:27:44.994   892  1994 W PackageManager: checkUidPermission(): android.permission.INTERACT_ACROSS_USERS_FULL of 10139 is denied.
10-25 16:27:45.000   892  1283 D ActivityManager: getContentProviderImpl: from caller=android.app.ApplicationThreadProxy@8c3ac01 (pid=4491, userId=0) to get content provider com.google.android.gsf.gservices cpr=ContentProviderRecord{e731f05 u0 com.google.android.gsf/.gservices.GservicesProvider}
10-25 16:27:45.000   892  1283 D ActivityManager: getContentProviderImpl: updateLruProcessLocked cpr.proc=ProcessRecord{fa655ae 2431:com.google.process.gapps/u0a10}
10-25 16:27:45.004   892  2026 W PackageManager: checkUidPermission(): android.permission.INTERACT_ACROSS_USERS_FULL of 10139 is denied.
10-25 16:27:45.004  4491 16496 D ActivityThread: holder:android.app.IActivityManager$ContentProviderHolder@369ea62, holder.provider:android.content.ContentProviderProxy@34ed7f3
10-25 16:27:45.016   892  1426 W PackageManager: checkUidPermission(): android.permission.INTERACT_ACROSS_USERS_FULL of 10139 is denied.
10-25 16:27:45.041   892  2026 D ActivityManager: getContentProviderImpl: from caller=android.app.ApplicationThreadProxy@2791200 (pid=4491, userId=0) to get content provider com.google.android.gsf.gservices cpr=ContentProviderRecord{e731f05 u0 com.google.android.gsf/.gservices.GservicesProvider}
10-25 16:27:45.041   892  2026 D ActivityManager: getContentProviderImpl: updateLruProcessLocked cpr.proc=ProcessRecord{fa655ae 2431:com.google.process.gapps/u0a10}
10-25 16:27:45.046  4491 16496 D ActivityThread: holder:android.app.IActivityManager$ContentProviderHolder@e65b012, holder.provider:android.content.ContentProviderProxy@cdda3e3
10-25 16:27:45.048   892   921 W PackageManager: checkUidPermission(): android.permission.INTERACT_ACROSS_USERS_FULL of 10139 is denied.
10-25 16:27:45.056   892  2025 D ActivityManager: getContentProviderImpl: from caller=android.app.ApplicationThreadProxy@d08da39 (pid=4491, userId=0) to get content provider com.google.android.gsf.gservices cpr=ContentProviderRecord{e731f05 u0 com.google.android.gsf/.gservices.GservicesProvider}
10-25 16:27:45.056   892  2025 D ActivityManager: getContentProviderImpl: updateLruProcessLocked cpr.proc=ProcessRecord{fa655ae 2431:com.google.process.gapps/u0a10}
10-25 16:27:45.060  4491 16496 D ActivityThread: holder:android.app.IActivityManager$ContentProviderHolder@6e021e0, holder.provider:android.content.ContentProviderProxy@b00dc99
10-25 16:27:45.060   892  2027 W PackageManager: checkUidPermission(): android.permission.INTERACT_ACROSS_USERS_FULL of 10139 is denied.
10-25 16:27:45.067   892  2006 D ActivityManager: getContentProviderImpl: from caller=android.app.ApplicationThreadProxy@58787e (pid=4491, userId=0) to get content provider com.google.android.gsf.gservices cpr=ContentProviderRecord{e731f05 u0 com.google.android.gsf/.gservices.GservicesProvider}
10-25 16:27:45.068   892  2006 D ActivityManager: getContentProviderImpl: updateLruProcessLocked cpr.proc=ProcessRecord{fa655ae 2431:com.google.process.gapps/u0a10}
10-25 16:27:45.072   892  1993 W PackageManager: checkUidPermission(): android.permission.INTERACT_ACROSS_USERS_FULL of 10139 is denied.
10-25 16:27:45.074  4491 16496 D ActivityThread: holder:android.app.IActivityManager$ContentProviderHolder@9eabb5e, holder.provider:android.content.ContentProviderProxy@6bc9b3f
10-25 16:27:45.082   892  2027 D ActivityManager: getContentProviderImpl: from caller=android.app.ApplicationThreadProxy@9d5e1df (pid=4491, userId=0) to get content provider com.google.android.gsf.gservices cpr=ContentProviderRecord{e731f05 u0 com.google.android.gsf/.gservices.GservicesProvider}
10-25 16:27:45.082   892  2027 D ActivityManager: getContentProviderImpl: updateLruProcessLocked cpr.proc=ProcessRecord{fa655ae 2431:com.google.process.gapps/u0a10}
10-25 16:27:45.083   892   909 W PackageManager: checkUidPermission(): android.permission.INTERACT_ACROSS_USERS_FULL of 10139 is denied.
10-25 16:27:45.090   892  2025 W PackageManager: checkUidPermission(): android.permission.INTERACT_ACROSS_USERS_FULL of 10139 is denied.
10-25 16:27:45.089  4491 16496 D ActivityThread: holder:android.app.IActivityManager$ContentProviderHolder@7557c0c, holder.provider:android.content.ContentProviderProxy@879a955
10-25 16:27:45.098   892   921 W PackageManager: checkUidPermission(): android.permission.INTERACT_ACROSS_USERS_FULL of 10139 is denied.
10-25 16:27:45.098   892  2018 D ActivityManager: getContentProviderImpl: from caller=android.app.ApplicationThreadProxy@c5d4e2c (pid=2389, userId=0) to get content provider com.google.android.gsf.gservices cpr=ContentProviderRecord{e731f05 u0 com.google.android.gsf/.gservices.GservicesProvider}
10-25 16:27:45.098   892  2018 D ActivityManager: getContentProviderImpl: updateLruProcessLocked cpr.proc=ProcessRecord{fa655ae 2431:com.google.process.gapps/u0a10}
10-25 16:27:45.102  2389  8723 D ActivityThread: holder:android.app.IActivityManager$ContentProviderHolder@84dfb, holder.provider:android.content.ContentProviderProxy@66dde18
10-25 16:27:45.109   892  1994 W PackageManager: checkUidPermission(): android.permission.INTERACT_ACROSS_USERS_FULL of 10139 is denied.
10-25 16:27:45.117   892   908 W PackageManager: checkUidPermission(): android.permission.INTERACT_ACROSS_USERS_FULL of 10139 is denied.
10-25 16:27:45.137   892  1701 D ActivityManager: getContentProviderImpl: from caller=android.app.ApplicationThreadProxy@b8e9771 (pid=2389, userId=0) to get content provider com.google.android.gsf.gservices cpr=ContentProviderRecord{e731f05 u0 com.google.android.gsf/.gservices.GservicesProvider}
10-25 16:27:45.138   892  1701 D ActivityManager: getContentProviderImpl: updateLruProcessLocked cpr.proc=ProcessRecord{fa655ae 2431:com.google.process.gapps/u0a10}
10-25 16:27:45.148   892  1994 W PackageManager: checkUidPermission(): android.permission.INTERACT_ACROSS_USERS_FULL of 10139 is denied.
10-25 16:27:45.149  2389  2529 D ActivityThread: holder:android.app.IActivityManager$ContentProviderHolder@ca0fd48, holder.provider:android.content.ContentProviderProxy@b67f7e1
10-25 16:27:45.161   892  2026 W PackageManager: checkUidPermission(): android.permission.INTERACT_ACROSS_USERS_FULL of 10139 is denied.
10-25 16:27:45.171   892  1700 D ActivityManager: getContentProviderImpl: from caller=android.app.ApplicationThreadProxy@411956 (pid=2389, userId=0) to get content provider com.google.android.gsf.gservices cpr=ContentProviderRecord{e731f05 u0 com.google.android.gsf/.gservices.GservicesProvider}
10-25 16:27:45.171   892  1700 D ActivityManager: getContentProviderImpl: updateLruProcessLocked cpr.proc=ProcessRecord{fa655ae 2431:com.google.process.gapps/u0a10}
10-25 16:27:45.180  2389  2402 D ActivityThread: holder:android.app.IActivityManager$ContentProviderHolder@41ebcbf, holder.provider:android.content.ContentProviderProxy@952bf8c
10-25 16:27:45.181   892  2018 W PackageManager: checkUidPermission(): android.permission.INTERACT_ACROSS_USERS_FULL of 10139 is denied.
10-25 16:27:45.201   892  2025 W PackageManager: checkUidPermission(): android.permission.INTERACT_ACROSS_USERS_FULL of 10139 is denied.
10-25 16:27:45.211   892  2026 D ActivityManager: getContentProviderImpl: from caller=android.app.ApplicationThreadProxy@c3936c4 (pid=4491, userId=0) to get content provider com.google.android.gsf.gservices cpr=ContentProviderRecord{e731f05 u0 com.google.android.gsf/.gservices.GservicesProvider}
10-25 16:27:45.211   892  2026 D ActivityManager: getContentProviderImpl: updateLruProcessLocked cpr.proc=ProcessRecord{fa655ae 2431:com.google.process.gapps/u0a10}
10-25 16:27:45.218   892  2027 W PackageManager: checkUidPermission(): android.permission.INTERACT_ACROSS_USERS_FULL of 10139 is denied.
10-25 16:27:45.223  4491 16496 D ActivityThread: holder:android.app.IActivityManager$ContentProviderHolder@f7885d1, holder.provider:android.content.ContentProviderProxy@fbcd836
10-25 16:27:45.231   892  2018 D ActivityManager: getContentProviderImpl: from caller=android.app.ApplicationThreadProxy@2a439ad (pid=4491, userId=0) to get content provider com.google.android.gsf.gservices cpr=ContentProviderRecord{e731f05 u0 com.google.android.gsf/.gservices.GservicesProvider}
10-25 16:27:45.231   892  2018 D ActivityManager: getContentProviderImpl: updateLruProcessLocked cpr.proc=ProcessRecord{fa655ae 2431:com.google.process.gapps/u0a10}
10-25 16:27:45.236  4491 16496 D ActivityThread: holder:android.app.IActivityManager$ContentProviderHolder@d0cb337, holder.provider:android.content.ContentProviderProxy@8d40a4
10-25 16:27:45.239   892  1993 W PackageManager: checkUidPermission(): android.permission.INTERACT_ACROSS_USERS_FULL of 10139 is denied.
10-25 16:27:45.250   892  1283 W PackageManager: checkUidPermission(): android.permission.INTERACT_ACROSS_USERS_FULL of 10139 is denied.
10-25 16:27:45.251  4491  4491 D ActivityThread: SVC-Destroying service: com.google.android.gms.stats.service.DropBoxEntryAddedService@d60547b
10-25 16:27:45.252  4491  4491 D ActivityThread: SVC-STOP_SERVICE handled : 0 / android.os.BinderProxy@7e8e40a
10-25 16:27:45.676   892  2006 D ActivityManager: getContentProviderImpl: from caller=android.app.ApplicationThreadProxy@bf7c3a9 (pid=4491, userId=0) to get content provider com.google.android.gsf.gservices cpr=ContentProviderRecord{e731f05 u0 com.google.android.gsf/.gservices.GservicesProvider}
10-25 16:27:45.676   892  2006 D ActivityManager: getContentProviderImpl: updateLruProcessLocked cpr.proc=ProcessRecord{fa655ae 2431:com.google.process.gapps/u0a10}
10-25 16:27:45.680   892  2027 W PackageManager: checkUidPermission(): android.permission.INTERACT_ACROSS_USERS_FULL of 10139 is denied.
10-25 16:27:45.680  4491 16494 D ActivityThread: holder:android.app.IActivityManager$ContentProviderHolder@ca51e09, holder.provider:android.content.ContentProviderProxy@56ab80e
10-25 16:27:45.689   892  2006 W PackageManager: checkUidPermission(): android.permission.INTERACT_ACROSS_USERS_FULL of 10139 is denied.
10-25 16:27:45.692   892  1282 D ActivityManager: getContentProviderImpl: from caller=android.app.ApplicationThreadProxy@3d1fd2e (pid=4491, userId=0) to get content provider com.google.android.gsf.gservices cpr=ContentProviderRecord{e731f05 u0 com.google.android.gsf/.gservices.GservicesProvider}
10-25 16:27:45.692   892  1282 D ActivityManager: getContentProviderImpl: updateLruProcessLocked cpr.proc=ProcessRecord{fa655ae 2431:com.google.process.gapps/u0a10}
10-25 16:27:45.695   892  1994 D ActivityManager: getContentProviderImpl: from caller=android.app.ApplicationThreadProxy@b2100cf (pid=4491, userId=0) to get content provider com.google.android.gsf.gservices cpr=ContentProviderRecord{e731f05 u0 com.google.android.gsf/.gservices.GservicesProvider}
10-25 16:27:45.695  4491  4535 D ActivityThread: holder:android.app.IActivityManager$ContentProviderHolder@436003c, holder.provider:android.content.ContentProviderProxy@97891c5
10-25 16:27:45.696  4491 16494 D ActivityThread: holder:android.app.IActivityManager$ContentProviderHolder@81e471a, holder.provider:android.content.ContentProviderProxy@6aa624b
10-25 16:27:45.697   892  2027 W PackageManager: checkUidPermission(): android.permission.INTERACT_ACROSS_USERS_FULL of 10139 is denied.
10-25 16:27:45.708   892  2006 D ActivityManager: getContentProviderImpl: from caller=android.app.ApplicationThreadProxy@a669a5c (pid=2389, userId=0) to get content provider com.google.android.gsf.gservices cpr=ContentProviderRecord{e731f05 u0 com.google.android.gsf/.gservices.GservicesProvider}
10-25 16:27:45.708   892  2006 D ActivityManager: getContentProviderImpl: updateLruProcessLocked cpr.proc=ProcessRecord{fa655ae 2431:com.google.process.gapps/u0a10}
10-25 16:27:45.710   892  2022 W PackageManager: checkUidPermission(): android.permission.INTERACT_ACROSS_USERS_FULL of 10139 is denied.
10-25 16:27:45.714  2389 16498 D ActivityThread: holder:android.app.IActivityManager$ContentProviderHolder@67f4f8e, holder.provider:android.content.ContentProviderProxy@44653af
10-25 16:27:45.718   892  1426 W PackageManager: checkUidPermission(): android.permission.INTERACT_ACROSS_USERS_FULL of 10139 is denied.
10-25 16:27:45.719  4491  4491 D ActivityThread: SVC-Calling onStartCommand: com.google.android.gms.chimera.GmsIntentOperationService@4173777, flags=0, startId=4
10-25 16:27:45.724  4491  4491 D ActivityThread: SVC-SERVICE_ARGS handled : 0 / ServiceArgsData{token=android.os.BinderProxy@89c576 startId=4 args=Intent { act=com.google.android.chimera.container.IntentOperationService.KEEPALIVE cmp=com.google.android.gms/.chimera.GmsIntentOperationService }}
10-25 16:27:45.732   892  2022 W PackageManager: checkUidPermission(): android.permission.INTERACT_ACROSS_USERS_FULL of 10139 is denied.
10-25 16:27:45.735   892   908 D ConnectivityService: getActiveNetworkInfo networkInfo = [type: WIFI[], state: CONNECTED/CONNECTED, reason: (unspecified), extra: "Dapl server1", roaming: false, failover: false, isAvailable: true]
10-25 16:27:46.111   892  1142 D DataShapingService: Alarm manager openLteDataUpLinkGate: false
10-25 16:27:46.111   892  1142 V AlarmManager: openLteGateSuccess = false
10-25 16:27:46.111   892  1142 V ActivityManager: Broadcast: Intent { act=android.content.jobscheduler.JOB_DEADLINE_EXPIRED flg=0x114 (has extras) } ordered=true userid=0 callerApp=null
10-25 16:27:46.118   892   892 D ActivityThread: BDC-Calling finishReceiver: IIntentReceiver=35c7897
10-25 16:27:46.127   892   892 D AlarmManager: onSendFinished begin
10-25 16:27:46.139   892   892 D AlarmManager:  alarm = Alarm{35379e2 type 2 when 7507863 com.google.android.gms} add to Batch{fc63ac7 num=1 start=7475787 end=10175787}
10-25 16:27:46.139   892   892 D AlarmManager:  alarm = Alarm{20b2e90 type 2 when 8042403 com.google.android.gms} add to Batch{a39d8f4 num=1 start=7231709 end=8581709 flgs=0x8}
10-25 16:27:46.140   892   892 D AlarmManager:  alarm = Alarm{b1c9bfc type 2 when 11290141 android} add to Batch{b73e81d num=1 start=10328221 end=18428221}
10-25 16:27:46.146   892   892 D AlarmManager:  alarm = Alarm{35379e2 type 2 when 7507863 com.google.android.gms} add to Batch{480da92 num=1 start=7475786 end=10175786}
10-25 16:27:46.146   892   892 D AlarmManager:  alarm = Alarm{20b2e90 type 2 when 8042403 com.google.android.gms} add to Batch{c61bc63 num=1 start=7231709 end=8581709 flgs=0x8}
10-25 16:27:46.146   892   892 D AlarmManager:  alarm = Alarm{b1c9bfc type 2 when 11290141 android} add to Batch{4959060 num=1 start=10835150 end=13535150}
10-25 16:27:46.149   892  1142 D DataShapingService: Alarm manager openLteDataUpLinkGate: false
10-25 16:27:46.149   892  1142 V AlarmManager: openLteGateSuccess = false
10-25 16:27:46.149   892  1142 V ActivityManager: Broadcast: Intent { act=android.content.jobscheduler.JOB_DELAY_EXPIRED flg=0x114 (has extras) } ordered=true userid=0 callerApp=null
10-25 16:27:46.157   892   892 D ActivityThread: BDC-Calling finishReceiver: IIntentReceiver=35c7897
10-25 16:27:46.160   892   892 D AlarmManager: onSendFinished begin
10-25 16:27:46.180  4491  4491 D ActivityThread: SVC-UNBIND_SERVICE handled : 0 / BindServiceData{token=android.os.BinderProxy@b9fc8aa intent=Intent { act=com.google.android.gms.safetynet.service.START pkg=com.google.android.gms }}
10-25 16:27:46.180  4491  4491 D ActivityThread: SVC-Destroying service: com.google.android.gms.chimera.GmsBoundBrokerService@fa86c9b
10-25 16:27:46.181  4491  4491 D ActivityThread: SVC-STOP_SERVICE handled : 0 / android.os.BinderProxy@b9fc8aa
10-25 16:27:47.390   892  2026 D ActivityManager: getContentProviderImpl: from caller=android.app.ApplicationThreadProxy@9a9bbbf (pid=16380, userId=0) to get content provider com.google.android.gsf.gservices cpr=ContentProviderRecord{e731f05 u0 com.google.android.gsf/.gservices.GservicesProvider}
10-25 16:27:47.394 16380 16429 D ActivityThread: holder:android.app.IActivityManager$ContentProviderHolder@a15ded, holder.provider:android.content.ContentProviderProxy@1a16422
10-25 16:27:47.395   892  1130 I PackageManager: VIVO_DELAY_DEXOPT: packageName=com.google.android.talk
10-25 16:27:47.401   892   909 V ActivityManager: Broadcast: Intent { act=launcher.action.CHANGE_APPLICATION_NOTIFICATION_NUM flg=0x10 (has extras) } ordered=false userid=0 callerApp=ProcessRecord{7d5544 16380:com.android.vending/u0a17}
10-25 16:27:47.405  7055  7055 D ActivityThread: BDC-Calling onReceive: intent=Intent { act=launcher.action.CHANGE_APPLICATION_NOTIFICATION_NUM flg=0x10 cmp=com.bbk.launcher2/.NotificationNumChangeReceiver (has extras) }, receiver=com.bbk.launcher2.NotificationNumChangeReceiver@514ac92
10-25 16:27:47.410  7055  7055 D ActivityThread: BDC-RECEIVER handled : 0 / ReceiverData{intent=Intent { act=launcher.action.CHANGE_APPLICATION_NOTIFICATION_NUM flg=0x10 cmp=com.bbk.launcher2/.NotificationNumChangeReceiver (has extras) } packageName=com.bbk.launcher2 resultCode=-1 resultData=null resultExtras=null}
10-25 16:27:47.422   892  2022 D ActivityManager: getContentProviderImpl: from caller=android.app.ApplicationThreadProxy@933528c (pid=16380, userId=0) to get content provider com.google.android.gms.phenotype cpr=ContentProviderRecord{8091764 u0 com.google.android.gms/.phenotype.provider.ConfigurationProvider}
10-25 16:27:47.423 16380 16429 D ActivityThread: holder:android.app.IActivityManager$ContentProviderHolder@6ce9c70, holder.provider:android.content.ContentProviderProxy@842ebe9
10-25 16:27:47.426   892  1282 D ActivityManager: getContentProviderImpl: from caller=android.app.ApplicationThreadProxy@248fdd5 (pid=2389, userId=0) to get content provider com.google.android.gsf.gservices cpr=ContentProviderRecord{e731f05 u0 com.google.android.gsf/.gservices.GservicesProvider}
10-25 16:27:47.426   892  1282 D ActivityManager: getContentProviderImpl: updateLruProcessLocked cpr.proc=ProcessRecord{fa655ae 2431:com.google.process.gapps/u0a10}
10-25 16:27:47.431  2389  4762 D ActivityThread: holder:android.app.IActivityManager$ContentProviderHolder@7cb23bc, holder.provider:android.content.ContentProviderProxy@5c9af45
10-25 16:27:47.432   892  1283 W PackageManager: checkUidPermission(): android.permission.INTERACT_ACROSS_USERS_FULL of 10139 is denied.
10-25 16:27:47.455   892   921 W PackageManager: checkUidPermission(): android.permission.INTERACT_ACROSS_USERS_FULL of 10139 is denied.
10-25 16:27:47.482   892  2018 V ActivityManager: Broadcast: Intent { act=launcher.action.CHANGE_APPLICATION_NOTIFICATION_NUM flg=0x10 (has extras) } ordered=false userid=0 callerApp=ProcessRecord{7d5544 16380:com.android.vending/u0a17}
10-25 16:27:47.487   892  2006 D ActivityManager: getContentProviderImpl: from caller=android.app.ApplicationThreadProxy@e2929ea (pid=7055, userId=0) to get content provider com.bbk.scene.databaseprovider cpr=null
10-25 16:27:47.488   892  2006 W PackageManager: checkUidPermission(): android.permission.WRITE_MEDIA_STORAGE of 10113 is denied.
10-25 16:27:47.503   892  1994 W PackageManager: checkUidPermission(): android.permission.GET_ACCOUNTS of 10017 is denied.
10-25 16:27:47.505  7055  7055 D ActivityThread: BDC-Calling onReceive: intent=Intent { act=launcher.action.CHANGE_APPLICATION_NOTIFICATION_NUM flg=0x10 cmp=com.bbk.launcher2/.NotificationNumChangeReceiver (has extras) }, receiver=com.bbk.launcher2.NotificationNumChangeReceiver@a76319
10-25 16:27:47.506  7055  7055 D ActivityThread: BDC-RECEIVER handled : 0 / ReceiverData{intent=Intent { act=launcher.action.CHANGE_APPLICATION_NOTIFICATION_NUM flg=0x10 cmp=com.bbk.launcher2/.NotificationNumChangeReceiver (has extras) } packageName=com.bbk.launcher2 resultCode=-1 resultData=null resultExtras=null}
10-25 16:27:47.509   892  2006 I ActivityManager: Start proc 16504:com.vivo.launcher.scene.comm/u0a113 for content provider com.bbk.scene.indoor/.utils.SceneProvider
10-25 16:27:47.512   892  2022 D ActivityManager: getContentProviderImpl: from caller=android.app.ApplicationThreadProxy@74854db (pid=16380, userId=0) to get content provider com.google.android.gsf.gservices cpr=ContentProviderRecord{e731f05 u0 com.google.android.gsf/.gservices.GservicesProvider}
10-25 16:27:47.519 16380 16429 D ActivityThread: holder:android.app.IActivityManager$ContentProviderHolder@2229c5d, holder.provider:android.content.ContentProviderProxy@14f19d2
10-25 16:27:47.557   892  2025 D ActivityManager: getContentProviderImpl: from caller=android.app.ApplicationThreadProxy@90b78 (pid=16380, userId=0) to get content provider com.google.android.gsf.gservices cpr=ContentProviderRecord{e731f05 u0 com.google.android.gsf/.gservices.GservicesProvider}
10-25 16:27:47.558 16380 16399 D ActivityThread: holder:android.app.IActivityManager$ContentProviderHolder@a264b8, holder.provider:android.content.ContentProviderProxy@e252291
10-25 16:27:47.558 16504 16504 D ActivityThread: installProvider: context.getPackageName()=com.bbk.scene.indoor
10-25 16:27:47.562   892  2022 D ActivityManager: publishContentProviders: from caller=android.app.ApplicationThreadProxy@c28a251 (pid=16504)
10-25 16:27:47.562  7055  7087 D ActivityThread: holder:android.app.IActivityManager$ContentProviderHolder@5ccffde, holder.provider:android.content.ContentProviderProxy@1f2c5bf
10-25 16:27:47.570   892   921 D ActivityManager: getContentProviderImpl: from caller=android.app.ApplicationThreadProxy@a67fab6 (pid=16380, userId=0) to get content provider com.google.android.gsf.gservices cpr=ContentProviderRecord{e731f05 u0 com.google.android.gsf/.gservices.GservicesProvider}
10-25 16:27:47.571 16380 16399 D ActivityThread: holder:android.app.IActivityManager$ContentProviderHolder@6856cd, holder.provider:android.content.ContentProviderProxy@66d9b82
10-25 16:27:47.581   892  2018 D ActivityManager: getContentProviderImpl: from caller=android.app.ApplicationThreadProxy@b6d63b7 (pid=16380, userId=0) to get content provider com.google.android.gsf.gservices cpr=ContentProviderRecord{e731f05 u0 com.google.android.gsf/.gservices.GservicesProvider}
10-25 16:27:47.582 16380 16399 D ActivityThread: holder:android.app.IActivityManager$ContentProviderHolder@a990293, holder.provider:android.content.ContentProviderProxy@2a112d0
10-25 16:27:47.589   892  1426 D ActivityManager: getContentProviderImpl: from caller=android.app.ApplicationThreadProxy@87f6724 (pid=16380, userId=0) to get content provider com.google.android.gsf.gservices cpr=ContentProviderRecord{e731f05 u0 com.google.android.gsf/.gservices.GservicesProvider}
10-25 16:27:47.590 16380 16399 D ActivityThread: holder:android.app.IActivityManager$ContentProviderHolder@f3092c9, holder.provider:android.content.ContentProviderProxy@4ddedce
10-25 16:27:47.602   892  2025 V ActivityManager: Broadcast: Intent { act=launcher.action.UPDATE_APPLICATION_NOTIFICATION_NUM dat=package:com.android.vending flg=0x10 (has extras) } ordered=false userid=0 callerApp=ProcessRecord{c3f585f 7055:com.bbk.launcher2/u0a38}
10-25 16:27:47.603   892   909 W PackageManager: checkUidPermission(): android.permission.GET_ACCOUNTS of 10017 is denied.
10-25 16:27:47.618   892  2022 D ActivityManager: getContentProviderImpl: from caller=android.app.ApplicationThreadProxy@984128d (pid=16380, userId=0) to get content provider com.google.android.gsf.gservices cpr=ContentProviderRecord{e731f05 u0 com.google.android.gsf/.gservices.GservicesProvider}
10-25 16:27:47.619 16380 16399 D ActivityThread: holder:android.app.IActivityManager$ContentProviderHolder@c4734ef, holder.provider:android.content.ContentProviderProxy@c4c8bfc
10-25 16:27:47.628   892  2006 I ActivityManager: Killing 15753:com.vivo.widget.calendar/u0a2 (adj 15): empty #17
10-25 16:27:47.684   892  1994 D DisplayManagerService: Display listener for pid 15753 died.
10-25 16:27:47.688   892  2026 V ActivityManager: Broadcast: Intent { act=android.intent.action.KILL_BACKGROUND_SERVICE.com.vivo.widget.calendar flg=0x10 (has extras) } ordered=false userid=0 callerApp=ProcessRecord{a11efa8 892:system/1000}
10-25 16:27:47.688   892  2026 D ActivityManager: SVC-handleAppDiedLocked: app = ProcessRecord{f10c42 15753:com.vivo.widget.calendar/u0a2}, app.pid = 15753
10-25 16:27:47.688   892  2026 D ActivityManager: cleanUpApplicationRecord -- 15753
10-25 16:27:47.688   892  2026 D ActivityManager: SVC-mBroadcastQueues: com.android.server.am.BroadcastQueue@19b12b9
10-25 16:27:47.688   892  2026 D ActivityManager: SVC-mBroadcastQueues: com.android.server.am.BroadcastQueue@2d186fe
10-25 16:27:47.690   892  1283 D ActivityManager: getContentProviderImpl: from caller=android.app.ApplicationThreadProxy@56a8453 (pid=16504, userId=0) to get content provider com.bbk.launcher2.settings cpr=ContentProviderRecord{fbb2133 u0 com.bbk.launcher2/.data.LauncherProvider}
