10-25 16:27:47.692   892  1200 D ScreenBrightnessModeRestore: pakage name is android.uid.calendar:10002with :10002
10-25 16:27:47.692   892  1200 D ScreenBrightnessModeRestore:  onProcessDiedInner, pid = 15753 , mCurrentForceGroundPid = 7055 mAppName: android.uid.calendar:10002 mWaitToRestore=false
10-25 16:27:47.692 16504 16504 D ActivityThread: holder:android.app.IActivityManager$ContentProviderHolder@d174758, holder.provider:android.content.ContentProviderProxy@b660b1
10-25 16:27:47.692   892  1021 D ScreenBrightnessModeRestore: pakage name is android.uid.calendar:10002with :10002
10-25 16:27:47.692   892  1021 D ScreenBrightnessModeRestore:  onProcessDiedInner, pid = 15753 , mCurrentForceGroundPid = 7055 mAppName: android.uid.calendar:10002 mWaitToRestore=false
10-25 16:27:47.759   892  2025 D ActivityManager: getContentProviderImpl: from caller=android.app.ApplicationThreadProxy@dddd190 (pid=7055, userId=0) to get content provider com.bbk.scene.databaseprovider cpr=ContentProviderRecord{2ac4a89 u0 com.bbk.scene.indoor/.utils.SceneProvider}
10-25 16:27:47.759   892  2025 D ActivityManager: getContentProviderImpl: updateLruProcessLocked cpr.proc=ProcessRecord{107aa8e 16504:com.vivo.launcher.scene.comm/u0a113}
10-25 16:27:47.764  7055  7087 D ActivityThread: holder:android.app.IActivityManager$ContentProviderHolder@e406d78, holder.provider:android.content.ContentProviderProxy@5995c51
10-25 16:27:47.781   892  1426 V ActivityManager: Broadcast: Intent { act=launcher.action.UPDATE_APPLICATION_NOTIFICATION_NUM dat=package:com.android.vending flg=0x10 (has extras) } ordered=false userid=0 callerApp=ProcessRecord{c3f585f 7055:com.bbk.launcher2/u0a38}
10-25 16:27:47.797 16504 16504 D ActivityThread: BIND_APPLICATION handled : 0 / AppBindData{appInfo=ApplicationInfo{97b4fb3 com.bbk.scene.indoor}}
10-25 16:27:47.976   892  2018 D ActivityManager: getContentProviderImpl: from caller=android.app.ApplicationThreadProxy@410bec0 (pid=16380, userId=0) to get content provider com.google.android.gsf.gservices cpr=ContentProviderRecord{e731f05 u0 com.google.android.gsf/.gservices.GservicesProvider}
10-25 16:27:47.977 16380 16399 D ActivityThread: holder:android.app.IActivityManager$ContentProviderHolder@cb5e8a6, holder.provider:android.content.ContentProviderProxy@cbad2e7
10-25 16:27:47.986   892  1993 D ActivityManager: getContentProviderImpl: from caller=android.app.ApplicationThreadProxy@dbfe7f9 (pid=16380, userId=0) to get content provider com.google.android.gsf.gservices cpr=ContentProviderRecord{e731f05 u0 com.google.android.gsf/.gservices.GservicesProvider}
10-25 16:27:47.987 16380 16399 D ActivityThread: holder:android.app.IActivityManager$ContentProviderHolder@3898d3d, holder.provider:android.content.ContentProviderProxy@4c7e932
10-25 16:27:48.039   892  1283 W PackageManager: checkUidPermission(): android.permission.GET_ACCOUNTS of 10017 is denied.
10-25 16:27:48.042   892  1700 D ActivityManager: app: com.android.vending:download_service, app uid: 10017, user 0, intent null, calling uid 10160, mCallerApp ProcessRecord{7d5544 16380:com.android.vending/u0a17}
10-25 16:27:48.042   892  1700 W ActivityManager: mCallerApp.pid =16380,mCallerApp.uid=10017
10-25 16:27:48.042   892  1700 W ActivityManager: mCallingPidFilter=16380,mCallingUidFilter=10017
10-25 16:27:48.043   892  1700 W PackageManager: checkUidPermission(): android.permission.WRITE_MEDIA_STORAGE of 10017 is denied.
10-25 16:27:48.049   892  2022 W PackageManager: checkUidPermission(): android.permission.GET_ACCOUNTS of 10017 is denied.
10-25 16:27:48.058   892  1700 I ActivityManager: Start proc 16525:com.android.vending:download_service/u0a17 for service com.android.vending/com.google.android.finsky.downloadservice.DownloadService
10-25 16:27:48.058   892  1700 I ActivityManager: [Background Service Priority Adjustment] Process.setProcessGroup to Process.THREAD_GROUP_BG_NONINTERACTIVE, app.pid: 16525
10-25 16:27:48.113   892  2026 W PackageManager: checkUidPermission(): android.permission.INTERACT_ACROSS_USERS_FULL of 10017 is denied.
10-25 16:27:48.138 16525 16525 D ActivityThread: BIND_APPLICATION handled : 0 / AppBindData{appInfo=ApplicationInfo{5df3f72 com.android.vending}}
10-25 16:27:48.148 16525 16525 D ActivityThread: SVC-Creating service: CreateServiceData{token=android.os.BinderProxy@98eefc3 className=com.google.android.finsky.downloadservice.DownloadService packageName=com.android.vending intent=null}
10-25 16:27:48.209 16525 16525 D ActivityThread: SVC-CREATE_SERVICE handled : 0 / CreateServiceData{token=android.os.BinderProxy@98eefc3 className=com.google.android.finsky.downloadservice.DownloadService packageName=com.android.vending intent=null}
10-25 16:27:48.209 16525 16525 V ActivityThread: handleBindService s=com.google.android.finsky.downloadservice.DownloadService@2cb906c rebind=false
10-25 16:27:48.213   892  2027 I ActivityManager: Killing 15731:com.android.providers.calendar/u0a2 (adj 15): empty #17
10-25 16:27:48.287   892  1426 D DisplayManagerService: Display listener for pid 15731 died.
10-25 16:27:48.289   892   908 V ActivityManager: Broadcast: Intent { act=android.intent.action.KILL_BACKGROUND_SERVICE.com.android.providers.calendar flg=0x10 (has extras) } ordered=false userid=0 callerApp=ProcessRecord{a11efa8 892:system/1000}
10-25 16:27:48.289   892   908 D ActivityManager: SVC-handleAppDiedLocked: app = ProcessRecord{e718bec 15731:com.android.providers.calendar/u0a2}, app.pid = 15731
10-25 16:27:48.290   892   908 D ActivityManager: cleanUpApplicationRecord -- 15731
10-25 16:27:48.290   892   908 D ActivityManager: removeDyingProviderLocked: cpr=ContentProviderRecord{fe17ad8 u0 com.android.providers.calendar/.CalendarProvider2} always=false inLaunching=false
10-25 16:27:48.290   892   908 D ActivityManager: SVC-mBroadcastQueues: com.android.server.am.BroadcastQueue@19b12b9
10-25 16:27:48.290   892   908 D ActivityManager: SVC-mBroadcastQueues: com.android.server.am.BroadcastQueue@2d186fe
10-25 16:27:48.292   892  1994 D ActivityManager: getContentProviderImpl: from caller=android.app.ApplicationThreadProxy@4e54784 (pid=16525, userId=0) to get content provider com.google.android.gsf.gservices cpr=ContentProviderRecord{e731f05 u0 com.google.android.gsf/.gservices.GservicesProvider}
10-25 16:27:48.293 16525 16535 D ActivityThread: holder:android.app.IActivityManager$ContentProviderHolder@d174758, holder.provider:android.content.ContentProviderProxy@b660b1
10-25 16:27:48.294   892  1021 D ScreenBrightnessModeRestore: pakage name is android.uid.calendar:10002with :10002
10-25 16:27:48.294   892  1021 D ScreenBrightnessModeRestore:  onProcessDiedInner, pid = 15731 , mCurrentForceGroundPid = 7055 mAppName: android.uid.calendar:10002 mWaitToRestore=false
10-25 16:27:48.295   892  1200 D ScreenBrightnessModeRestore: pakage name is android.uid.calendar:10002with :10002
10-25 16:27:48.295   892  1200 D ScreenBrightnessModeRestore:  onProcessDiedInner, pid = 15731 , mCurrentForceGroundPid = 7055 mAppName: android.uid.calendar:10002 mWaitToRestore=false
10-25 16:27:48.297 16525 16525 D ActivityThread: SVC-BIND_SERVICE handled : 0 / BindServiceData{token=android.os.BinderProxy@98eefc3 intent=Intent { act=com.google.android.finsky.BIND_DOWNLOAD_SERVICE pkg=com.android.vending }}
10-25 16:27:48.345   892  1700 W PackageManager: checkUidPermission(): android.permission.GET_ACCOUNTS of 10017 is denied.
10-25 16:27:48.349 16525 16525 D ActivityThread: SVC-UNBIND_SERVICE handled : 0 / BindServiceData{token=android.os.BinderProxy@98eefc3 intent=Intent { act=com.google.android.finsky.BIND_DOWNLOAD_SERVICE pkg=com.android.vending }}
10-25 16:27:48.349 16525 16525 D ActivityThread: SVC-Destroying service: com.google.android.finsky.downloadservice.DownloadService@2cb906c
10-25 16:27:48.349 16525 16525 D ActivityThread: SVC-STOP_SERVICE handled : 0 / android.os.BinderProxy@98eefc3
10-25 16:27:48.356   892  2025 W PackageManager: checkUidPermission(): android.permission.GET_ACCOUNTS of 10017 is denied.
10-25 16:27:48.484   892   908 W PackageManager: checkUidPermission(): android.permission.GET_ACCOUNTS of 10017 is denied.
10-25 16:27:48.487   892  2006 D ActivityManager: getContentProviderImpl: from caller=android.app.ApplicationThreadProxy@581db6d (pid=16380, userId=0) to get content provider com.google.android.gsf.gservices cpr=ContentProviderRecord{e731f05 u0 com.google.android.gsf/.gservices.GservicesProvider}
10-25 16:27:48.488 16380 16399 D ActivityThread: holder:android.app.IActivityManager$ContentProviderHolder@49fc756, holder.provider:android.content.ContentProviderProxy@94843d7
10-25 16:27:48.499   892  1426 W PackageManager: checkUidPermission(): android.permission.GET_ACCOUNTS of 10017 is denied.
10-25 16:27:49.390  2389  2389 D ActivityThread: SVC-UNBIND_SERVICE handled : 0 / BindServiceData{token=android.os.BinderProxy@779fef intent=Intent { cmp=com.google.android.gms/.gcm.http.GoogleHttpService }}
10-25 16:27:49.390  2389  2389 D ActivityThread: SVC-Destroying service: com.google.android.gms.gcm.http.GoogleHttpService@7841afc
10-25 16:27:49.390  2389  2389 D ActivityThread: SVC-STOP_SERVICE handled : 0 / android.os.BinderProxy@779fef
10-25 16:27:50.257  2389  2389 D ActivityThread: SVC-UNBIND_SERVICE handled : 0 / BindServiceData{token=android.os.BinderProxy@450e0a0 intent=Intent { act=com.google.android.gms.auth.DATA_PROXY pkg=com.google.android.gms }}
10-25 16:27:50.257  2389  2389 D ActivityThread: SVC-Destroying service: com.google.android.gms.auth.account.be.legacy.GoogleAccountDataService@6a09459
10-25 16:27:50.257  2389  2389 D ActivityThread: SVC-STOP_SERVICE handled : 0 / android.os.BinderProxy@450e0a0
10-25 16:27:50.268  2389  2389 D ActivityThread: SVC-UNBIND_SERVICE handled : 0 / BindServiceData{token=android.os.BinderProxy@174a534 intent=Intent { cmp=com.google.android.gms/.auth.GetToken }}
10-25 16:27:50.268  2389  2389 D ActivityThread: SVC-Destroying service: com.google.android.gms.auth.GetToken@3385f5d
10-25 16:27:50.268  2389  2389 D ActivityThread: SVC-STOP_SERVICE handled : 0 / android.os.BinderProxy@174a534
10-25 16:27:50.790   892  1994 D ConnectivityService: getActiveNetworkInfo networkInfo = [type: WIFI[], state: CONNECTED/CONNECTED, reason: (unspecified), extra: "Dapl server1", roaming: false, failover: false, isAvailable: true]
10-25 16:27:50.803   892  2026 W PackageManager: checkUidPermission(): android.permission.READ_PRIVILEGED_PHONE_STATE of 10074 is denied.
10-25 16:27:50.807   892  1701 W PackageManager: checkUidPermission(): android.permission.CHANGE_COMPONENT_ENABLED_STATE of 10074 is denied.
10-25 16:27:50.808   892  2022 D ConnectivityService: getActiveNetworkInfo networkInfo = [type: WIFI[], state: CONNECTED/CONNECTED, reason: (unspecified), extra: "Dapl server1", roaming: false, failover: false, isAvailable: true]
10-25 16:27:52.728  4491  4491 D ActivityThread: SVC-Destroying service: com.google.android.gms.chimera.GmsIntentOperationService@4173777
10-25 16:27:52.734  4491  4491 D ActivityThread: SVC-STOP_SERVICE handled : 0 / android.os.BinderProxy@89c576
10-25 16:27:53.229   892  2018 V BatteryService: VNOILBS mScreenOn=false level=77 mCriticalBatteryLevel=3 mNotificationLowBatteryStates=false OS_VERSION=true mNotificationChargeStates=true status=2
10-25 16:27:53.229   892  2018 V BatteryService: VNOILBS set solid green
10-25 16:27:53.230   892  2018 V BatteryService: VNOILBS mScreenOn=false level=77 mCriticalBatteryLevel=3 mNotificationLowBatteryStates=false OS_VERSION=true mNotificationChargeStates=true status=2
10-25 16:27:53.230   892  2018 V BatteryService: VNOILBS set solid green
10-25 16:27:53.232   892  1701 V BatteryService: VNOILBS mScreenOn=false level=77 mCriticalBatteryLevel=3 mNotificationLowBatteryStates=false OS_VERSION=true mNotificationChargeStates=true status=2
10-25 16:27:53.232   892  1701 V BatteryService: VNOILBS set solid green
10-25 16:27:53.237   892  2022 V BatteryService: VNOILBS mScreenOn=false level=77 mCriticalBatteryLevel=3 mNotificationLowBatteryStates=false OS_VERSION=true mNotificationChargeStates=true status=2
10-25 16:27:53.237   892  2022 V BatteryService: VNOILBS set solid green
10-25 16:27:53.238   892   892 V ActivityManager: Broadcast sticky: Intent { act=android.intent.action.BATTERY_CHANGED flg=0x60000010 (has extras) } ordered=false userid=-1 callerApp=null
10-25 16:27:53.240   892   892 D WifiService: onReceive, action:android.intent.action.BATTERY_CHANGED
10-25 16:27:53.251   892  1426 V ActivityManager: Broadcast: Intent { act=com.vivo.dismiss.lowpower flg=0x10 } ordered=false userid=0 callerApp=ProcessRecord{46312ec 1245:com.android.systemui/u0a22}
10-25 16:27:53.263   892  1130 I PackageManager: VIVO_DELAY_DEXOPT: packageName=com.google.android.videos
10-25 16:27:57.485   892  1839 W Watchdog: SWT Watchdog after wait current time:7353271
10-25 16:27:57.485   892  1839 W Watchdog: **Get SF Time **1
10-25 16:27:57.485   892  1839 W Watchdog: SWT Watchdog before synchronized:7353272
10-25 16:27:57.485   892  1839 W Watchdog: SWT Watchdog after synchronized:7353272
10-25 16:27:57.485   892  1839 W Watchdog: SWT Watchdog before wait timeout:30000
10-25 16:27:57.485   892  1839 W Watchdog: SWT Watchdog before wait current time:7353272
10-25 16:27:57.486   892  1839 W Watchdog: SWT Watchdog before wait start:7353272
10-25 16:27:57.486   892  1839 W Watchdog: SWT Watchdog before wait CHECK_INTERVAL:30000
10-25 16:28:00.000   892  1142 D DataShapingService: Alarm manager openLteDataUpLinkGate: false
10-25 16:28:00.000   892  1142 V AlarmManager: openLteGateSuccess = false
10-25 16:28:00.000   892  1142 V ActivityManager: Broadcast: Intent { act=android.intent.action.TIME_TICK flg=0x50000114 (has extras) } ordered=true userid=-1 callerApp=null
10-25 16:28:00.013   892   892 V AlarmManager: isPowerSavingStart  mIsEnabled = true   mIsUsbConnected = true   mScreenOff = true   mIsWFDConnected = false
10-25 16:28:00.013   892   892 D ActivityThread: BDC-Calling finishReceiver: IIntentReceiver=1a168ff
10-25 16:28:00.015   892   892 V AlarmManager: mSupportAlarmGrouping = true  mAmPlus = com.mediatek.amplus.AlarmManagerPlus@90e11b8
10-25 16:28:00.024   892   892 D ActivityThread: BDC-Calling finishReceiver: IIntentReceiver=40753b8
10-25 16:28:00.025  1245  1245 D ActivityThread: BDC-Calling finishReceiver: IIntentReceiver=73b7131
10-25 16:28:00.033  1409  1409 D ActivityThread: BDC-Calling finishReceiver: IIntentReceiver=c36549a
10-25 16:28:00.050  1245  1245 D ActivityThread: BDC-Calling finishReceiver: IIntentReceiver=182b84
10-25 16:28:00.054  1245  1245 D ActivityThread: BDC-Calling finishReceiver: IIntentReceiver=3a4ef6d
10-25 16:28:00.059  1245  1245 D ActivityThread: BDC-Calling finishReceiver: IIntentReceiver=97b57a2
10-25 16:28:00.064  1245  1245 D ActivityThread: BDC-Calling finishReceiver: IIntentReceiver=783dc33
10-25 16:28:00.094  1245  1245 D ActivityThread: BDC-Calling finishReceiver: IIntentReceiver=2ae7bf0
10-25 16:28:00.096  1245  1245 D ActivityThread: BDC-Calling finishReceiver: IIntentReceiver=9ae1569
10-25 16:28:00.115  1245  1245 D ActivityThread: BDC-Calling finishReceiver: IIntentReceiver=1db4bee
10-25 16:28:00.135  1245  1245 D ActivityThread: BDC-Calling finishReceiver: IIntentReceiver=396088f
10-25 16:28:00.137  2009  2009 D ActivityThread: BDC-Calling finishReceiver: IIntentReceiver=dd5e681
10-25 16:28:00.147  1245  1245 D ActivityThread: BDC-Calling finishReceiver: IIntentReceiver=b17671c
10-25 16:28:00.149  7055  7055 D ActivityThread: BDC-Calling finishReceiver: IIntentReceiver=f120b50
10-25 16:28:00.151  7055  7055 D ActivityThread: BDC-Calling finishReceiver: IIntentReceiver=a016149
10-25 16:28:00.153  7055  7055 D ActivityThread: BDC-Calling finishReceiver: IIntentReceiver=5b0da4e
10-25 16:28:00.160 16504 16504 D ActivityThread: BDC-Calling finishReceiver: IIntentReceiver=33ba970
10-25 16:28:00.163   892   892 D AlarmManager: onSendFinished begin
10-25 16:28:00.654   378  1120 D SocketClient: SocketClient sendData done: 613 IfaceClass idle 1 7356440087667
10-25 16:28:00.655   892  1155 D NetdConnector: RCV <- {613 IfaceClass idle 1 7356440087667}
10-25 16:28:00.656   892   936 D NetworkManagement: onEvent:613 IfaceClass idle 1 7356440087667:5
10-25 16:28:00.656   892   936 V ActivityManager: Broadcast: Intent { act=android.net.conn.DATA_ACTIVITY_CHANGE flg=0x10 (has extras) } ordered=true userid=-1 callerApp=ProcessRecord{a11efa8 892:system/1000}
10-25 16:28:00.657   892   936 V ActivityManager: Broadcast sticky: Intent { act=android.net.conn.DATA_ACTIVITY_CHANGE_CT flg=0x10 (has extras) } ordered=false userid=-1 callerApp=ProcessRecord{a11efa8 892:system/1000}
10-25 16:28:01.131  4491  4491 D ActivityThread: SVC-Creating service: CreateServiceData{token=android.os.BinderProxy@180e428 className=com.google.android.gms.chimera.GmsBoundBrokerService packageName=com.google.android.gms intent=null}
10-25 16:28:01.134  4491  4491 D ActivityThread: SVC-CREATE_SERVICE handled : 0 / CreateServiceData{token=android.os.BinderProxy@180e428 className=com.google.android.gms.chimera.GmsBoundBrokerService packageName=com.google.android.gms intent=null}
10-25 16:28:01.134  4491  4491 V ActivityThread: handleBindService s=com.google.android.gms.chimera.GmsBoundBrokerService@8558541 rebind=false
10-25 16:28:01.144  4491  4491 D ActivityThread: SVC-BIND_SERVICE handled : 0 / BindServiceData{token=android.os.BinderProxy@180e428 intent=Intent { act=com.google.android.gms.safetynet.service.START pkg=com.google.android.gms }}
10-25 16:28:01.154  4491  4491 D ActivityThread: SVC-Calling onStartCommand: com.google.android.gms.chimera.GmsBoundBrokerService@8558541, flags=0, startId=1
10-25 16:28:01.158  4491  4491 D ActivityThread: SVC-SERVICE_ARGS handled : 0 / ServiceArgsData{token=android.os.BinderProxy@180e428 startId=1 args=Intent { cmp=com.google.android.gms/.chimera.GmsBoundBrokerService }}
10-25 16:28:01.747   892  1130 I PackageManager: VIVO_DELAY_DEXOPT: packageName=com.android.vending
10-25 16:28:03.229   892  1282 V BatteryService: VNOILBS mScreenOn=false level=77 mCriticalBatteryLevel=3 mNotificationLowBatteryStates=false OS_VERSION=true mNotificationChargeStates=true status=2
10-25 16:28:03.229   892  1282 V BatteryService: VNOILBS set solid green
10-25 16:28:03.232   892  2026 V BatteryService: VNOILBS mScreenOn=false level=77 mCriticalBatteryLevel=3 mNotificationLowBatteryStates=false OS_VERSION=true mNotificationChargeStates=true status=2
10-25 16:28:03.232   892  2026 V BatteryService: VNOILBS set solid green
10-25 16:28:03.233   892  1283 V BatteryService: VNOILBS mScreenOn=false level=77 mCriticalBatteryLevel=3 mNotificationLowBatteryStates=false OS_VERSION=true mNotificationChargeStates=true status=2
10-25 16:28:03.233   892  1283 V BatteryService: VNOILBS set solid green
10-25 16:28:03.240   892  2018 V BatteryService: VNOILBS mScreenOn=false level=77 mCriticalBatteryLevel=3 mNotificationLowBatteryStates=false OS_VERSION=true mNotificationChargeStates=true status=2
10-25 16:28:03.240   892  2018 V BatteryService: VNOILBS set solid green
10-25 16:28:03.240   892   892 V ActivityManager: Broadcast sticky: Intent { act=android.intent.action.BATTERY_CHANGED flg=0x60000010 (has extras) } ordered=false userid=-1 callerApp=null
10-25 16:28:03.246   892   892 D WifiService: onReceive, action:android.intent.action.BATTERY_CHANGED
10-25 16:28:03.251   892  1701 V ActivityManager: Broadcast: Intent { act=com.vivo.dismiss.lowpower flg=0x10 } ordered=false userid=0 callerApp=ProcessRecord{46312ec 1245:com.android.systemui/u0a22}
10-25 16:28:03.535   892  1130 I PackageManager: VIVO_DELAY_DEXOPT: packageName=com.bbk.scene.indoor
10-25 16:28:03.908   892  1130 I PackageManager: VIVO_DELAY_DEXOPT: packageName=com.android.camera
10-25 16:28:06.139   892  1142 D DataShapingService: Alarm manager openLteDataUpLinkGate: false
10-25 16:28:06.139   892  1142 V AlarmManager: openLteGateSuccess = false
10-25 16:28:06.139   892  1142 V ActivityManager: Broadcast: Intent { act=android.content.jobscheduler.JOB_DEADLINE_EXPIRED flg=0x114 (has extras) } ordered=true userid=0 callerApp=null
10-25 16:28:06.154   892   892 D ActivityThread: BDC-Calling finishReceiver: IIntentReceiver=35c7897
10-25 16:28:06.165   892   892 D AlarmManager: onSendFinished begin
10-25 16:28:06.197   892   892 D AlarmManager:  alarm = Alarm{35379e2 type 2 when 7507863 com.google.android.gms} add to Batch{c891f77 num=1 start=7475786 end=10175786}
10-25 16:28:06.197   892   892 D AlarmManager:  alarm = Alarm{20b2e90 type 2 when 8042403 com.google.android.gms} add to Batch{b02d7e4 num=1 start=7231709 end=8581709 flgs=0x8}
10-25 16:28:06.197   892   892 D AlarmManager:  alarm = Alarm{b1c9bfc type 2 when 11290141 android} add to Batch{c55944d num=1 start=10328222 end=18428222}
10-25 16:28:06.199   892   892 D AlarmManager:  alarm = Alarm{35379e2 type 2 when 7507863 com.google.android.gms} add to Batch{42dcb02 num=1 start=7475787 end=10175787}
10-25 16:28:06.199   892   892 D AlarmManager:  alarm = Alarm{20b2e90 type 2 when 8042403 com.google.android.gms} add to Batch{e63c13 num=1 start=7231709 end=8581709 flgs=0x8}
10-25 16:28:06.199   892   892 D AlarmManager:  alarm = Alarm{b1c9bfc type 2 when 11290141 android} add to Batch{2078e50 num=1 start=10835150 end=13535150}
10-25 16:28:06.205   892  1142 D DataShapingService: Alarm manager openLteDataUpLinkGate: false
10-25 16:28:06.205   892  1142 V AlarmManager: openLteGateSuccess = false
10-25 16:28:06.205   892  1142 V ActivityManager: Broadcast: Intent { act=android.content.jobscheduler.JOB_DELAY_EXPIRED flg=0x114 (has extras) } ordered=true userid=0 callerApp=null
10-25 16:28:06.210   892   892 D ActivityThread: BDC-Calling finishReceiver: IIntentReceiver=35c7897
10-25 16:28:06.214   892   892 D AlarmManager: onSendFinished begin
10-25 16:28:11.210   892  1142 D DataShapingService: Alarm manager openLteDataUpLinkGate: false
10-25 16:28:11.210   892  1142 V AlarmManager: openLteGateSuccess = false
10-25 16:28:11.210   892  1142 V ActivityManager: Broadcast: Intent { act=android.content.jobscheduler.JOB_DELAY_EXPIRED flg=0x114 (has extras) } ordered=true userid=0 callerApp=null
10-25 16:28:11.222   892   892 D ActivityThread: BDC-Calling finishReceiver: IIntentReceiver=35c7897
10-25 16:28:11.246 16380 16380 D ActivityThread: SVC-Creating service: CreateServiceData{token=android.os.BinderProxy@75d3fad className=com.google.android.finsky.scheduler.JobSchedulerEngine$PhoneskyJobSchedulerJobService packageName=com.android.vending intent=null}
10-25 16:28:11.246 16380 16380 D ActivityThread: SVC-CREATE_SERVICE handled : 0 / CreateServiceData{token=android.os.BinderProxy@75d3fad className=com.google.android.finsky.scheduler.JobSchedulerEngine$PhoneskyJobSchedulerJobService packageName=com.android.vending intent=null}
10-25 16:28:11.248 16380 16380 V ActivityThread: handleBindService s=com.google.android.finsky.scheduler.JobSchedulerEngine$PhoneskyJobSchedulerJobService@8e902e2 rebind=false
10-25 16:28:11.260   892   892 D AlarmManager: onSendFinished begin
10-25 16:28:11.273 16380 16380 D ActivityThread: SVC-BIND_SERVICE handled : 0 / BindServiceData{token=android.os.BinderProxy@75d3fad intent=Intent { act=android.vivo.JobService cmp=com.android.vending/com.google.android.finsky.scheduler.JobSchedulerEngine$PhoneskyJobSchedulerJobService (has extras) }}
10-25 16:28:11.278   892  2026 D AlarmManager:  alarm = Alarm{35379e2 type 2 when 7507863 com.google.android.gms} add to Batch{1be0214 num=1 start=7475787 end=10175787}
10-25 16:28:11.279   892  2026 D AlarmManager:  alarm = Alarm{20b2e90 type 2 when 8042403 com.google.android.gms} add to Batch{2012abd num=1 start=7231709 end=8581709 flgs=0x8}
10-25 16:28:11.279   892  2026 D AlarmManager:  alarm = Alarm{b1c9bfc type 2 when 11290141 android} add to Batch{b2f8b2 num=1 start=10328222 end=18428222}
10-25 16:28:11.287   892  2018 D AlarmManager:  alarm = Alarm{35379e2 type 2 when 7507863 com.google.android.gms} add to Batch{fa65003 num=1 start=7475787 end=10175787}
10-25 16:28:11.288   892  2018 D AlarmManager:  alarm = Alarm{20b2e90 type 2 when 8042403 com.google.android.gms} add to Batch{b832b80 num=1 start=7231709 end=8581709 flgs=0x8}
10-25 16:28:11.288   892  2018 D AlarmManager:  alarm = Alarm{b1c9bfc type 2 when 11290141 android} add to Batch{31ab5b9 num=1 start=10835149 end=13535149}
10-25 16:28:11.293   892  2027 D ConnectivityService: getActiveNetworkInfo networkInfo = [type: WIFI[], state: CONNECTED/CONNECTED, reason: (unspecified), extra: "Dapl server1", roaming: false, failover: false, isAvailable: true]
10-25 16:28:11.294   892  1700 I NetworkIdentity: buildNetworkIdentity:
10-25 16:28:11.295   892  1700 I NetworkIdentity: networkId = Dapl server1
10-25 16:28:11.315   892   909 D AlarmManager:  alarm = Alarm{35379e2 type 2 when 7507863 com.google.android.gms} add to Batch{bd3edfe num=1 start=7475787 end=10175787}
10-25 16:28:11.315   892   909 D AlarmManager:  alarm = Alarm{20b2e90 type 2 when 8042403 com.google.android.gms} add to Batch{c33e95f num=1 start=7231709 end=8581709 flgs=0x8}
10-25 16:28:11.315   892   909 D AlarmManager:  alarm = Alarm{b1c9bfc type 2 when 11290141 android} add to Batch{1af7fac num=1 start=10328222 end=18428222}
10-25 16:28:11.321   892  2025 D AlarmManager:  alarm = Alarm{35379e2 type 2 when 7507863 com.google.android.gms} add to Batch{ba7f475 num=1 start=7475787 end=10175787}
10-25 16:28:11.321   892  2025 D AlarmManager:  alarm = Alarm{20b2e90 type 2 when 8042403 com.google.android.gms} add to Batch{a7cec0a num=1 start=7231709 end=8581709 flgs=0x8}
10-25 16:28:11.321   892  2025 D AlarmManager:  alarm = Alarm{b1c9bfc type 2 when 11290141 android} add to Batch{d7bc7b num=1 start=10835150 end=13535150}
10-25 16:28:11.326   892  2026 D ConnectivityService: getActiveNetworkInfo networkInfo = [type: WIFI[], state: CONNECTED/CONNECTED, reason: (unspecified), extra: "Dapl server1", roaming: false, failover: false, isAvailable: true]
10-25 16:28:11.326   892  1283 I NetworkIdentity: buildNetworkIdentity:
10-25 16:28:11.327   892  1283 I NetworkIdentity: networkId = Dapl server1
10-25 16:28:11.332   892   892 D AlarmManager:  alarm = Alarm{35379e2 type 2 when 7507863 com.google.android.gms} add to Batch{96aea98 num=1 start=7475787 end=10175787}
10-25 16:28:11.332   892   892 D AlarmManager:  alarm = Alarm{20b2e90 type 2 when 8042403 com.google.android.gms} add to Batch{f9062f1 num=1 start=7231709 end=8581709 flgs=0x8}
10-25 16:28:11.332   892   892 D AlarmManager:  alarm = Alarm{b1c9bfc type 2 when 11290141 android} add to Batch{605bed6 num=1 start=10328222 end=18428222}
10-25 16:28:11.333   378  1120 D SocketClient: SocketClient sendData done: 613 IfaceClass active 1 7367119429129 10017
10-25 16:28:11.334   892   892 D AlarmManager:  alarm = Alarm{35379e2 type 2 when 7507863 com.google.android.gms} add to Batch{1ba557 num=1 start=7475787 end=10175787}
10-25 16:28:11.334   892   892 D AlarmManager:  alarm = Alarm{20b2e90 type 2 when 8042403 com.google.android.gms} add to Batch{701844 num=1 start=7231709 end=8581709 flgs=0x8}
10-25 16:28:11.335   892   892 D AlarmManager:  alarm = Alarm{b1c9bfc type 2 when 11290141 android} add to Batch{fb73d2d num=1 start=10835150 end=13535150}
10-25 16:28:11.335   892  1155 D NetdConnector: RCV <- {613 IfaceClass active 1 7367119429129 10017}
10-25 16:28:11.335   892   936 D NetworkManagement: onEvent:613 IfaceClass active 1 7367119429129 10017:6
10-25 16:28:11.336   892   936 V ActivityManager: Broadcast: Intent { act=android.net.conn.DATA_ACTIVITY_CHANGE flg=0x10 (has extras) } ordered=true userid=-1 callerApp=ProcessRecord{a11efa8 892:system/1000}
10-25 16:28:11.336   892   936 V ActivityManager: Broadcast sticky: Intent { act=android.net.conn.DATA_ACTIVITY_CHANGE_CT flg=0x10 (has extras) } ordered=false userid=-1 callerApp=ProcessRecord{a11efa8 892:system/1000}
10-25 16:28:11.342   892   892 D AlarmManager:  alarm = Alarm{35379e2 type 2 when 7507863 com.google.android.gms} add to Batch{df77f29 num=1 start=7475787 end=10175787}
10-25 16:28:11.342   892   892 D AlarmManager:  alarm = Alarm{20b2e90 type 2 when 8042403 com.google.android.gms} add to Batch{dd5d2ae num=1 start=7231709 end=8581709 flgs=0x8}
10-25 16:28:11.342   892   892 D AlarmManager:  alarm = Alarm{b1c9bfc type 2 when 11290141 android} add to Batch{acfe84f num=1 start=10328222 end=18428222}
10-25 16:28:11.344   892   892 D AlarmManager:  alarm = Alarm{35379e2 type 2 when 7507863 com.google.android.gms} add to Batch{f682bdc num=1 start=7475787 end=10175787}
10-25 16:28:11.344   892   892 D AlarmManager:  alarm = Alarm{20b2e90 type 2 when 8042403 com.google.android.gms} add to Batch{4dfe4e5 num=1 start=7231709 end=8581709 flgs=0x8}
10-25 16:28:11.344   892   892 D AlarmManager:  alarm = Alarm{b1c9bfc type 2 when 11290141 android} add to Batch{9306bba num=1 start=10835150 end=13535150}
10-25 16:28:11.346   892   892 D AlarmManager:  alarm = Alarm{35379e2 type 2 when 7507863 com.google.android.gms} add to Batch{93a29c8 num=1 start=7475786 end=10175786}
10-25 16:28:11.346   892   892 D AlarmManager:  alarm = Alarm{20b2e90 type 2 when 8042403 com.google.android.gms} add to Batch{f2eea61 num=1 start=7231709 end=8581709 flgs=0x8}
10-25 16:28:11.346   892   892 D AlarmManager:  alarm = Alarm{b1c9bfc type 2 when 11290141 android} add to Batch{a698986 num=1 start=10328222 end=18428222}
10-25 16:28:11.673   892  1993 D ConnectivityService: getActiveNetworkInfo networkInfo = [type: WIFI[], state: CONNECTED/CONNECTED, reason: (unspecified), extra: "Dapl server1", roaming: false, failover: false, isAvailable: true]
10-25 16:28:11.674   892  1994 I NetworkIdentity: buildNetworkIdentity:
10-25 16:28:11.677   892  1994 I NetworkIdentity: networkId = Dapl server1
10-25 16:28:11.746   892  2026 D ConnectivityService: getActiveNetworkInfo networkInfo = [type: WIFI[], state: CONNECTED/CONNECTED, reason: (unspecified), extra: "Dapl server1", roaming: false, failover: false, isAvailable: true]
10-25 16:28:11.747   892  1283 I NetworkIdentity: buildNetworkIdentity:
10-25 16:28:11.747   892  1283 I NetworkIdentity: networkId = Dapl server1
10-25 16:28:11.754   892   892 D AlarmManager:  alarm = Alarm{35379e2 type 2 when 7507863 com.google.android.gms} add to Batch{fc4b812 num=1 start=7475787 end=10175787}
10-25 16:28:11.754   892   892 D AlarmManager:  alarm = Alarm{20b2e90 type 2 when 8042403 com.google.android.gms} add to Batch{6c40be3 num=1 start=7231709 end=8581709 flgs=0x8}
10-25 16:28:11.754   892   892 D AlarmManager:  alarm = Alarm{b1c9bfc type 2 when 11290141 android} add to Batch{1aa69e0 num=1 start=10835150 end=13535150}
10-25 16:28:11.757   892   892 D AlarmManager:  alarm = Alarm{35379e2 type 2 when 7507863 com.google.android.gms} add to Batch{5118499 num=1 start=7475787 end=10175787}
10-25 16:28:11.757   892   892 D AlarmManager:  alarm = Alarm{20b2e90 type 2 when 8042403 com.google.android.gms} add to Batch{632435e num=1 start=7231709 end=8581709 flgs=0x8}
10-25 16:28:11.757   892   892 D AlarmManager:  alarm = Alarm{b1c9bfc type 2 when 11290141 android} add to Batch{ca1833f num=1 start=10328222 end=18428222}
10-25 16:28:11.761   892  1426 D AlarmManager:  alarm = Alarm{35379e2 type 2 when 7507863 com.google.android.gms} add to Batch{87c440c num=1 start=7475786 end=10175786}
10-25 16:28:11.761   892  1426 D AlarmManager:  alarm = Alarm{20b2e90 type 2 when 8042403 com.google.android.gms} add to Batch{6ecd155 num=1 start=7231709 end=8581709 flgs=0x8}
10-25 16:28:11.761   892  1426 D AlarmManager:  alarm = Alarm{b1c9bfc type 2 when 11290141 android} add to Batch{75b376a num=1 start=10835150 end=13535150}
10-25 16:28:11.763   892  1426 D AlarmManager:  alarm = Alarm{35379e2 type 2 when 7507863 com.google.android.gms} add to Batch{2b5145b num=1 start=7475787 end=10175787}
10-25 16:28:11.763   892  1426 D AlarmManager:  alarm = Alarm{20b2e90 type 2 when 8042403 com.google.android.gms} add to Batch{caf94f8 num=1 start=7231709 end=8581709 flgs=0x8}
10-25 16:28:11.764   892  1426 D AlarmManager:  alarm = Alarm{b1c9bfc type 2 when 11290141 android} add to Batch{5f62dd1 num=1 start=10328221 end=18428221}
10-25 16:28:11.766   892  2027 D AlarmManager:  alarm = Alarm{35379e2 type 2 when 7507863 com.google.android.gms} add to Batch{c6d6036 num=1 start=7475787 end=10175787}
10-25 16:28:11.766   892  2027 D AlarmManager:  alarm = Alarm{20b2e90 type 2 when 8042403 com.google.android.gms} add to Batch{da69b37 num=1 start=7231709 end=8581709 flgs=0x8}
10-25 16:28:11.766   892  2027 D AlarmManager:  alarm = Alarm{b1c9bfc type 2 when 11290141 android} add to Batch{6c508a4 num=1 start=10835150 end=13535150}
10-25 16:28:11.768   892  2027 D AlarmManager:  alarm = Alarm{35379e2 type 2 when 7507863 com.google.android.gms} add to Batch{d5ed60d num=1 start=7475787 end=10175787}
10-25 16:28:11.768   892  2027 D AlarmManager:  alarm = Alarm{20b2e90 type 2 when 8042403 com.google.android.gms} add to Batch{1a749c2 num=1 start=7231709 end=8581709 flgs=0x8}
10-25 16:28:11.769   892  2027 D AlarmManager:  alarm = Alarm{b1c9bfc type 2 when 11290141 android} add to Batch{abfb3d3 num=1 start=10328221 end=18428221}
10-25 16:28:11.780 16380 16380 D ActivityThread: SVC-UNBIND_SERVICE handled : 0 / BindServiceData{token=android.os.BinderProxy@75d3fad intent=Intent { act=android.vivo.JobService cmp=com.android.vending/com.google.android.finsky.scheduler.JobSchedulerEngine$PhoneskyJobSchedulerJobService (has extras) }}
10-25 16:28:11.780 16380 16380 D ActivityThread: SVC-Destroying service: com.google.android.finsky.scheduler.JobSchedulerEngine$PhoneskyJobSchedulerJobService@8e902e2
10-25 16:28:11.780 16380 16380 D ActivityThread: SVC-STOP_SERVICE handled : 0 / android.os.BinderProxy@75d3fad
10-25 16:28:13.229   892  1282 V BatteryService: VNOILBS mScreenOn=false level=77 mCriticalBatteryLevel=3 mNotificationLowBatteryStates=false OS_VERSION=true mNotificationChargeStates=true status=2
10-25 16:28:13.229   892  1282 V BatteryService: VNOILBS set solid green
10-25 16:28:13.246   892  2026 V BatteryService: VNOILBS mScreenOn=false level=77 mCriticalBatteryLevel=3 mNotificationLowBatteryStates=false OS_VERSION=true mNotificationChargeStates=true status=2
10-25 16:28:13.246   892  2026 V BatteryService: VNOILBS set solid green
10-25 16:28:13.250   892  1283 V BatteryService: VNOILBS mScreenOn=false level=77 mCriticalBatteryLevel=3 mNotificationLowBatteryStates=false OS_VERSION=true mNotificationChargeStates=true status=2
10-25 16:28:13.250   892  1283 V BatteryService: VNOILBS set solid green
10-25 16:28:13.265   892  2018 V BatteryService: VNOILBS mScreenOn=false level=77 mCriticalBatteryLevel=3 mNotificationLowBatteryStates=false OS_VERSION=true mNotificationChargeStates=true status=2
10-25 16:28:13.265   892  2018 V BatteryService: VNOILBS set solid green
10-25 16:28:13.266   892   892 V ActivityManager: Broadcast sticky: Intent { act=android.intent.action.BATTERY_CHANGED flg=0x60000010 (has extras) } ordered=false userid=-1 callerApp=null
--------- beginning of main
10-25 16:28:13.274  1245  1245 I BatteryController: SystemUI|mLevel = 77, mLastLevel = 77
10-25 16:28:13.275  1409  1409 I WarningMessage: receiver: action isandroid.intent.action.BATTERY_CHANGED mBatteryPowerConnetDialog=true mShowChargerOverVoltageDialog=true
10-25 16:28:13.275  1409  1409 D DeviceListener: ++onReceive++:android.intent.action.BATTERY_CHANGED
10-25 16:28:13.275  1409  1409 D DeviceListener: onReceiveandroid.intent.action.BATTERY_CHANGED
10-25 16:28:13.275  1409  1409 I UsbDeviceManagerService: mUsbReceiver action:android.intent.action.BATTERY_CHANGED mConnected:false mLastConnected:false
10-25 16:28:13.275  1409  1409 I UsbDeviceManagerService: mUsbReceiver ACTION_BATTERY_CHANGED plugType:2 FEATURE_FAST_CHARGE:false mRomVersion:3.0 isSysBootCompleted:true mLastBatteryPlug:false mBatteryPlug:false
10-25 16:28:13.276  2009  2009 D SwitcherUpdateMonitor: receive broadcast, action = android.intent.action.BATTERY_CHANGED
10-25 16:28:13.277   892  1701 V ActivityManager: Broadcast: Intent { act=com.vivo.dismiss.lowpower flg=0x10 } ordered=false userid=0 callerApp=ProcessRecord{46312ec 1245:com.android.systemui/u0a22}
10-25 16:28:13.280   892   892 D tethering: >>>>> Dispatching to Handler (android.app.ActivityThread$H) {c3a6cda} android.app.LoadedApk$ReceiverDispatcher$Args@f05b9c5: 0
10-25 16:28:13.280   892   892 D tethering: <<<<< Finished to Handler (android.app.ActivityThread$H) {c3a6cda} android.app.LoadedApk$ReceiverDispatcher$Args@f05b9c5
10-25 16:28:13.281   892   892 D tethering: >>>>> Dispatching to Handler (android.app.ActivityThread$H) {c3a6cda} android.app.LoadedApk$ReceiverDispatcher$Args@7684f1a: 0
10-25 16:28:13.281   892   892 D tethering: <<<<< Finished to Handler (android.app.ActivityThread$H) {c3a6cda} android.app.LoadedApk$ReceiverDispatcher$Args@7684f1a
10-25 16:28:13.281   892   892 D tethering: >>>>> Dispatching to Handler (android.app.ActivityThread$H) {c3a6cda} android.app.LoadedApk$ReceiverDispatcher$Args@79fca4b: 0
10-25 16:28:13.281   892   892 D FeatureService: onReceive action android.intent.action.BATTERY_CHANGED
10-25 16:28:13.281   892   892 D tethering: <<<<< Finished to Handler (android.app.ActivityThread$H) {c3a6cda} android.app.LoadedApk$ReceiverDispatcher$Args@79fca4b
10-25 16:28:13.281   892   892 D tethering: >>>>> Dispatching to Handler (android.app.ActivityThread$H) {c3a6cda} android.app.LoadedApk$ReceiverDispatcher$Args@fae2c28: 0
10-25 16:28:13.281   892   892 D tethering: <<<<< Finished to Handler (android.app.ActivityThread$H) {c3a6cda} android.app.LoadedApk$ReceiverDispatcher$Args@fae2c28
10-25 16:28:13.281   892   892 D tethering: >>>>> Dispatching to Handler (android.app.ActivityThread$H) {c3a6cda} android.app.LoadedApk$ReceiverDispatcher$Args@d8d2d41: 0
10-25 16:28:13.281   892   892 D WifiService: onReceive, action:android.intent.action.BATTERY_CHANGED
10-25 16:28:13.281   892   892 D tethering: <<<<< Finished to Handler (android.app.ActivityThread$H) {c3a6cda} android.app.LoadedApk$ReceiverDispatcher$Args@d8d2d41
10-25 16:28:13.281   892   892 D tethering: >>>>> Dispatching to Handler (android.app.ActivityThread$H) {c3a6cda} android.app.LoadedApk$ReceiverDispatcher$Args@a2c42e6: 0
10-25 16:28:13.281   892   892 D tethering: <<<<< Finished to Handler (android.app.ActivityThread$H) {c3a6cda} android.app.LoadedApk$ReceiverDispatcher$Args@a2c42e6
10-25 16:28:13.292   892  1161 D WifiController: DeviceActiveState{ when=-10ms what=155652 arg1=2 target=com.android.internal.util.StateMachine$SmHandler }
10-25 16:28:13.292   892  1161 D WifiController: StaEnabledState{ when=-11ms what=155652 arg1=2 target=com.android.internal.util.StateMachine$SmHandler }
10-25 16:28:13.292   892  1161 D WifiController: DefaultState{ when=-11ms what=155652 arg1=2 target=com.android.internal.util.StateMachine$SmHandler }
10-25 16:28:13.292   892  1161 D WifiController: battery changed pluggedType: 2
10-25 16:28:13.292   892  1161 D WifiController: wifiSleepPolicy:2
10-25 16:28:13.292   892  1161 D WifiController: wifiSleepPolicy:2
10-25 16:28:13.298  1245  1245 D KeyguardUpdateMonitor: handleBatteryUpdate
10-25 16:28:13.305  2722  2722 D _V_BBKMusic/MusicService: ========action = android.intent.action.BATTERY_CHANGED
10-25 16:28:13.765   409   409 I thermal_repeater: oh, queryMdThermalInfo (0)No such file or directory
10-25 16:28:13.780   409   409 I thermal_repeater: [recvMdThermalInfo] ret=25, strLen=127,  3, 38, -127, 0, 32767, 1
10-25 16:28:14.700  1391  1544 D DataFormatter: Normal bytes 252
10-25 16:28:14.703  1391  1544 D DataUsageService: NetSpeed 0.2K/s 
10-25 16:28:14.705 16380 16399 I System.out: [CDS]rx timeout:18000
10-25 16:28:14.705 16380 16399 I System.out: [CDS]rx timeout:18000
10-25 16:28:14.706 16380 16399 I System.out: [CDS]SO_SND_TIMEOUT:0
10-25 16:28:14.706 16380 16399 I System.out: [OkHttp] sendRequest>>
10-25 16:28:14.706 16380 16399 I System.out: [OkHttp] sendRequest<<
10-25 16:28:14.706 16380 16399 D NativeCrypto: ssl=0xd722cf00 sslWrite buf=0xeb9ab800 len=232 write_timeout_millis=0
10-25 16:28:14.715 16380 16399 D NativeCrypto: ssl=0xd722cf00 sslRead buf=0xeb9ab800 len=2048,timeo=18000
10-25 16:28:15.033   406   406 I thermal_src: wake up function 3
10-25 16:28:15.033   406   406 I thermal_src: TA_DAEMON_CMD_GET_TPCB cmd=0x5, len=4 PCB=32000
10-25 16:28:15.033   406   406 I thermal_src: TA_DAEMON_CMD_SET_TTJ cmd=0x4, len=4 Tj=85000
10-25 16:28:15.033   406   406 I thermal_src: waiting NOTIFY from kernel...
10-25 16:28:15.053   892   909 D ConnectivityService: getActiveNetworkInfo networkInfo = [type: WIFI[], state: CONNECTED/CONNECTED, reason: (unspecified), extra: "Dapl server1", roaming: false, failover: false, isAvailable: true]
10-25 16:28:15.054   892   921 I NetworkIdentity: buildNetworkIdentity:
10-25 16:28:15.056   892   921 I NetworkIdentity: networkId = Dapl server1
10-25 16:28:15.061  1677  2601 D SettingsInterface:  from settings cache , name = multi_sim_voice_call , value = 1
10-25 16:28:15.720   892   892 D tethering: >>>>> Dispatching to Handler (android.os.Handler) {5209c0d} com.vivo.services.engineerutile.BBKEngineerUtileService$1@d7c97c2: 0
10-25 16:28:15.721   892   892 D tethering: <<<<< Finished to Handler (android.os.Handler) {5209c0d} com.vivo.services.engineerutile.BBKEngineerUtileService$1@d7c97c2
10-25 16:28:16.214  4491  4491 D ActivityThread: SVC-UNBIND_SERVICE handled : 0 / BindServiceData{token=android.os.BinderProxy@180e428 intent=Intent { act=com.google.android.gms.safetynet.service.START pkg=com.google.android.gms }}
10-25 16:28:16.214  4491  4491 D ActivityThread: SVC-Destroying service: com.google.android.gms.chimera.GmsBoundBrokerService@8558541
10-25 16:28:16.218  4491  4491 D ActivityThread: SVC-STOP_SERVICE handled : 0 / android.os.BinderProxy@180e428
10-25 16:28:16.231   296  8410 I MAL-Daemon:  (        ru_syssig_hndler,  441) [RDS-I][ru_syssig_hndler] Send Event: 688 
10-25 16:28:16.231   296  8410 I MAL-Daemon:  (        ru_syssig_hndler,  442) [RDS-I][RDS][RU][ru_syssig_hndler] ru_check_ctx_ptr<0xf5df5460, 0xf5df5460>
10-25 16:28:16.231   296  8410 W MAL-Daemon:  (    mdfx_task_send_event,  636) mdfx_task_send_event(): [ACT] should NOT enter this leagcy API!!
10-25 16:28:16.231   296  8410 I MAL-Daemon:  (    ru_send_event_entity,  373) [RDS-I][RDS][RU][ru_send_event_entity] send event 688 to 602 with ret(0)
10-25 16:28:16.232   296   615 I MAL-Daemon:  (             rds_ru_task,  463) [RDS-I][RU][rds_ru_task] RCV Event: 688 
10-25 16:28:16.246   296   615 D MAL-Daemon:  (     ru_wsl_poll_wpainfo,  662) [RDS-D][RDS][RU][ru_wsl_poll_wpainfo]socket recv pktlen(48) 
10-25 16:28:16.246   296   615 D MAL-Daemon:  (rds_ru_ws_rssi_timer_exp,  775) [RDS-D][RU][rds_ru_ws_rssi_timer_expire_hdlr][RDS] get rssi = -66, snr = 9999 
10-25 16:28:16.248   296   615 I MAL-Daemon:  (          ru_get_netstat, 5890) [RDS-I][RU][ru_get_netstat] netstat <thrghpt, pkterrt>, wifi <697, 0%>, mobile <756, 0%>
10-25 16:28:16.248   296   615 I MAL-Daemon:  (    ru_send_event_entity,  373) [RDS-I][RDS][RU][ru_send_event_entity] send event 614 to 1233 with ret(0)
10-25 16:28:16.248  1979  2064 I MFI-Conn:  (     mfia_task_bootstrap,  944) mfia_task_bootstrap(): an event 614 incoming
10-25 16:28:16.248  1979  2084 I MFI-Conn:  (             rds_urc_hdl,  276) [RDS][rds_urc_hdl] RCV Event: 614 
10-25 16:28:16.249  1979  2084 I MFI-Conn:  (             rds_urc_hdl,  391) [RDS][IF][rds_urc_hdl] data_base update: pkterrt(0) 
10-25 16:28:16.253  2129  2147 D VoLTE SOC: select thread go --> handle socket. (vendor/mediatek/proprietary/frameworks/opt/volte/volte_stack/src/soc/soc_data.c:375)
10-25 16:28:16.253  2129  2147 D VoLTE SOC: soc_add_2_fdsets: socket id: 21, idx: 786443 (0xf65f7600) (vendor/mediatek/proprietary/frameworks/opt/volte/volte_stack/src/soc/soc_data.c:409)
10-25 16:28:16.253  2129  2147 D VoLTE SOC: soc_add_2_fdsets: socket id: 29, idx: 720906 (0xf65f7400) (vendor/mediatek/proprietary/frameworks/opt/volte/volte_stack/src/soc/soc_data.c:409)
10-25 16:28:16.253  2129  2147 D VoLTE SOC: soc_add_2_fdsets: socket id: 28, idx: 655369 (0xf65f7200) (vendor/mediatek/proprietary/frameworks/opt/volte/volte_stack/src/soc/soc_data.c:409)
10-25 16:28:16.253  2129  2147 D VoLTE SOC: soc_add_2_fdsets: socket id: 20, idx: 524295 (0xf663fe00) (vendor/mediatek/proprietary/frameworks/opt/volte/volte_stack/src/soc/soc_data.c:409)
10-25 16:28:16.253  2129  2147 D VoLTE SOC: soc_add_2_fdsets: socket id: 24, idx: 458758 (0xf663fc00) (vendor/mediatek/proprietary/frameworks/opt/volte/volte_stack/src/soc/soc_data.c:409)
10-25 16:28:16.253  2129  2147 D VoLTE SOC: soc_add_2_fdsets: socket id: 23, idx: 393221 (0xf663fa00) (vendor/mediatek/proprietary/frameworks/opt/volte/volte_stack/src/soc/soc_data.c:409)
10-25 16:28:16.254  2129  2147 D VoLTE SOC: soc_add_2_fdsets: socket id: 22, idx: 327684 (0xf663f800) (vendor/mediatek/proprietary/frameworks/opt/volte/volte_stack/src/soc/soc_data.c:409)
10-25 16:28:16.254  2129  2147 D VoLTE SOC: soc_add_2_fdsets: socket id: 19, idx: 131073 (0xf663f200) (vendor/mediatek/proprietary/frameworks/opt/volte/volte_stack/src/soc/soc_data.c:409)
10-25 16:28:16.254  2129  2147 D VoLTE SOC: soc_add_2_fdsets: socket id: 18, idx: 65536 (0xf663f000) (vendor/mediatek/proprietary/frameworks/opt/volte/volte_stack/src/soc/soc_data.c:409)
10-25 16:28:17.704  1391  1544 D DataFormatter: Normal bytes 470
10-25 16:28:17.708  1391  1544 D DataUsageService: NetSpeed 0.5K/s 
10-25 16:28:18.724   892   892 D tethering: >>>>> Dispatching to Handler (android.os.Handler) {5209c0d} com.vivo.services.engineerutile.BBKEngineerUtileService$1@d7c97c2: 0
10-25 16:28:18.725   892   892 D tethering: <<<<< Finished to Handler (android.os.Handler) {5209c0d} com.vivo.services.engineerutile.BBKEngineerUtileService$1@d7c97c2
10-25 16:28:18.785   409   409 I thermal_repeater: select timeout
10-25 16:28:19.231   296  8410 I MAL-Daemon:  (        ru_syssig_hndler,  441) [RDS-I][ru_syssig_hndler] Send Event: 688 
10-25 16:28:19.231   296  8410 I MAL-Daemon:  (        ru_syssig_hndler,  442) [RDS-I][RDS][RU][ru_syssig_hndler] ru_check_ctx_ptr<0xf5df5460, 0xf5df5460>
10-25 16:28:19.231   296  8410 W MAL-Daemon:  (    mdfx_task_send_event,  636) mdfx_task_send_event(): [ACT] should NOT enter this leagcy API!!
10-25 16:28:19.231   296  8410 I MAL-Daemon:  (    ru_send_event_entity,  373) [RDS-I][RDS][RU][ru_send_event_entity] send event 688 to 602 with ret(0)
10-25 16:28:19.232   296   615 I MAL-Daemon:  (             rds_ru_task,  463) [RDS-I][RU][rds_ru_task] RCV Event: 688 
10-25 16:28:19.246   296   615 D MAL-Daemon:  (     ru_wsl_poll_wpainfo,  662) [RDS-D][RDS][RU][ru_wsl_poll_wpainfo]socket recv pktlen(48) 
10-25 16:28:19.246   296   615 D MAL-Daemon:  (rds_ru_ws_rssi_timer_exp,  775) [RDS-D][RU][rds_ru_ws_rssi_timer_expire_hdlr][RDS] get rssi = -67, snr = 9999 
10-25 16:28:19.246   296   615 I MAL-Daemon:  (  ru_wsl_wifi_status_ind,  757) [RDS-I][RDS][RU][ru_wsl_wifi_status_ind] ru_check_ctx_ptr<0xf5df5460, 0xf5df5460>
10-25 16:28:19.246   296   615 W MAL-Daemon:  (    mdfx_task_send_event,  636) mdfx_task_send_event(): [ACT] should NOT enter this leagcy API!!
10-25 16:28:19.246   296   615 I MAL-Daemon:  (    ru_send_event_entity,  373) [RDS-I][RDS][RU][ru_send_event_entity] send event 604 to 602 with ret(0)
10-25 16:28:19.247   296   615 I MAL-Daemon:  (          ru_get_netstat, 5890) [RDS-I][RU][ru_get_netstat] netstat <thrghpt, pkterrt>, wifi <84, 0%>, mobile <756, 0%>
10-25 16:28:19.247   296   615 I MAL-Daemon:  (    ru_send_event_entity,  373) [RDS-I][RDS][RU][ru_send_event_entity] send event 614 to 1233 with ret(0)
10-25 16:28:19.247   296   615 I MAL-Daemon:  (             rds_ru_task,  463) [RDS-I][RU][rds_ru_task] RCV Event: 604 
10-25 16:28:19.248   296   615 I MAL-Daemon:  (  rds_ru_wifi_status_ind, 1421) [RDS-I][RU][EVENT_RU_WS_WIFI_STATUS_IND] fgwifi_en:1(no use) i4wifirssi:0xffffffbd i4wifisnr:0x270f
10-25 16:28:19.248   296   615 I MAL-Daemon:  (    ru_send_event_entity,  373) [RDS-I][RDS][RU][ru_send_event_entity] send event 615 to 1233 with ret(0)
10-25 16:28:19.248   296   615 I MAL-Daemon:  (          rds_ru_rpl_gen, 5456) [RDS-I][RU][rds_ru_rpl_gen][RDS][OP147] TYPE : <0>, UI Policy : <3>, RDS Policy : <3>
10-25 16:28:19.248   296   615 I MAL-Daemon:  (      rds_cell_only_orng, 3804) [RDS-I][RU][RDS IMS/MMS][rds_cell_only_orng] 
10-25 16:28:19.248   296   615 I MAL-Daemon:  (          rds_ru_rpl_gen, 5467) [RDS-I][RU][rds_ru_rpl_gen][RDS][OP147] TYPE : <0>, RAN1 : <1> ,RAN2 : <254>
10-25 16:28:19.248   296   615 I MAL-Daemon:  (          rds_ru_rpl_gen, 5456) [RDS-I][RU][rds_ru_rpl_gen][RDS][OP147] TYPE : <1>, UI Policy : <3>, RDS Policy : <3>
10-25 16:28:19.248   296   615 I MAL-Daemon:  (      rds_cell_only_orng, 3804) [RDS-I][RU][RDS IMS/MMS][rds_cell_only_orng] 
10-25 16:28:19.248   296   615 I MAL-Daemon:  (          rds_ru_rpl_gen, 5467) [RDS-I][RU][rds_ru_rpl_gen][RDS][OP147] TYPE : <1>, RAN1 : <1> ,RAN2 : <254>
10-25 16:28:19.248   296   615 I MAL-Daemon:  (          rds_ru_rpl_gen, 5456) [RDS-I][RU][rds_ru_rpl_gen][RDS][OP147] TYPE : <2>, UI Policy : <3>, RDS Policy : <3>
10-25 16:28:19.248   296   615 I MAL-Daemon:  (      rds_cell_only_orng, 3804) [RDS-I][RU][RDS IMS/MMS][rds_cell_only_orng] 
10-25 16:28:19.248   296   615 I MAL-Daemon:  (          rds_ru_rpl_gen, 5467) [RDS-I][RU][rds_ru_rpl_gen][RDS][OP147] TYPE : <2>, RAN1 : <1> ,RAN2 : <254>
10-25 16:28:19.248   296   615 I MAL-Daemon:  (          rds_ru_rpl_gen, 5456) [RDS-I][RU][rds_ru_rpl_gen][RDS][OP147] TYPE : <3>, UI Policy : <3>, RDS Policy : <3>
10-25 16:28:19.248   296   615 I MAL-Daemon:  (          rds_ru_rpl_gen, 5467) [RDS-I][RU][rds_ru_rpl_gen][RDS][OP147] TYPE : <3>, RAN1 : <1> ,RAN2 : <255>
10-25 16:28:19.249   296   615 I MAL-Daemon:  (          rds_ru_rpl_gen, 5456) [RDS-I][RU][rds_ru_rpl_gen][RDS][OP147] TYPE : <4>, UI Policy : <3>, RDS Policy : <3>
