10-25 16:28:43.248   296   615 I MAL-Daemon:  (          rds_ru_rpl_gen, 5500) [RDS-I][RU][rds_ru_rpl_gen][RDS] Threshold i4utranrscph<-104>, i4utranrscpl<-110>, i4gsmrssih<-94>, i4gsmrssil<-102>
10-25 16:28:43.248   296   615 I MAL-Daemon:  (          rds_ru_rpl_gen, 5503) [RDS-I][RU][rds_ru_rpl_gen][RDS] current rds ru status: i4wifirssi<-65>, i4wifisnr<9999>, i4ltersrp<-84>, i4ltersrq<24>, i4utranrscp<-141>, i4gsmrssi<-141>, u4active_ran<65539>
10-25 16:28:43.248   296   615 I MAL-Daemon:  (          rds_ru_rpl_gen, 5506) [RDS-I][RU][rds_ru_rpl_gen][RDS] current wifi backhaul : rtp_plr<0>, rtp_jitter<0>, ping_ind<0>
10-25 16:28:43.248   296   615 I MAL-Daemon:  (          rds_ru_rpl_gen, 5509) [RDS-I][RU][rds_ru_rpl_gen][RDS] Call stat : IR92<0>, IR94<0> 
10-25 16:28:43.248   296   615 I MAL-Daemon:  (          rds_ru_rpl_gen, 5515) [RDS-I][RU][RDS IMS/MMS][rds_ru_rpl_gen] Ori:(1,254)/(1,255) New:(1,254)/(1,255)
10-25 16:28:43.248   296   615 I MAL-Daemon:  (          rds_ru_rpl_gen, 5520) [RDS-I][RU][RDS IMS/MMS WIFI][rds_ru_rpl_gen] Ori:(1,254)/(1,255) New:(1,254)/(1,255)
10-25 16:28:43.248   296   615 I MAL-Daemon:  (          rds_ru_rpl_gen, 5525) [RDS-I][RU][RDS IMS/MMS CELL][rds_ru_rpl_gen] Ori:(1,254)/(1,255) New:(1,254)/(1,255)
10-25 16:28:43.248   296   615 I MAL-Daemon:  (          rds_ru_rpl_gen, 5529) [RDS-I][RU][RDS EMG][rds_ru_rpl_gen] Ori:(254,254) New:(254,254)
10-25 16:28:43.249  1979  2064 I MFI-Conn:  (     mfia_task_bootstrap,  944) mfia_task_bootstrap(): an event 614 incoming
10-25 16:28:43.249  1979  2064 I MFI-Conn:  (     mfia_task_bootstrap,  944) mfia_task_bootstrap(): an event 615 incoming
10-25 16:28:43.249  1979  2084 I MFI-Conn:  (             rds_urc_hdl,  276) [RDS][rds_urc_hdl] RCV Event: 614 
10-25 16:28:43.249  1979  2084 I MFI-Conn:  (             rds_urc_hdl,  391) [RDS][IF][rds_urc_hdl] data_base update: pkterrt(0) 
10-25 16:28:43.249  1979  2084 I MFI-Conn:  (             rds_urc_hdl,  276) [RDS][rds_urc_hdl] RCV Event: 615 
10-25 16:28:43.249  1979  2084 I MFI-Conn:  (             rds_urc_hdl,  401) [RDS][IF][rds_urc_hdl] data_base update: i4wifirssi(-65) 
10-25 16:28:43.250  2395  2415 D FRR     : buff=0x7fac4f2240, len=963
10-25 16:28:43.250  2395  2415 D FRR     : uevent[0]=0x7fac4f2240, len=53, "change@/devices/platform/battery/power_supply/battery"
10-25 16:28:43.250  2395  2415 D FRR     : voteFps(60, 0)
10-25 16:28:43.250  2395  2415 D FRR     : ThermalListener loop:
10-25 16:28:43.252   892  2027 D BatteryService: mBatteryVoltage=4155, batteryLevel=50
10-25 16:28:43.252   892  2027 V BatteryService: VNOILBS mScreenOn=false level=77 mCriticalBatteryLevel=3 mNotificationLowBatteryStates=false OS_VERSION=true mNotificationChargeStates=true status=2
10-25 16:28:43.252   892  2027 V BatteryService: VNOILBS set solid green
10-25 16:28:43.252   892   892 D tethering: >>>>> Dispatching to Handler (android.os.Handler) {3ce9e4} com.android.server.BatteryService$10@75ae8b1: 0
10-25 16:28:43.252   892   892 V ActivityManager: Broadcast sticky: Intent { act=android.intent.action.BATTERY_CHANGED flg=0x60000010 (has extras) } ordered=false userid=-1 callerApp=null
10-25 16:28:43.253   892   892 D tethering: <<<<< Finished to Handler (android.os.Handler) {3ce9e4} com.android.server.BatteryService$10@75ae8b1
10-25 16:28:43.264   892   892 D tethering: >>>>> Dispatching to Handler (android.app.ActivityThread$H) {c3a6cda} android.app.LoadedApk$ReceiverDispatcher$Args@e813196: 0
10-25 16:28:43.264   892   892 D tethering: <<<<< Finished to Handler (android.app.ActivityThread$H) {c3a6cda} android.app.LoadedApk$ReceiverDispatcher$Args@e813196
10-25 16:28:43.264   892   892 D tethering: >>>>> Dispatching to Handler (android.app.ActivityThread$H) {c3a6cda} android.app.LoadedApk$ReceiverDispatcher$Args@a220117: 0
10-25 16:28:43.264   892   892 D tethering: <<<<< Finished to Handler (android.app.ActivityThread$H) {c3a6cda} android.app.LoadedApk$ReceiverDispatcher$Args@a220117
10-25 16:28:43.264   892   892 D tethering: >>>>> Dispatching to Handler (android.app.ActivityThread$H) {c3a6cda} android.app.LoadedApk$ReceiverDispatcher$Args@b99a904: 0
10-25 16:28:43.264   892   892 D FeatureService: onReceive action android.intent.action.BATTERY_CHANGED
10-25 16:28:43.264   892   892 D tethering: <<<<< Finished to Handler (android.app.ActivityThread$H) {c3a6cda} android.app.LoadedApk$ReceiverDispatcher$Args@b99a904
10-25 16:28:43.264   892   892 D tethering: >>>>> Dispatching to Handler (android.app.ActivityThread$H) {c3a6cda} android.app.LoadedApk$ReceiverDispatcher$Args@f045eed: 0
10-25 16:28:43.264   892   892 D tethering: <<<<< Finished to Handler (android.app.ActivityThread$H) {c3a6cda} android.app.LoadedApk$ReceiverDispatcher$Args@f045eed
10-25 16:28:43.264   892   892 D tethering: >>>>> Dispatching to Handler (android.app.ActivityThread$H) {c3a6cda} android.app.LoadedApk$ReceiverDispatcher$Args@216d122: 0
10-25 16:28:43.265   892   892 D WifiService: onReceive, action:android.intent.action.BATTERY_CHANGED
10-25 16:28:43.265   892   892 D tethering: <<<<< Finished to Handler (android.app.ActivityThread$H) {c3a6cda} android.app.LoadedApk$ReceiverDispatcher$Args@216d122
10-25 16:28:43.265   892   892 D tethering: >>>>> Dispatching to Handler (android.app.ActivityThread$H) {c3a6cda} android.app.LoadedApk$ReceiverDispatcher$Args@9bb97b3: 0
10-25 16:28:43.265   892   892 D tethering: <<<<< Finished to Handler (android.app.ActivityThread$H) {c3a6cda} android.app.LoadedApk$ReceiverDispatcher$Args@9bb97b3
10-25 16:28:43.265   892  1161 D WifiController: DeviceActiveState{ when=-1ms what=155652 arg1=2 target=com.android.internal.util.StateMachine$SmHandler }
10-25 16:28:43.265   892  1161 D WifiController: StaEnabledState{ when=-1ms what=155652 arg1=2 target=com.android.internal.util.StateMachine$SmHandler }
10-25 16:28:43.265   892  1161 D WifiController: DefaultState{ when=-1ms what=155652 arg1=2 target=com.android.internal.util.StateMachine$SmHandler }
10-25 16:28:43.265   892  1161 D WifiController: battery changed pluggedType: 2
10-25 16:28:43.265   892  1161 D WifiController: wifiSleepPolicy:2
10-25 16:28:43.265   892  1161 D WifiController: wifiSleepPolicy:2
10-25 16:28:43.268  1409  1409 I WarningMessage: receiver: action isandroid.intent.action.BATTERY_CHANGED mBatteryPowerConnetDialog=true mShowChargerOverVoltageDialog=true
10-25 16:28:43.268  1409  1409 D DeviceListener: ++onReceive++:android.intent.action.BATTERY_CHANGED
10-25 16:28:43.268  1409  1409 D DeviceListener: onReceiveandroid.intent.action.BATTERY_CHANGED
10-25 16:28:43.268  1409  1409 I UsbDeviceManagerService: mUsbReceiver action:android.intent.action.BATTERY_CHANGED mConnected:false mLastConnected:false
10-25 16:28:43.268  1409  1409 I UsbDeviceManagerService: mUsbReceiver ACTION_BATTERY_CHANGED plugType:2 FEATURE_FAST_CHARGE:false mRomVersion:3.0 isSysBootCompleted:true mLastBatteryPlug:false mBatteryPlug:false
10-25 16:28:43.270  2009  2009 D SwitcherUpdateMonitor: receive broadcast, action = android.intent.action.BATTERY_CHANGED
10-25 16:28:43.272  1245  1245 D KeyguardUpdateMonitor: received broadcast android.intent.action.BATTERY_CHANGED
10-25 16:28:43.272  1245  1245 I BatteryController: SystemUI|status = 2, mLastStatus = 2, mPluggedIn = true, mLastPluggedIn = true
10-25 16:28:43.273  1245  1245 I BatteryController: SystemUI|mLevel = 77, mLastLevel = 77
10-25 16:28:43.275   892  1700 V ActivityManager: Broadcast: Intent { act=com.vivo.dismiss.lowpower flg=0x10 } ordered=false userid=0 callerApp=ProcessRecord{46312ec 1245:com.android.systemui/u0a22}
10-25 16:28:43.277  1245  1245 D KeyguardUpdateMonitor: handleBatteryUpdate
10-25 16:28:43.278  2722  2722 D _V_BBKMusic/MusicService: ========action = android.intent.action.BATTERY_CHANGED
10-25 16:28:43.827   409   409 I thermal_repeater: oh, queryMdThermalInfo (0)No such file or directory
10-25 16:28:43.839   409   409 I thermal_repeater: [recvMdThermalInfo] ret=25, strLen=127,  3, 37, -127, 0, 32767, 1
10-25 16:28:44.676  1409  1420 I System  : FinalizerDaemon: finalize objects = 144
10-25 16:28:44.745  1391  1544 D DataFormatter: Normal bytes 252
10-25 16:28:44.746  1391  1544 D DataUsageService: NetSpeed 0.2K/s 
10-25 16:28:45.093   406   406 I thermal_src: wake up function 3
10-25 16:28:45.093   406   406 I thermal_src: TA_DAEMON_CMD_GET_TPCB cmd=0x5, len=4 PCB=31000
10-25 16:28:45.093   406   406 I thermal_src: TA_DAEMON_CMD_SET_TTJ cmd=0x4, len=4 Tj=85000
10-25 16:28:45.093   406   406 I thermal_src: waiting NOTIFY from kernel...
10-25 16:28:45.754   892   892 D tethering: >>>>> Dispatching to Handler (android.os.Handler) {5209c0d} com.vivo.services.engineerutile.BBKEngineerUtileService$1@d7c97c2: 0
10-25 16:28:45.754   892   892 D tethering: <<<<< Finished to Handler (android.os.Handler) {5209c0d} com.vivo.services.engineerutile.BBKEngineerUtileService$1@d7c97c2
10-25 16:28:46.195   892  1142 V AlarmAlign: mAlarmBatches = 106, triggerList = 1
10-25 16:28:46.195   892  1142 V AlarmAlign: checkSet SCREEN_ON, type = 3, when = 7415787
10-25 16:28:46.195   892  1142 V AlarmAlign: setLocked to kernel, type = 3, when = 7415787, curTime = 7401982
10-25 16:28:46.195   892  1142 V AlarmAlign: triggerList has deliver.1
10-25 16:28:46.196   892  1142 D SettingsInterface:  from settings cache , name = background_power_saving_enable , value = 1
10-25 16:28:46.196   892  1142 D DataShapingService: Alarm manager openLteDataUpLinkGate: false
10-25 16:28:46.196   892  1142 V AlarmManager: openLteGateSuccess = false
10-25 16:28:46.197   892  1142 V ActivityManager: Broadcast: Intent { act=android.content.jobscheduler.JOB_DEADLINE_EXPIRED flg=0x114 (has extras) } ordered=true userid=0 callerApp=null
10-25 16:28:46.199   892   892 D tethering: >>>>> Dispatching to Handler (android.app.ActivityThread$H) {c3a6cda} android.app.LoadedApk$ReceiverDispatcher$Args@48a5170: 0
10-25 16:28:46.200   892  1142 V AlarmAlign: triggerAlarm v at 7401982, size=1, hasWakeup=false, mWake_Set=true, mNextWakeup=7417057, mNextNonWakeup=7415787, mBatch.end=7610145, why=8
10-25 16:28:46.201   892   892 V AlarmAlign: addAlarm pkg = android, action = android.content.jobscheduler.JOB_DEADLINE_EXPIRED, whenElapsed = 7485674
10-25 16:28:46.201   892   892 D ActivityThread: BDC-Calling finishReceiver: IIntentReceiver=35c7897
10-25 16:28:46.204   892   892 D tethering: <<<<< Finished to Handler (android.app.ActivityThread$H) {c3a6cda} android.app.LoadedApk$ReceiverDispatcher$Args@48a5170
10-25 16:28:46.204   892   892 D tethering: >>>>> Dispatching to Handler (com.android.server.job.JobSchedulerService$JobHandler) {9a11318} null: 0
10-25 16:28:46.207   892   892 D tethering: <<<<< Finished to Handler (com.android.server.job.JobSchedulerService$JobHandler) {9a11318} null
10-25 16:28:46.208   892   892 D tethering: >>>>> Dispatching to Handler (com.android.server.AlarmManagerService$AlarmHandler) {3691c4} android.app.PendingIntent$FinishedDispatcher@44dfc0f: 0
10-25 16:28:46.208   892   892 D AlarmManager: onSendFinished begin
10-25 16:28:46.208   892   892 D tethering: <<<<< Finished to Handler (com.android.server.AlarmManagerService$AlarmHandler) {3691c4} android.app.PendingIntent$FinishedDispatcher@44dfc0f
10-25 16:28:46.209   892   892 D tethering: >>>>> Dispatching to Handler (android.app.ActivityThread$H) {c3a6cda} android.app.LoadedApk$ServiceDispatcher$RunConnection@a9b149c: 0
10-25 16:28:46.210   892   892 D tethering: <<<<< Finished to Handler (android.app.ActivityThread$H) {c3a6cda} android.app.LoadedApk$ServiceDispatcher$RunConnection@a9b149c
10-25 16:28:46.210   892   892 D tethering: >>>>> Dispatching to Handler (com.android.server.job.JobServiceContext$JobServiceHandler) {9e4f24e} null: 2
10-25 16:28:46.210   892   892 D tethering: <<<<< Finished to Handler (com.android.server.job.JobServiceContext$JobServiceHandler) {9e4f24e} null
10-25 16:28:46.211  1892  1892 D AdGuard : CallbackWrapper::handleMessage
10-25 16:28:46.212   892   892 D tethering: >>>>> Dispatching to Handler (com.android.server.job.JobServiceContext$JobServiceHandler) {9e4f24e} null: 1
10-25 16:28:46.215   892   892 V AlarmAlign: addAlarm pkg = android, action = android.content.jobscheduler.JOB_DELAY_EXPIRED, whenElapsed = 7407001
10-25 16:28:46.215   892   892 D AlarmManager:  alarm = Alarm{35379e2 type 2 when 7507863 com.google.android.gms} add to Batch{a95627a num=1 start=7475787 end=10175787}
10-25 16:28:46.216   892   892 D AlarmManager:  alarm = Alarm{20b2e90 type 2 when 8042403 com.google.android.gms} add to Batch{9f84a2b num=1 start=7231709 end=8581709 flgs=0x8}
10-25 16:28:46.216   892   892 D AlarmManager:  alarm = Alarm{b1c9bfc type 2 when 11290141 android} add to Batch{d92de88 num=1 start=10835150 end=13535150}
10-25 16:28:46.217   892   892 V AlarmAlign: checkSet SCREEN_ON, type = 3, when = 7407001
10-25 16:28:46.217   892   892 V AlarmAlign: setLocked to kernel, type = 3, when = 7407001, curTime = 7402004
10-25 16:28:46.218   892   892 V AlarmAlign: addAlarm pkg = android, action = android.content.jobscheduler.JOB_DEADLINE_EXPIRED, whenElapsed = 7422001
10-25 16:28:46.218   892   892 D AlarmManager:  alarm = Alarm{35379e2 type 2 when 7507863 com.google.android.gms} add to Batch{c866021 num=1 start=7475787 end=10175787}
10-25 16:28:46.218   892   892 D AlarmManager:  alarm = Alarm{20b2e90 type 2 when 8042403 com.google.android.gms} add to Batch{1072c46 num=1 start=7231709 end=8581709 flgs=0x8}
10-25 16:28:46.218   892   892 D AlarmManager:  alarm = Alarm{b1c9bfc type 2 when 11290141 android} add to Batch{3af5e07 num=1 start=10328222 end=18428222}
10-25 16:28:46.220   892   892 V AlarmAlign: checkSet SCREEN_ON, type = 3, when = 7402001
10-25 16:28:46.220   892   892 V AlarmAlign: setLocked to kernel, type = 3, when = 7402001, curTime = 7402006
10-25 16:28:46.221   892  1142 V AlarmAlign: mAlarmBatches = 106, triggerList = 1
10-25 16:28:46.221   892  1142 V AlarmAlign: checkSet SCREEN_ON, type = 3, when = 7415787
10-25 16:28:46.221   892  1142 V AlarmAlign: setLocked to kernel, type = 3, when = 7415787, curTime = 7402008
10-25 16:28:46.221   892  1142 V AlarmAlign: triggerList has deliver.1
10-25 16:28:46.221   892  1142 D SettingsInterface:  from settings cache , name = background_power_saving_enable , value = 1
10-25 16:28:46.221   892  1142 D DataShapingService: Alarm manager openLteDataUpLinkGate: false
10-25 16:28:46.221   892  1142 V AlarmManager: openLteGateSuccess = false
10-25 16:28:46.221   892  1142 V ActivityManager: Broadcast: Intent { act=android.content.jobscheduler.JOB_DELAY_EXPIRED flg=0x114 (has extras) } ordered=true userid=0 callerApp=null
10-25 16:28:46.224   892  1142 V AlarmAlign: triggerAlarm v at 7402007, size=1, hasWakeup=false, mWake_Set=true, mNextWakeup=7417057, mNextNonWakeup=7415787, mBatch.end=7610145, why=8
10-25 16:28:46.227   892   892 D SettingsInterface:  from settings cache , name = network_scorer_app , value = null
10-25 16:28:46.227   892   892 D tethering: <<<<< Finished to Handler (com.android.server.job.JobServiceContext$JobServiceHandler) {9e4f24e} null
10-25 16:28:46.228   892   892 D tethering: >>>>> Dispatching to Handler (android.app.ActivityThread$H) {c3a6cda} android.app.LoadedApk$ReceiverDispatcher$Args@bb5b34: 0
10-25 16:28:46.228   892   892 V AlarmAlign: addAlarm pkg = android, action = android.content.jobscheduler.JOB_DELAY_EXPIRED, whenElapsed = 7425674
10-25 16:28:46.228   892   892 D ActivityThread: BDC-Calling finishReceiver: IIntentReceiver=35c7897
10-25 16:28:46.231   296  8410 I MAL-Daemon:  (        ru_syssig_hndler,  441) [RDS-I][ru_syssig_hndler] Send Event: 688 
10-25 16:28:46.231   296  8410 I MAL-Daemon:  (        ru_syssig_hndler,  442) [RDS-I][RDS][RU][ru_syssig_hndler] ru_check_ctx_ptr<0xf5df5460, 0xf5df5460>
10-25 16:28:46.231   296  8410 W MAL-Daemon:  (    mdfx_task_send_event,  636) mdfx_task_send_event(): [ACT] should NOT enter this leagcy API!!
10-25 16:28:46.231   296  8410 I MAL-Daemon:  (    ru_send_event_entity,  373) [RDS-I][RDS][RU][ru_send_event_entity] send event 688 to 602 with ret(0)
10-25 16:28:46.232   296   615 I MAL-Daemon:  (             rds_ru_task,  463) [RDS-I][RU][rds_ru_task] RCV Event: 688 
10-25 16:28:46.241   892   892 D tethering: <<<<< Finished to Handler (android.app.ActivityThread$H) {c3a6cda} android.app.LoadedApk$ReceiverDispatcher$Args@bb5b34
10-25 16:28:46.241   892   892 D tethering: >>>>> Dispatching to Handler (com.android.server.job.JobSchedulerService$JobHandler) {9a11318} null: 1
10-25 16:28:46.241   892   892 D tethering: <<<<< Finished to Handler (com.android.server.job.JobSchedulerService$JobHandler) {9a11318} null
10-25 16:28:46.241   892   892 D tethering: >>>>> Dispatching to Handler (com.android.server.AlarmManagerService$AlarmHandler) {3691c4} android.app.PendingIntent$FinishedDispatcher@3c7dd5d: 0
10-25 16:28:46.241   892   892 D AlarmManager: onSendFinished begin
10-25 16:28:46.246   892   892 D tethering: <<<<< Finished to Handler (com.android.server.AlarmManagerService$AlarmHandler) {3691c4} android.app.PendingIntent$FinishedDispatcher@3c7dd5d
10-25 16:28:46.249   296   615 D MAL-Daemon:  (     ru_wsl_poll_wpainfo,  662) [RDS-D][RDS][RU][ru_wsl_poll_wpainfo]socket recv pktlen(48) 
10-25 16:28:46.249   296   615 D MAL-Daemon:  (rds_ru_ws_rssi_timer_exp,  775) [RDS-D][RU][rds_ru_ws_rssi_timer_expire_hdlr][RDS] get rssi = -70, snr = 9999 
10-25 16:28:46.249   296   615 I MAL-Daemon:  (  ru_wsl_wifi_status_ind,  757) [RDS-I][RDS][RU][ru_wsl_wifi_status_ind] ru_check_ctx_ptr<0xf5df5460, 0xf5df5460>
10-25 16:28:46.249   296   615 W MAL-Daemon:  (    mdfx_task_send_event,  636) mdfx_task_send_event(): [ACT] should NOT enter this leagcy API!!
10-25 16:28:46.251   296   615 I MAL-Daemon:  (    ru_send_event_entity,  373) [RDS-I][RDS][RU][ru_send_event_entity] send event 604 to 602 with ret(0)
10-25 16:28:46.252   296   615 I MAL-Daemon:  (          ru_get_netstat, 5890) [RDS-I][RU][ru_get_netstat] netstat <thrghpt, pkterrt>, wifi <0, 0%>, mobile <756, 0%>
10-25 16:28:46.252   296   615 I MAL-Daemon:  (    ru_send_event_entity,  373) [RDS-I][RDS][RU][ru_send_event_entity] send event 614 to 1233 with ret(0)
10-25 16:28:46.252   296   615 I MAL-Daemon:  (             rds_ru_task,  463) [RDS-I][RU][rds_ru_task] RCV Event: 604 
10-25 16:28:46.252  1979  2064 I MFI-Conn:  (     mfia_task_bootstrap,  944) mfia_task_bootstrap(): an event 614 incoming
10-25 16:28:46.252   296   615 I MAL-Daemon:  (  rds_ru_wifi_status_ind, 1421) [RDS-I][RU][EVENT_RU_WS_WIFI_STATUS_IND] fgwifi_en:1(no use) i4wifirssi:0xffffffba i4wifisnr:0x270f
10-25 16:28:46.252   296   615 I MAL-Daemon:  (    ru_send_event_entity,  373) [RDS-I][RDS][RU][ru_send_event_entity] send event 615 to 1233 with ret(0)
10-25 16:28:46.252  1979  2064 I MFI-Conn:  (     mfia_task_bootstrap,  944) mfia_task_bootstrap(): an event 615 incoming
10-25 16:28:46.252  1979  2084 I MFI-Conn:  (             rds_urc_hdl,  276) [RDS][rds_urc_hdl] RCV Event: 614 
10-25 16:28:46.252   296   615 I MAL-Daemon:  (          rds_ru_rpl_gen, 5456) [RDS-I][RU][rds_ru_rpl_gen][RDS][OP147] TYPE : <0>, UI Policy : <3>, RDS Policy : <3>
10-25 16:28:46.252  1979  2084 I MFI-Conn:  (             rds_urc_hdl,  391) [RDS][IF][rds_urc_hdl] data_base update: pkterrt(0) 
10-25 16:28:46.252   296   615 I MAL-Daemon:  (      rds_cell_only_orng, 3804) [RDS-I][RU][RDS IMS/MMS][rds_cell_only_orng] 
10-25 16:28:46.252  1979  2084 I MFI-Conn:  (             rds_urc_hdl,  276) [RDS][rds_urc_hdl] RCV Event: 615 
10-25 16:28:46.253  1979  2084 I MFI-Conn:  (             rds_urc_hdl,  401) [RDS][IF][rds_urc_hdl] data_base update: i4wifirssi(-70) 
10-25 16:28:46.253   296   615 I MAL-Daemon:  (          rds_ru_rpl_gen, 5467) [RDS-I][RU][rds_ru_rpl_gen][RDS][OP147] TYPE : <0>, RAN1 : <1> ,RAN2 : <254>
10-25 16:28:46.253   296   615 I MAL-Daemon:  (          rds_ru_rpl_gen, 5456) [RDS-I][RU][rds_ru_rpl_gen][RDS][OP147] TYPE : <1>, UI Policy : <3>, RDS Policy : <3>
10-25 16:28:46.253   296   615 I MAL-Daemon:  (      rds_cell_only_orng, 3804) [RDS-I][RU][RDS IMS/MMS][rds_cell_only_orng] 
10-25 16:28:46.253  4491  4491 D ActivityThread: SVC-UNBIND_SERVICE handled : 0 / BindServiceData{token=android.os.BinderProxy@a141ad4 intent=Intent { act=com.google.android.gms.safetynet.service.START pkg=com.google.android.gms }}
10-25 16:28:46.253   296   615 I MAL-Daemon:  (          rds_ru_rpl_gen, 5467) [RDS-I][RU][rds_ru_rpl_gen][RDS][OP147] TYPE : <1>, RAN1 : <1> ,RAN2 : <254>
10-25 16:28:46.253   296   615 I MAL-Daemon:  (          rds_ru_rpl_gen, 5456) [RDS-I][RU][rds_ru_rpl_gen][RDS][OP147] TYPE : <2>, UI Policy : <3>, RDS Policy : <3>
10-25 16:28:46.253   296   615 I MAL-Daemon:  (      rds_cell_only_orng, 3804) [RDS-I][RU][RDS IMS/MMS][rds_cell_only_orng] 
10-25 16:28:46.253  4491  4491 D ActivityThread: SVC-Destroying service: com.google.android.gms.chimera.GmsBoundBrokerService@eb4347d
10-25 16:28:46.253   296   615 I MAL-Daemon:  (          rds_ru_rpl_gen, 5467) [RDS-I][RU][rds_ru_rpl_gen][RDS][OP147] TYPE : <2>, RAN1 : <1> ,RAN2 : <254>
10-25 16:28:46.253   296   615 I MAL-Daemon:  (          rds_ru_rpl_gen, 5456) [RDS-I][RU][rds_ru_rpl_gen][RDS][OP147] TYPE : <3>, UI Policy : <3>, RDS Policy : <3>
10-25 16:28:46.253   296   615 I MAL-Daemon:  (          rds_ru_rpl_gen, 5467) [RDS-I][RU][rds_ru_rpl_gen][RDS][OP147] TYPE : <3>, RAN1 : <1> ,RAN2 : <255>
10-25 16:28:46.253   296   615 I MAL-Daemon:  (          rds_ru_rpl_gen, 5456) [RDS-I][RU][rds_ru_rpl_gen][RDS][OP147] TYPE : <4>, UI Policy : <3>, RDS Policy : <3>
10-25 16:28:46.253   296   615 I MAL-Daemon:  (          rds_ru_rpl_gen, 5467) [RDS-I][RU][rds_ru_rpl_gen][RDS][OP147] TYPE : <4>, RAN1 : <1> ,RAN2 : <255>
10-25 16:28:46.253   296   615 I MAL-Daemon:  (          rds_ru_rpl_gen, 5456) [RDS-I][RU][rds_ru_rpl_gen][RDS][OP147] TYPE : <5>, UI Policy : <3>, RDS Policy : <3>
10-25 16:28:46.253   296   615 I MAL-Daemon:  (          rds_ru_rpl_gen, 5467) [RDS-I][RU][rds_ru_rpl_gen][RDS][OP147] TYPE : <5>, RAN1 : <1> ,RAN2 : <255>
10-25 16:28:46.253   296   615 I MAL-Daemon:  (          rds_ru_rpl_gen, 5467) [RDS-I][RU][rds_ru_rpl_gen][RDS][OP147] TYPE : <6>, RAN1 : <254> ,RAN2 : <254>
10-25 16:28:46.253   296   615 I MAL-Daemon:  (    rds_op_check_feature,  349) [RDS-I][RDS][OP][rds_op_check_feature] operator id(147) check feature<0>, curr_opmsk is <1>, sys_opmsk is <0x0001, 1>
10-25 16:28:46.253   296   615 I MAL-Daemon:  (          rds_ru_rpl_gen, 5491) [RDS-I][RU][rds_ru_rpl_gen][RDS] Current policy: fgimsolte_en<1>, fgwfc_en<0>, erdspolicy<3>, 
10-25 16:28:46.253  4491  4491 D ActivityThread: SVC-STOP_SERVICE handled : 0 / android.os.BinderProxy@a141ad4
10-25 16:28:46.253   296   615 I MAL-Daemon:  (          rds_ru_rpl_gen, 5494) [RDS-I][RU][rds_ru_rpl_gen][RDS] Threshold i4wifirssih<-75>, i4wifirssil<-85>, i4wifirssih_ho<-78>, i4wifirssil_ho<-88>, i4wifisnrh<10>, i4wifisnrl<6>
10-25 16:28:46.254   296   615 I MAL-Daemon:  (          rds_ru_rpl_gen, 5497) [RDS-I][RU][rds_ru_rpl_gen][RDS] Threshold i4ltersrph<-106>, i4ltersrpm<-111>, i4ltersrpl<-116>, i4ltersrqh<5>, i4ltersrqm<3>, i4ltersrql<1>
10-25 16:28:46.254   296   615 I MAL-Daemon:  (          rds_ru_rpl_gen, 5500) [RDS-I][RU][rds_ru_rpl_gen][RDS] Threshold i4utranrscph<-104>, i4utranrscpl<-110>, i4gsmrssih<-94>, i4gsmrssil<-102>
10-25 16:28:46.254   296   615 I MAL-Daemon:  (          rds_ru_rpl_gen, 5503) [RDS-I][RU][rds_ru_rpl_gen][RDS] current rds ru status: i4wifirssi<-70>, i4wifisnr<9999>, i4ltersrp<-84>, i4ltersrq<24>, i4utranrscp<-141>, i4gsmrssi<-141>, u4active_ran<65539>
10-25 16:28:46.254   296   615 I MAL-Daemon:  (          rds_ru_rpl_gen, 5506) [RDS-I][RU][rds_ru_rpl_gen][RDS] current wifi backhaul : rtp_plr<0>, rtp_jitter<0>, ping_ind<0>
10-25 16:28:46.254   296   615 I MAL-Daemon:  (          rds_ru_rpl_gen, 5509) [RDS-I][RU][rds_ru_rpl_gen][RDS] Call stat : IR92<0>, IR94<0> 
10-25 16:28:46.254   296   615 I MAL-Daemon:  (          rds_ru_rpl_gen, 5515) [RDS-I][RU][RDS IMS/MMS][rds_ru_rpl_gen] Ori:(1,254)/(1,255) New:(1,254)/(1,255)
10-25 16:28:46.254   296   615 I MAL-Daemon:  (          rds_ru_rpl_gen, 5520) [RDS-I][RU][RDS IMS/MMS WIFI][rds_ru_rpl_gen] Ori:(1,254)/(1,255) New:(1,254)/(1,255)
10-25 16:28:46.254   296   615 I MAL-Daemon:  (          rds_ru_rpl_gen, 5525) [RDS-I][RU][RDS IMS/MMS CELL][rds_ru_rpl_gen] Ori:(1,254)/(1,255) New:(1,254)/(1,255)
10-25 16:28:46.254   296   615 I MAL-Daemon:  (          rds_ru_rpl_gen, 5529) [RDS-I][RU][RDS EMG][rds_ru_rpl_gen] Ori:(254,254) New:(254,254)
10-25 16:28:46.283  2129  2147 D VoLTE SOC: select thread go --> handle socket. (vendor/mediatek/proprietary/frameworks/opt/volte/volte_stack/src/soc/soc_data.c:375)
10-25 16:28:46.283  2129  2147 D VoLTE SOC: soc_add_2_fdsets: socket id: 21, idx: 786443 (0xf65f7600) (vendor/mediatek/proprietary/frameworks/opt/volte/volte_stack/src/soc/soc_data.c:409)
10-25 16:28:46.283  2129  2147 D VoLTE SOC: soc_add_2_fdsets: socket id: 29, idx: 720906 (0xf65f7400) (vendor/mediatek/proprietary/frameworks/opt/volte/volte_stack/src/soc/soc_data.c:409)
10-25 16:28:46.283  2129  2147 D VoLTE SOC: soc_add_2_fdsets: socket id: 28, idx: 655369 (0xf65f7200) (vendor/mediatek/proprietary/frameworks/opt/volte/volte_stack/src/soc/soc_data.c:409)
10-25 16:28:46.283  2129  2147 D VoLTE SOC: soc_add_2_fdsets: socket id: 20, idx: 524295 (0xf663fe00) (vendor/mediatek/proprietary/frameworks/opt/volte/volte_stack/src/soc/soc_data.c:409)
10-25 16:28:46.283  2129  2147 D VoLTE SOC: soc_add_2_fdsets: socket id: 24, idx: 458758 (0xf663fc00) (vendor/mediatek/proprietary/frameworks/opt/volte/volte_stack/src/soc/soc_data.c:409)
10-25 16:28:46.283  2129  2147 D VoLTE SOC: soc_add_2_fdsets: socket id: 23, idx: 393221 (0xf663fa00) (vendor/mediatek/proprietary/frameworks/opt/volte/volte_stack/src/soc/soc_data.c:409)
10-25 16:28:46.283  2129  2147 D VoLTE SOC: soc_add_2_fdsets: socket id: 22, idx: 327684 (0xf663f800) (vendor/mediatek/proprietary/frameworks/opt/volte/volte_stack/src/soc/soc_data.c:409)
10-25 16:28:46.283  2129  2147 D VoLTE SOC: soc_add_2_fdsets: socket id: 19, idx: 131073 (0xf663f200) (vendor/mediatek/proprietary/frameworks/opt/volte/volte_stack/src/soc/soc_data.c:409)
10-25 16:28:46.284  2129  2147 D VoLTE SOC: soc_add_2_fdsets: socket id: 18, idx: 65536 (0xf663f000) (vendor/mediatek/proprietary/frameworks/opt/volte/volte_stack/src/soc/soc_data.c:409)
10-25 16:28:47.748  1391  1544 D DataFormatter: Normal bytes 252
10-25 16:28:47.751  1391  1544 D DataUsageService: NetSpeed 0.2K/s 
10-25 16:28:48.755   892   892 D tethering: >>>>> Dispatching to Handler (android.os.Handler) {5209c0d} com.vivo.services.engineerutile.BBKEngineerUtileService$1@d7c97c2: 0
10-25 16:28:48.756   892   892 D tethering: <<<<< Finished to Handler (android.os.Handler) {5209c0d} com.vivo.services.engineerutile.BBKEngineerUtileService$1@d7c97c2
10-25 16:28:48.845   409   409 I thermal_repeater: select timeout
10-25 16:28:49.231   296  8410 I MAL-Daemon:  (        ru_syssig_hndler,  441) [RDS-I][ru_syssig_hndler] Send Event: 688 
10-25 16:28:49.231   296  8410 I MAL-Daemon:  (        ru_syssig_hndler,  442) [RDS-I][RDS][RU][ru_syssig_hndler] ru_check_ctx_ptr<0xf5df5460, 0xf5df5460>
10-25 16:28:49.231   296  8410 W MAL-Daemon:  (    mdfx_task_send_event,  636) mdfx_task_send_event(): [ACT] should NOT enter this leagcy API!!
10-25 16:28:49.231   296  8410 I MAL-Daemon:  (    ru_send_event_entity,  373) [RDS-I][RDS][RU][ru_send_event_entity] send event 688 to 602 with ret(0)
10-25 16:28:49.232   296   615 I MAL-Daemon:  (             rds_ru_task,  463) [RDS-I][RU][rds_ru_task] RCV Event: 688 
10-25 16:28:49.242   296   615 D MAL-Daemon:  (     ru_wsl_poll_wpainfo,  662) [RDS-D][RDS][RU][ru_wsl_poll_wpainfo]socket recv pktlen(48) 
10-25 16:28:49.242   296   615 D MAL-Daemon:  (rds_ru_ws_rssi_timer_exp,  775) [RDS-D][RU][rds_ru_ws_rssi_timer_expire_hdlr][RDS] get rssi = -72, snr = 9999 
10-25 16:28:49.242   296   615 I MAL-Daemon:  (  ru_wsl_wifi_status_ind,  757) [RDS-I][RDS][RU][ru_wsl_wifi_status_ind] ru_check_ctx_ptr<0xf5df5460, 0xf5df5460>
10-25 16:28:49.242   296   615 W MAL-Daemon:  (    mdfx_task_send_event,  636) mdfx_task_send_event(): [ACT] should NOT enter this leagcy API!!
10-25 16:28:49.242   296   615 I MAL-Daemon:  (    ru_send_event_entity,  373) [RDS-I][RDS][RU][ru_send_event_entity] send event 604 to 602 with ret(0)
10-25 16:28:49.244   296   615 I MAL-Daemon:  (          ru_get_netstat, 5890) [RDS-I][RU][ru_get_netstat] netstat <thrghpt, pkterrt>, wifi <0, 0%>, mobile <756, 0%>
10-25 16:28:49.244   296   615 I MAL-Daemon:  (    ru_send_event_entity,  373) [RDS-I][RDS][RU][ru_send_event_entity] send event 614 to 1233 with ret(0)
10-25 16:28:49.244   296   615 I MAL-Daemon:  (             rds_ru_task,  463) [RDS-I][RU][rds_ru_task] RCV Event: 604 
10-25 16:28:49.244   296   615 I MAL-Daemon:  (  rds_ru_wifi_status_ind, 1421) [RDS-I][RU][EVENT_RU_WS_WIFI_STATUS_IND] fgwifi_en:1(no use) i4wifirssi:0xffffffb8 i4wifisnr:0x270f
10-25 16:28:49.244   296   615 I MAL-Daemon:  (    ru_send_event_entity,  373) [RDS-I][RDS][RU][ru_send_event_entity] send event 615 to 1233 with ret(0)
10-25 16:28:49.244   296   615 I MAL-Daemon:  (          rds_ru_rpl_gen, 5456) [RDS-I][RU][rds_ru_rpl_gen][RDS][OP147] TYPE : <0>, UI Policy : <3>, RDS Policy : <3>
10-25 16:28:49.244   296   615 I MAL-Daemon:  (      rds_cell_only_orng, 3804) [RDS-I][RU][RDS IMS/MMS][rds_cell_only_orng] 
10-25 16:28:49.244   296   615 I MAL-Daemon:  (          rds_ru_rpl_gen, 5467) [RDS-I][RU][rds_ru_rpl_gen][RDS][OP147] TYPE : <0>, RAN1 : <1> ,RAN2 : <254>
10-25 16:28:49.244   296   615 I MAL-Daemon:  (          rds_ru_rpl_gen, 5456) [RDS-I][RU][rds_ru_rpl_gen][RDS][OP147] TYPE : <1>, UI Policy : <3>, RDS Policy : <3>
10-25 16:28:49.244   296   615 I MAL-Daemon:  (      rds_cell_only_orng, 3804) [RDS-I][RU][RDS IMS/MMS][rds_cell_only_orng] 
10-25 16:28:49.245   296   615 I MAL-Daemon:  (          rds_ru_rpl_gen, 5467) [RDS-I][RU][rds_ru_rpl_gen][RDS][OP147] TYPE : <1>, RAN1 : <1> ,RAN2 : <254>
10-25 16:28:49.245   296   615 I MAL-Daemon:  (          rds_ru_rpl_gen, 5456) [RDS-I][RU][rds_ru_rpl_gen][RDS][OP147] TYPE : <2>, UI Policy : <3>, RDS Policy : <3>
10-25 16:28:49.245   296   615 I MAL-Daemon:  (      rds_cell_only_orng, 3804) [RDS-I][RU][RDS IMS/MMS][rds_cell_only_orng] 
10-25 16:28:49.245   296   615 I MAL-Daemon:  (          rds_ru_rpl_gen, 5467) [RDS-I][RU][rds_ru_rpl_gen][RDS][OP147] TYPE : <2>, RAN1 : <1> ,RAN2 : <254>
10-25 16:28:49.245   296   615 I MAL-Daemon:  (          rds_ru_rpl_gen, 5456) [RDS-I][RU][rds_ru_rpl_gen][RDS][OP147] TYPE : <3>, UI Policy : <3>, RDS Policy : <3>
10-25 16:28:49.245   296   615 I MAL-Daemon:  (          rds_ru_rpl_gen, 5467) [RDS-I][RU][rds_ru_rpl_gen][RDS][OP147] TYPE : <3>, RAN1 : <1> ,RAN2 : <255>
10-25 16:28:49.245   296   615 I MAL-Daemon:  (          rds_ru_rpl_gen, 5456) [RDS-I][RU][rds_ru_rpl_gen][RDS][OP147] TYPE : <4>, UI Policy : <3>, RDS Policy : <3>
10-25 16:28:49.245   296   615 I MAL-Daemon:  (          rds_ru_rpl_gen, 5467) [RDS-I][RU][rds_ru_rpl_gen][RDS][OP147] TYPE : <4>, RAN1 : <1> ,RAN2 : <255>
10-25 16:28:49.245   296   615 I MAL-Daemon:  (          rds_ru_rpl_gen, 5456) [RDS-I][RU][rds_ru_rpl_gen][RDS][OP147] TYPE : <5>, UI Policy : <3>, RDS Policy : <3>
10-25 16:28:49.245   296   615 I MAL-Daemon:  (          rds_ru_rpl_gen, 5467) [RDS-I][RU][rds_ru_rpl_gen][RDS][OP147] TYPE : <5>, RAN1 : <1> ,RAN2 : <255>
10-25 16:28:49.245   296   615 I MAL-Daemon:  (          rds_ru_rpl_gen, 5467) [RDS-I][RU][rds_ru_rpl_gen][RDS][OP147] TYPE : <6>, RAN1 : <254> ,RAN2 : <254>
10-25 16:28:49.245   296   615 I MAL-Daemon:  (    rds_op_check_feature,  349) [RDS-I][RDS][OP][rds_op_check_feature] operator id(147) check feature<0>, curr_opmsk is <1>, sys_opmsk is <0x0001, 1>
10-25 16:28:49.245   296   615 I MAL-Daemon:  (          rds_ru_rpl_gen, 5491) [RDS-I][RU][rds_ru_rpl_gen][RDS] Current policy: fgimsolte_en<1>, fgwfc_en<0>, erdspolicy<3>, 
10-25 16:28:49.245   296   615 I MAL-Daemon:  (          rds_ru_rpl_gen, 5494) [RDS-I][RU][rds_ru_rpl_gen][RDS] Threshold i4wifirssih<-75>, i4wifirssil<-85>, i4wifirssih_ho<-78>, i4wifirssil_ho<-88>, i4wifisnrh<10>, i4wifisnrl<6>
10-25 16:28:49.246   296   615 I MAL-Daemon:  (          rds_ru_rpl_gen, 5497) [RDS-I][RU][rds_ru_rpl_gen][RDS] Threshold i4ltersrph<-106>, i4ltersrpm<-111>, i4ltersrpl<-116>, i4ltersrqh<5>, i4ltersrqm<3>, i4ltersrql<1>
10-25 16:28:49.246   296   615 I MAL-Daemon:  (          rds_ru_rpl_gen, 5500) [RDS-I][RU][rds_ru_rpl_gen][RDS] Threshold i4utranrscph<-104>, i4utranrscpl<-110>, i4gsmrssih<-94>, i4gsmrssil<-102>
10-25 16:28:49.246   296   615 I MAL-Daemon:  (          rds_ru_rpl_gen, 5503) [RDS-I][RU][rds_ru_rpl_gen][RDS] current rds ru status: i4wifirssi<-72>, i4wifisnr<9999>, i4ltersrp<-84>, i4ltersrq<24>, i4utranrscp<-141>, i4gsmrssi<-141>, u4active_ran<65539>
10-25 16:28:49.246   296   615 I MAL-Daemon:  (          rds_ru_rpl_gen, 5506) [RDS-I][RU][rds_ru_rpl_gen][RDS] current wifi backhaul : rtp_plr<0>, rtp_jitter<0>, ping_ind<0>
10-25 16:28:49.246   296   615 I MAL-Daemon:  (          rds_ru_rpl_gen, 5509) [RDS-I][RU][rds_ru_rpl_gen][RDS] Call stat : IR92<0>, IR94<0> 
10-25 16:28:49.246   296   615 I MAL-Daemon:  (          rds_ru_rpl_gen, 5515) [RDS-I][RU][RDS IMS/MMS][rds_ru_rpl_gen] Ori:(1,254)/(1,255) New:(1,254)/(1,255)
10-25 16:28:49.246   296   615 I MAL-Daemon:  (          rds_ru_rpl_gen, 5520) [RDS-I][RU][RDS IMS/MMS WIFI][rds_ru_rpl_gen] Ori:(1,254)/(1,255) New:(1,254)/(1,255)
10-25 16:28:49.246   296   615 I MAL-Daemon:  (          rds_ru_rpl_gen, 5525) [RDS-I][RU][RDS IMS/MMS CELL][rds_ru_rpl_gen] Ori:(1,254)/(1,255) New:(1,254)/(1,255)
10-25 16:28:49.246   296   615 I MAL-Daemon:  (          rds_ru_rpl_gen, 5529) [RDS-I][RU][RDS EMG][rds_ru_rpl_gen] Ori:(254,254) New:(254,254)
10-25 16:28:49.248  1979  2064 I MFI-Conn:  (     mfia_task_bootstrap,  944) mfia_task_bootstrap(): an event 614 incoming
10-25 16:28:49.248  1979  2064 I MFI-Conn:  (     mfia_task_bootstrap,  944) mfia_task_bootstrap(): an event 615 incoming
10-25 16:28:49.248  1979  2084 I MFI-Conn:  (             rds_urc_hdl,  276) [RDS][rds_urc_hdl] RCV Event: 614 
10-25 16:28:49.248  1979  2084 I MFI-Conn:  (             rds_urc_hdl,  391) [RDS][IF][rds_urc_hdl] data_base update: pkterrt(0) 
10-25 16:28:49.248  1979  2084 I MFI-Conn:  (             rds_urc_hdl,  276) [RDS][rds_urc_hdl] RCV Event: 615 
10-25 16:28:49.248  1979  2084 I MFI-Conn:  (             rds_urc_hdl,  401) [RDS][IF][rds_urc_hdl] data_base update: i4wifirssi(-72) 
10-25 16:28:49.582   892  1024 I libsuspend: ws name: PowerManagerService.WakeLocks, act_since: 321020, act_cnt: 999, ev_cnt: 999, wakeup_cnt: 0
10-25 16:28:49.582   892  1024 I libsuspend: ws name: power_control_slow wakelock, act_since: 7216522, act_cnt: 1, ev_cnt: 722, wakeup_cnt: 0
10-25 16:28:49.583   892  1024 I libsuspend: ws name: USB.lock, act_since: 7216078, act_cnt: 1, ev_cnt: 1, wakeup_cnt: 0
10-25 16:28:49.821  1284  5526 I ABE     : test checkTempture
10-25 16:28:49.821  1284  5526 I ABE     : getTemptrue
10-25 16:28:49.821  1284  5526 I ABE     : path = sys/class/thermal/thermal_zone5/temp
10-25 16:28:49.822  1284  5526 I ABE     : temperature = 31
10-25 16:28:49.822  1284  5526 I ABE     : now tempture = 31 ; high = 65 ; highBufferTempture = 62
10-25 16:28:49.822  1284  5526 I ABE     : the tempture is false
10-25 16:28:49.823   406   406 I thermal_src: wake up function 3
10-25 16:28:49.823   406   406 I thermal_src: TA_DAEMON_CMD_GET_TPCB cmd=0x5, len=4 PCB=31000
10-25 16:28:49.823   406   406 I thermal_src: TA_DAEMON_CMD_SET_TTJ cmd=0x4, len=4 Tj=85000
10-25 16:28:49.823   406   406 I thermal_src: waiting NOTIFY from kernel...
10-25 16:28:50.103   406   406 I thermal_src: wake up function 3
10-25 16:28:50.103   406   406 I thermal_src: TA_DAEMON_CMD_GET_TPCB cmd=0x5, len=4 PCB=31000
10-25 16:28:50.103   406   406 I thermal_src: TA_DAEMON_CMD_SET_TTJ cmd=0x4, len=4 Tj=85000
10-25 16:28:50.103   406   406 I thermal_src: waiting NOTIFY from kernel...
10-25 16:28:50.347 14898 15891 D NativeCrypto: ssl=0x7f4e804800 NativeCrypto_SSL_interrupt
10-25 16:28:50.347 14898 15891 D NativeCrypto:  sslNotify, appData=0x7f4df21000 ret=1
10-25 16:28:50.347 14898 15891 D NativeCrypto:  sslNotify, appData=0x7f4df21000 ret=1
10-25 16:28:50.347 14898 15891 D NativeCrypto: ssl=0x7f4e804800 info_callback where=0x4008 ret=256
10-25 16:28:50.347 14898 15891 D NativeCrypto: ssl=0x7f4e804800 SSL3 alert write:W:CN warning close notify
10-25 16:28:50.348 14898 15891 D NativeCrypto: ssl=0x7f4e804800 info_callback ignored
10-25 16:28:50.348 14898 15891 I System.out: close [socket][/192.168.45.12:37591]
10-25 16:28:50.352  2395  2415 D FRR     : buff=0x7fac4f2240, len=195
10-25 16:28:50.352  2395  2415 D FRR     : uevent[0]=0x7fac4f2240, len=43, "change@/devices/virtual/xt_idletimer/timers"
10-25 16:28:50.352  2395  2415 D FRR     : voteFps(60, 0)
10-25 16:28:50.352  2395  2415 D FRR     : ThermalListener loop:
10-25 16:28:50.353   378  1120 D SocketClient: SocketClient sendData done: 613 IfaceClass active 1 7406139068209 10228
10-25 16:28:50.354   892  1155 D NetdConnector: RCV <- {613 IfaceClass active 1 7406139068209 10228}
10-25 16:28:50.355   892   936 D NetworkManagement: onEvent:613 IfaceClass active 1 7406139068209 10228:6
10-25 16:28:50.355   892   936 V ActivityManager: Broadcast: Intent { act=android.net.conn.DATA_ACTIVITY_CHANGE flg=0x10 (has extras) } ordered=true userid=-1 callerApp=ProcessRecord{a11efa8 892:system/1000}
10-25 16:28:50.355   892   936 V ActivityManager: Broadcast sticky: Intent { act=android.net.conn.DATA_ACTIVITY_CHANGE_CT flg=0x10 (has extras) } ordered=false userid=-1 callerApp=ProcessRecord{a11efa8 892:system/1000}
10-25 16:28:50.752  1391  1544 D DataFormatter: Normal bytes 327
10-25 16:28:50.754  1391  1544 D DataUsageService: NetSpeed 0.3K/s 
10-25 16:28:51.758   892   892 D tethering: >>>>> Dispatching to Handler (android.os.Handler) {5209c0d} com.vivo.services.engineerutile.BBKEngineerUtileService$1@d7c97c2: 0
10-25 16:28:51.759   892   892 D tethering: <<<<< Finished to Handler (android.os.Handler) {5209c0d} com.vivo.services.engineerutile.BBKEngineerUtileService$1@d7c97c2
10-25 16:28:51.939   296  2510 I MAL-Daemon:  (    ru_mdmngr_send_atcmd, 2049) [RDS-I][RDS][RU][ru_mdmngr_send_atcmd] try to send ATcmd : AT+ECSQ 
10-25 16:28:51.939   296  2510 I MAL-Daemon:  (    ru_mdmngr_send_atcmd, 2058) [RDS-I][RDS][RU][ru_mdmngr_send_atcmd] ru_check_ctx_ptr<0xf5df5460, 0xf5df5460>
10-25 16:28:51.939   296  2510 W MAL-Daemon:  (    mdfx_task_send_event,  636) mdfx_task_send_event(): [ACT] should NOT enter this leagcy API!!
10-25 16:28:51.939   296  2510 I MAL-Daemon:  (    ru_send_event_entity,  373) [RDS-I][RDS][RU][ru_send_event_entity] send event 101 to 101 with ret(0)
10-25 16:28:51.939   296   603 D MAL-Daemon:  (         mdmngr_task_hdl,   36) mdmngr_task_hdl(), receive event = 101 (vendor/mediatek/proprietary/frameworks/opt/mal/entity/mdmngr/mdmngr.c:36)
10-25 16:28:51.940   296   603 D MAL-Daemon:  (         mdmngr_task_hdl,   67) EVENT_MDMNGR_ATCMD_REQ@MDMNGR, priv_data = f70ee780, channel = 1, cmd = (AT+ECSQ) (vendor/mediatek/proprietary/frameworks/opt/mal/entity/mdmngr/mdmngr.c:67)
10-25 16:28:51.940   296   603 W MAL-Daemon:  (    mdfx_task_send_event,  636) mdfx_task_send_event(): [ACT] should NOT enter this leagcy API!!
10-25 16:28:51.940   296   621 I MAL-Daemon:  ( mdfx_event_do_statistic,  153) mdfx_event_do_statistic(): [STATISTIC] TID = 621 has used 3311844 bytes!!
10-25 16:28:51.940   296   621 E MAL-Daemon:  (void* rilproxy_task_hdl(,  439) rilproxy_task_hdl(), receive event = 401
10-25 16:28:51.940   296   621 D MAL-Daemon:  (int rilproxy_send_ril_re,  320) send ril request, request_id = 2130, serial_no = 30a00, length = 18000000, send_size = 24(18), fd = 30
10-25 16:28:51.948   296   619 D MAL-Daemon:  (void* rilproxy_cmd_resp_,  670) recv ril resp, length = 64, type = 0, result = 0, serial_no = 30a00
10-25 16:28:51.948   296   619 D MAL-Daemon:  (void* rilproxy_cmd_resp_,  676) event_id = 401
10-25 16:28:51.948   296   603 D MAL-Daemon:  (         mdmngr_task_hdl,   36) mdmngr_task_hdl(), receive event = 103 (vendor/mediatek/proprietary/frameworks/opt/mal/entity/mdmngr/mdmngr.c:36)
10-25 16:28:51.949   296   603 D MAL-Daemon:  (         mdmngr_task_hdl,  115) EVENT_MDMNGR_ATCMD_RESP@MDMNGR (vendor/mediatek/proprietary/frameworks/opt/mal/entity/mdmngr/mdmngr.c:115)
10-25 16:28:51.949   296   603 D MAL-Daemon:  (         mdmngr_task_hdl,  122) event_req = f70ee780, ID = 101 (vendor/mediatek/proprietary/frameworks/opt/mal/entity/mdmngr/mdmngr.c:122)
10-25 16:28:51.949   296   603 D MAL-Daemon:  (         mdmngr_task_hdl,  125) atcmd_resp->priv_data = f61b6f30 (vendor/mediatek/proprietary/frameworks/opt/mal/entity/mdmngr/mdmngr.c:125)
10-25 16:28:51.949   296   615 I MAL-Daemon:  (             rds_ru_task,  463) [RDS-I][RU][rds_ru_task] RCV Event: 103 
10-25 16:28:51.949   296   615 I MAL-Daemon:  (rds_ru_mdmngr_atrsp_hndl, 2316) [RDS-I][RDS][RU][rds_ru_mdmngr_atrsp_hndl] get AT resp: +ECSQ: 24,57,1,1,1,-32,-333,7,49,40
10-25 16:28:51.949   296   615 I MAL-Daemon: 
10-25 16:28:51.949   296   615 I MAL-Daemon: OK
10-25 16:28:51.949   296   615 I MAL-Daemon: 
10-25 16:28:51.949   296   615 I MAL-Daemon:  (     ru_parse_3gppsigval, 1545) [RDS-I][RDS][ru_parse_3gppsigval] 3gppsigval #args act<7>
10-25 16:28:51.949   296   615 I MAL-Daemon:  (rds_ru_mdmngr_atrsp_hndl, 2356) [RDS-I][RDS][RU][rds_ru_mdmngr_atrsp_hndl] Update 3GPP STATUS rsrp<-84> rsrq<24> rscp<0> rssi<0> regstat<6>
10-25 16:28:51.949   296   615 I MAL-Daemon:  (rds_ru_mdmngr_atrsp_hndl, 2357) [RDS-I][RDS][RU][rds_ru_mdmngr_atrsp_hndl] ru_check_ctx_ptr<0xf5df5460, 0xf5df5460>
10-25 16:28:51.949   296   615 W MAL-Daemon:  (    mdfx_task_send_event,  636) mdfx_task_send_event(): [ACT] should NOT enter this leagcy API!!
10-25 16:28:51.949   296   615 I MAL-Daemon:  (    ru_send_event_entity,  373) [RDS-I][RDS][RU][ru_send_event_entity] send event 605 to 602 with ret(0)
10-25 16:28:51.949   296   615 I MAL-Daemon:  (             rds_ru_task,  463) [RDS-I][RU][rds_ru_task] RCV Event: 605 
10-25 16:28:51.949   296   615 I MAL-Daemon:  (  rds_ru_3gpp_status_ind, 1474) [RDS-I][RU][EVENT_RU_DM_3GPP_STATUS_IND] i4ltersrp:-84, i4ltersrq:24, i4utranrscp:0, i4gsmrssi:0, u43gpp_status:0x6
10-25 16:28:51.950   296   615 E MAL-Daemon:  (  rds_ru_3gpp_status_ind, 1508) [RDS-E][RU][EVENT_RU_DM_3GPP_STATUS_IND] Invalid u43gpp_status:0x6
10-25 16:28:51.950   296   615 I MAL-Daemon:  (          rds_ru_rpl_gen, 5456) [RDS-I][RU][rds_ru_rpl_gen][RDS][OP147] TYPE : <0>, UI Policy : <3>, RDS Policy : <3>
10-25 16:28:51.950   296   615 I MAL-Daemon:  (      rds_cell_only_orng, 3804) [RDS-I][RU][RDS IMS/MMS][rds_cell_only_orng] 
10-25 16:28:51.950   296   615 I MAL-Daemon:  (          rds_ru_rpl_gen, 5467) [RDS-I][RU][rds_ru_rpl_gen][RDS][OP147] TYPE : <0>, RAN1 : <1> ,RAN2 : <254>
10-25 16:28:51.950   296   615 I MAL-Daemon:  (          rds_ru_rpl_gen, 5456) [RDS-I][RU][rds_ru_rpl_gen][RDS][OP147] TYPE : <1>, UI Policy : <3>, RDS Policy : <3>
10-25 16:28:51.950   296   615 I MAL-Daemon:  (      rds_cell_only_orng, 3804) [RDS-I][RU][RDS IMS/MMS][rds_cell_only_orng] 
10-25 16:28:51.950   296   615 I MAL-Daemon:  (          rds_ru_rpl_gen, 5467) [RDS-I][RU][rds_ru_rpl_gen][RDS][OP147] TYPE : <1>, RAN1 : <1> ,RAN2 : <254>
10-25 16:28:51.950   296   615 I MAL-Daemon:  (          rds_ru_rpl_gen, 5456) [RDS-I][RU][rds_ru_rpl_gen][RDS][OP147] TYPE : <2>, UI Policy : <3>, RDS Policy : <3>
10-25 16:28:51.950   296   615 I MAL-Daemon:  (      rds_cell_only_orng, 3804) [RDS-I][RU][RDS IMS/MMS][rds_cell_only_orng] 
10-25 16:28:51.950   296   615 I MAL-Daemon:  (          rds_ru_rpl_gen, 5467) [RDS-I][RU][rds_ru_rpl_gen][RDS][OP147] TYPE : <2>, RAN1 : <1> ,RAN2 : <254>
10-25 16:28:51.950   296   615 I MAL-Daemon:  (          rds_ru_rpl_gen, 5456) [RDS-I][RU][rds_ru_rpl_gen][RDS][OP147] TYPE : <3>, UI Policy : <3>, RDS Policy : <3>
10-25 16:28:51.950   296   615 I MAL-Daemon:  (          rds_ru_rpl_gen, 5467) [RDS-I][RU][rds_ru_rpl_gen][RDS][OP147] TYPE : <3>, RAN1 : <1> ,RAN2 : <255>
10-25 16:28:51.950   296   615 I MAL-Daemon:  (          rds_ru_rpl_gen, 5456) [RDS-I][RU][rds_ru_rpl_gen][RDS][OP147] TYPE : <4>, UI Policy : <3>, RDS Policy : <3>
10-25 16:28:51.950   296   615 I MAL-Daemon:  (          rds_ru_rpl_gen, 5467) [RDS-I][RU][rds_ru_rpl_gen][RDS][OP147] TYPE : <4>, RAN1 : <1> ,RAN2 : <255>
10-25 16:28:51.951   296   615 I MAL-Daemon:  (          rds_ru_rpl_gen, 5456) [RDS-I][RU][rds_ru_rpl_gen][RDS][OP147] TYPE : <5>, UI Policy : <3>, RDS Policy : <3>
10-25 16:28:51.951   296   615 I MAL-Daemon:  (          rds_ru_rpl_gen, 5467) [RDS-I][RU][rds_ru_rpl_gen][RDS][OP147] TYPE : <5>, RAN1 : <1> ,RAN2 : <255>
10-25 16:28:51.951   296   615 I MAL-Daemon:  (          rds_ru_rpl_gen, 5467) [RDS-I][RU][rds_ru_rpl_gen][RDS][OP147] TYPE : <6>, RAN1 : <254> ,RAN2 : <254>
10-25 16:28:51.951   296   615 I MAL-Daemon:  (    rds_op_check_feature,  349) [RDS-I][RDS][OP][rds_op_check_feature] operator id(147) check feature<0>, curr_opmsk is <1>, sys_opmsk is <0x0001, 1>
10-25 16:28:51.951   296   615 I MAL-Daemon:  (          rds_ru_rpl_gen, 5491) [RDS-I][RU][rds_ru_rpl_gen][RDS] Current policy: fgimsolte_en<1>, fgwfc_en<0>, erdspolicy<3>, 
10-25 16:28:51.951   296   615 I MAL-Daemon:  (          rds_ru_rpl_gen, 5494) [RDS-I][RU][rds_ru_rpl_gen][RDS] Threshold i4wifirssih<-75>, i4wifirssil<-85>, i4wifirssih_ho<-78>, i4wifirssil_ho<-88>, i4wifisnrh<10>, i4wifisnrl<6>
10-25 16:28:51.951   296   615 I MAL-Daemon:  (          rds_ru_rpl_gen, 5497) [RDS-I][RU][rds_ru_rpl_gen][RDS] Threshold i4ltersrph<-106>, i4ltersrpm<-111>, i4ltersrpl<-116>, i4ltersrqh<5>, i4ltersrqm<3>, i4ltersrql<1>
10-25 16:28:51.951   296   615 I MAL-Daemon:  (          rds_ru_rpl_gen, 5500) [RDS-I][RU][rds_ru_rpl_gen][RDS] Threshold i4utranrscph<-104>, i4utranrscpl<-110>, i4gsmrssih<-94>, i4gsmrssil<-102>
10-25 16:28:51.951   296   615 I MAL-Daemon:  (          rds_ru_rpl_gen, 5503) [RDS-I][RU][rds_ru_rpl_gen][RDS] current rds ru status: i4wifirssi<-72>, i4wifisnr<9999>, i4ltersrp<-84>, i4ltersrq<24>, i4utranrscp<-141>, i4gsmrssi<-141>, u4active_ran<65539>
10-25 16:28:51.951   296   615 I MAL-Daemon:  (          rds_ru_rpl_gen, 5506) [RDS-I][RU][rds_ru_rpl_gen][RDS] current wifi backhaul : rtp_plr<0>, rtp_jitter<0>, ping_ind<0>
10-25 16:28:51.951   296   615 I MAL-Daemon:  (          rds_ru_rpl_gen, 5509) [RDS-I][RU][rds_ru_rpl_gen][RDS] Call stat : IR92<0>, IR94<0> 
10-25 16:28:51.951   296   615 I MAL-Daemon:  (          rds_ru_rpl_gen, 5515) [RDS-I][RU][RDS IMS/MMS][rds_ru_rpl_gen] Ori:(1,254)/(1,255) New:(1,254)/(1,255)
10-25 16:28:51.952   296   615 I MAL-Daemon:  (          rds_ru_rpl_gen, 5520) [RDS-I][RU][RDS IMS/MMS WIFI][rds_ru_rpl_gen] Ori:(1,254)/(1,255) New:(1,254)/(1,255)
10-25 16:28:51.952   296   615 I MAL-Daemon:  (          rds_ru_rpl_gen, 5525) [RDS-I][RU][RDS IMS/MMS CELL][rds_ru_rpl_gen] Ori:(1,254)/(1,255) New:(1,254)/(1,255)
10-25 16:28:51.952   296   615 I MAL-Daemon:  (          rds_ru_rpl_gen, 5529) [RDS-I][RU][RDS EMG][rds_ru_rpl_gen] Ori:(254,254) New:(254,254)
10-25 16:28:52.231   296  8410 I MAL-Daemon:  (        ru_syssig_hndler,  441) [RDS-I][ru_syssig_hndler] Send Event: 688 
10-25 16:28:52.231   296  8410 I MAL-Daemon:  (        ru_syssig_hndler,  442) [RDS-I][RDS][RU][ru_syssig_hndler] ru_check_ctx_ptr<0xf5df5460, 0xf5df5460>
10-25 16:28:52.231   296  8410 W MAL-Daemon:  (    mdfx_task_send_event,  636) mdfx_task_send_event(): [ACT] should NOT enter this leagcy API!!
10-25 16:28:52.231   296  8410 I MAL-Daemon:  (    ru_send_event_entity,  373) [RDS-I][RDS][RU][ru_send_event_entity] send event 688 to 602 with ret(0)
10-25 16:28:52.232   296   615 I MAL-Daemon:  (             rds_ru_task,  463) [RDS-I][RU][rds_ru_task] RCV Event: 688 
10-25 16:28:52.244   296   615 D MAL-Daemon:  (     ru_wsl_poll_wpainfo,  662) [RDS-D][RDS][RU][ru_wsl_poll_wpainfo]socket recv pktlen(48) 
10-25 16:28:52.244   296   615 D MAL-Daemon:  (rds_ru_ws_rssi_timer_exp,  775) [RDS-D][RU][rds_ru_ws_rssi_timer_expire_hdlr][RDS] get rssi = -70, snr = 9999 
10-25 16:28:52.244   296   615 I MAL-Daemon:  (  ru_wsl_wifi_status_ind,  757) [RDS-I][RDS][RU][ru_wsl_wifi_status_ind] ru_check_ctx_ptr<0xf5df5460, 0xf5df5460>
10-25 16:28:52.244   296   615 W MAL-Daemon:  (    mdfx_task_send_event,  636) mdfx_task_send_event(): [ACT] should NOT enter this leagcy API!!
10-25 16:28:52.244   296   615 I MAL-Daemon:  (    ru_send_event_entity,  373) [RDS-I][RDS][RU][ru_send_event_entity] send event 604 to 602 with ret(0)
10-25 16:28:52.245   296   615 I MAL-Daemon:  (          ru_get_netstat, 5890) [RDS-I][RU][ru_get_netstat] netstat <thrghpt, pkterrt>, wifi <283, 0%>, mobile <756, 0%>
10-25 16:28:52.245   296   615 I MAL-Daemon:  (    ru_send_event_entity,  373) [RDS-I][RDS][RU][ru_send_event_entity] send event 614 to 1233 with ret(0)
10-25 16:28:52.245   296   615 I MAL-Daemon:  (             rds_ru_task,  463) [RDS-I][RU][rds_ru_task] RCV Event: 604 
10-25 16:28:52.245   296   615 I MAL-Daemon:  (  rds_ru_wifi_status_ind, 1421) [RDS-I][RU][EVENT_RU_WS_WIFI_STATUS_IND] fgwifi_en:1(no use) i4wifirssi:0xffffffba i4wifisnr:0x270f
10-25 16:28:52.246   296   615 I MAL-Daemon:  (    ru_send_event_entity,  373) [RDS-I][RDS][RU][ru_send_event_entity] send event 615 to 1233 with ret(0)
10-25 16:28:52.246   296   615 I MAL-Daemon:  (          rds_ru_rpl_gen, 5456) [RDS-I][RU][rds_ru_rpl_gen][RDS][OP147] TYPE : <0>, UI Policy : <3>, RDS Policy : <3>
10-25 16:28:52.246   296   615 I MAL-Daemon:  (      rds_cell_only_orng, 3804) [RDS-I][RU][RDS IMS/MMS][rds_cell_only_orng] 
10-25 16:28:52.246   296   615 I MAL-Daemon:  (          rds_ru_rpl_gen, 5467) [RDS-I][RU][rds_ru_rpl_gen][RDS][OP147] TYPE : <0>, RAN1 : <1> ,RAN2 : <254>
