10-25 16:27:03.766  2389  2389 D ActivityThread: BDC-Calling onReceive: intent=Intent { act=com.google.android.gms.gcm.ACTION_SCHEDULE flg=0x10 pkg=com.google.android.gms cmp=com.google.android.gms/.gcm.nts.SchedulerReceiver (has extras) }, receiver=com.google.android.gms.gcm.nts.SchedulerReceiver@2c34845
10-25 16:27:03.767   892  2022 I NetworkIdentity: buildNetworkIdentity:
10-25 16:27:03.768  2389  2389 D ActivityThread: BDC-RECEIVER handled : 0 / ReceiverData{intent=Intent { act=com.google.android.gms.gcm.ACTION_SCHEDULE flg=0x10 pkg=com.google.android.gms cmp=com.google.android.gms/.gcm.nts.SchedulerReceiver (has extras) } packageName=com.google.android.gms resultCode=-1 resultData=null resultExtras=null}
10-25 16:27:03.768   892  2022 I NetworkIdentity: networkId = Dapl server1
10-25 16:27:03.773   892  1282 V AlarmAlign: remove pkg = com.google.android.gms, action = com.google.android.gms.gcm.ACTION_CHECK_QUEUE
10-25 16:27:03.773   892  1282 D AlarmManager:  alarm = Alarm{bc65db3 type 2 when 7327044 com.google.android.gms} add to Batch{205016a num=1 start=7311356 end=7986356}
10-25 16:27:03.774   892  1282 D AlarmManager:  alarm = Alarm{20b2e90 type 2 when 8042403 com.google.android.gms} add to Batch{48c165b num=1 start=7231709 end=8581709 flgs=0x8}
10-25 16:27:03.774   892  1282 D AlarmManager:  alarm = Alarm{b1c9bfc type 2 when 11290141 android} add to Batch{3d76ef8 num=1 start=10328222 end=18428222}
10-25 16:27:03.775   892  1700 D ConnectivityService: getActiveNetworkInfo networkInfo = [type: WIFI[], state: CONNECTED/CONNECTED, reason: (unspecified), extra: "Dapl server1", roaming: false, failover: false, isAvailable: true]
10-25 16:27:03.780   892  2022 V AlarmAlign: remove pkg = com.google.android.gms, action = com.google.android.gms.measurement.UPLOAD
10-25 16:27:03.781   892  2027 D SettingsInterface:  from settings cache , name = network_scorer_app , value = null
10-25 16:27:03.785   892   909 V ActivityManager: Broadcast: Intent { act=com.google.android.gms.gcm.ACTION_SCHEDULE flg=0x10 pkg=com.google.android.gms (has extras) } ordered=false userid=0 callerApp=ProcessRecord{cbb8ef4 4491:com.google.android.gms/u0a10}
10-25 16:27:03.786   892  1282 D SettingsInterface:  from settings cache , name = network_scorer_app , value = null
10-25 16:27:03.789  2389  2389 D ActivityThread: BDC-Calling onReceive: intent=Intent { act=com.google.android.gms.gcm.ACTION_SCHEDULE flg=0x10 pkg=com.google.android.gms cmp=com.google.android.gms/.gcm.nts.SchedulerReceiver (has extras) }, receiver=com.google.android.gms.gcm.nts.SchedulerReceiver@788fb9a
10-25 16:27:03.789   892  2026 D SettingsInterface:  from settings cache , name = network_scorer_app , value = null
10-25 16:27:03.790  2389  2389 D ActivityThread: BDC-RECEIVER handled : 0 / ReceiverData{intent=Intent { act=com.google.android.gms.gcm.ACTION_SCHEDULE flg=0x10 pkg=com.google.android.gms cmp=com.google.android.gms/.gcm.nts.SchedulerReceiver (has extras) } packageName=com.google.android.gms resultCode=-1 resultData=null resultExtras=null}
10-25 16:27:03.794   892  1994 D SettingsInterface:  from settings cache , name = network_scorer_app , value = null
10-25 16:27:03.798   892  2006 D SettingsInterface:  from settings cache , name = network_scorer_app , value = null
10-25 16:27:03.800   892   921 V AlarmAlign: addAlarm pkg = com.google.android.gms, action = com.google.android.gms.gcm.ACTION_CHECK_QUEUE, whenElapsed = 7331039
10-25 16:27:03.815   892  2018 D ConnectivityService: getActiveNetworkInfo networkInfo = [type: WIFI[], state: CONNECTED/CONNECTED, reason: (unspecified), extra: "Dapl server1", roaming: false, failover: false, isAvailable: true]
10-25 16:27:03.815   892  1282 I NetworkIdentity: buildNetworkIdentity:
10-25 16:27:03.816   892  1282 I NetworkIdentity: networkId = Dapl server1
10-25 16:27:03.818   892  2025 V AlarmAlign: remove pkg = com.google.android.gms, action = com.google.android.gms.gcm.ACTION_CHECK_QUEUE
10-25 16:27:03.819   892  2025 D AlarmManager:  alarm = Alarm{bc65db3 type 2 when 7327044 com.google.android.gms} add to Batch{259ffd1 num=1 start=7311356 end=7986356}
10-25 16:27:03.819   892  2025 D AlarmManager:  alarm = Alarm{20b2e90 type 2 when 8042403 com.google.android.gms} add to Batch{8e9ca36 num=1 start=7231709 end=8581709 flgs=0x8}
10-25 16:27:03.819   892  2025 D AlarmManager:  alarm = Alarm{b1c9bfc type 2 when 11290141 android} add to Batch{2ebbd37 num=1 start=10835150 end=13535150}
10-25 16:27:03.824   892  1426 D SettingsInterface:  from settings cache , name = network_scorer_app , value = null
10-25 16:27:03.828   892  1700 D SettingsInterface:  from settings cache , name = network_scorer_app , value = null
10-25 16:27:03.831   892  1282 D SettingsInterface:  from settings cache , name = network_scorer_app , value = null
10-25 16:27:03.834   892  1283 D SettingsInterface:  from settings cache , name = network_scorer_app , value = null
10-25 16:27:03.838   892  2025 D SettingsInterface:  from settings cache , name = network_scorer_app , value = null
10-25 16:27:03.842   892  2022 V AlarmAlign: addAlarm pkg = com.google.android.gms, action = com.google.android.gms.gcm.ACTION_CHECK_QUEUE, whenElapsed = 7331039
10-25 16:27:04.116 16068 16078 I PresentationSystem: not needQuiet
10-25 16:27:04.231   296  8410 I MAL-Daemon:  (        ru_syssig_hndler,  441) [RDS-I][ru_syssig_hndler] Send Event: 688 
10-25 16:27:04.231   296  8410 I MAL-Daemon:  (        ru_syssig_hndler,  442) [RDS-I][RDS][RU][ru_syssig_hndler] ru_check_ctx_ptr<0xf5df5460, 0xf5df5460>
10-25 16:27:04.231   296  8410 W MAL-Daemon:  (    mdfx_task_send_event,  636) mdfx_task_send_event(): [ACT] should NOT enter this leagcy API!!
10-25 16:27:04.231   296  8410 I MAL-Daemon:  (    ru_send_event_entity,  373) [RDS-I][RDS][RU][ru_send_event_entity] send event 688 to 602 with ret(0)
10-25 16:27:04.232   296   615 I MAL-Daemon:  (             rds_ru_task,  463) [RDS-I][RU][rds_ru_task] RCV Event: 688 
10-25 16:27:04.246   296   615 D MAL-Daemon:  (     ru_wsl_poll_wpainfo,  662) [RDS-D][RDS][RU][ru_wsl_poll_wpainfo]socket recv pktlen(48) 
10-25 16:27:04.246   296   615 D MAL-Daemon:  (rds_ru_ws_rssi_timer_exp,  775) [RDS-D][RU][rds_ru_ws_rssi_timer_expire_hdlr][RDS] get rssi = -70, snr = 9999 
10-25 16:27:04.246   296   615 I MAL-Daemon:  (  ru_wsl_wifi_status_ind,  757) [RDS-I][RDS][RU][ru_wsl_wifi_status_ind] ru_check_ctx_ptr<0xf5df5460, 0xf5df5460>
10-25 16:27:04.246   296   615 W MAL-Daemon:  (    mdfx_task_send_event,  636) mdfx_task_send_event(): [ACT] should NOT enter this leagcy API!!
10-25 16:27:04.246   296   615 I MAL-Daemon:  (    ru_send_event_entity,  373) [RDS-I][RDS][RU][ru_send_event_entity] send event 604 to 602 with ret(0)
10-25 16:27:04.247   296   615 I MAL-Daemon:  (          ru_get_netstat, 5890) [RDS-I][RU][ru_get_netstat] netstat <thrghpt, pkterrt>, wifi <9374, 0%>, mobile <756, 0%>
10-25 16:27:04.247   296   615 I MAL-Daemon:  (    ru_send_event_entity,  373) [RDS-I][RDS][RU][ru_send_event_entity] send event 614 to 1233 with ret(0)
10-25 16:27:04.247   296   615 I MAL-Daemon:  (             rds_ru_task,  463) [RDS-I][RU][rds_ru_task] RCV Event: 604 
10-25 16:27:04.247   296   615 I MAL-Daemon:  (  rds_ru_wifi_status_ind, 1421) [RDS-I][RU][EVENT_RU_WS_WIFI_STATUS_IND] fgwifi_en:1(no use) i4wifirssi:0xffffffba i4wifisnr:0x270f
10-25 16:27:04.247   296   615 I MAL-Daemon:  (    ru_send_event_entity,  373) [RDS-I][RDS][RU][ru_send_event_entity] send event 615 to 1233 with ret(0)
10-25 16:27:04.248   296   615 I MAL-Daemon:  (          rds_ru_rpl_gen, 5456) [RDS-I][RU][rds_ru_rpl_gen][RDS][OP147] TYPE : <0>, UI Policy : <3>, RDS Policy : <3>
10-25 16:27:04.248   296   615 I MAL-Daemon:  (      rds_cell_only_orng, 3804) [RDS-I][RU][RDS IMS/MMS][rds_cell_only_orng] 
10-25 16:27:04.248   296   615 I MAL-Daemon:  (          rds_ru_rpl_gen, 5467) [RDS-I][RU][rds_ru_rpl_gen][RDS][OP147] TYPE : <0>, RAN1 : <1> ,RAN2 : <254>
10-25 16:27:04.248   296   615 I MAL-Daemon:  (          rds_ru_rpl_gen, 5456) [RDS-I][RU][rds_ru_rpl_gen][RDS][OP147] TYPE : <1>, UI Policy : <3>, RDS Policy : <3>
10-25 16:27:04.248   296   615 I MAL-Daemon:  (      rds_cell_only_orng, 3804) [RDS-I][RU][RDS IMS/MMS][rds_cell_only_orng] 
10-25 16:27:04.248   296   615 I MAL-Daemon:  (          rds_ru_rpl_gen, 5467) [RDS-I][RU][rds_ru_rpl_gen][RDS][OP147] TYPE : <1>, RAN1 : <1> ,RAN2 : <254>
10-25 16:27:04.248   296   615 I MAL-Daemon:  (          rds_ru_rpl_gen, 5456) [RDS-I][RU][rds_ru_rpl_gen][RDS][OP147] TYPE : <2>, UI Policy : <3>, RDS Policy : <3>
10-25 16:27:04.248   296   615 I MAL-Daemon:  (      rds_cell_only_orng, 3804) [RDS-I][RU][RDS IMS/MMS][rds_cell_only_orng] 
10-25 16:27:04.248   296   615 I MAL-Daemon:  (          rds_ru_rpl_gen, 5467) [RDS-I][RU][rds_ru_rpl_gen][RDS][OP147] TYPE : <2>, RAN1 : <1> ,RAN2 : <254>
10-25 16:27:04.248   296   615 I MAL-Daemon:  (          rds_ru_rpl_gen, 5456) [RDS-I][RU][rds_ru_rpl_gen][RDS][OP147] TYPE : <3>, UI Policy : <3>, RDS Policy : <3>
10-25 16:27:04.248   296   615 I MAL-Daemon:  (          rds_ru_rpl_gen, 5467) [RDS-I][RU][rds_ru_rpl_gen][RDS][OP147] TYPE : <3>, RAN1 : <1> ,RAN2 : <255>
10-25 16:27:04.248   296   615 I MAL-Daemon:  (          rds_ru_rpl_gen, 5456) [RDS-I][RU][rds_ru_rpl_gen][RDS][OP147] TYPE : <4>, UI Policy : <3>, RDS Policy : <3>
10-25 16:27:04.248   296   615 I MAL-Daemon:  (          rds_ru_rpl_gen, 5467) [RDS-I][RU][rds_ru_rpl_gen][RDS][OP147] TYPE : <4>, RAN1 : <1> ,RAN2 : <255>
10-25 16:27:04.248   296   615 I MAL-Daemon:  (          rds_ru_rpl_gen, 5456) [RDS-I][RU][rds_ru_rpl_gen][RDS][OP147] TYPE : <5>, UI Policy : <3>, RDS Policy : <3>
10-25 16:27:04.249   296   615 I MAL-Daemon:  (          rds_ru_rpl_gen, 5467) [RDS-I][RU][rds_ru_rpl_gen][RDS][OP147] TYPE : <5>, RAN1 : <1> ,RAN2 : <255>
10-25 16:27:04.249   296   615 I MAL-Daemon:  (          rds_ru_rpl_gen, 5467) [RDS-I][RU][rds_ru_rpl_gen][RDS][OP147] TYPE : <6>, RAN1 : <254> ,RAN2 : <254>
10-25 16:27:04.249   296   615 I MAL-Daemon:  (    rds_op_check_feature,  349) [RDS-I][RDS][OP][rds_op_check_feature] operator id(147) check feature<0>, curr_opmsk is <1>, sys_opmsk is <0x0001, 1>
10-25 16:27:04.249   296   615 I MAL-Daemon:  (          rds_ru_rpl_gen, 5491) [RDS-I][RU][rds_ru_rpl_gen][RDS] Current policy: fgimsolte_en<1>, fgwfc_en<0>, erdspolicy<3>, 
10-25 16:27:04.249   296   615 I MAL-Daemon:  (          rds_ru_rpl_gen, 5494) [RDS-I][RU][rds_ru_rpl_gen][RDS] Threshold i4wifirssih<-75>, i4wifirssil<-85>, i4wifirssih_ho<-78>, i4wifirssil_ho<-88>, i4wifisnrh<10>, i4wifisnrl<6>
10-25 16:27:04.250  1979  2064 I MFI-Conn:  (     mfia_task_bootstrap,  944) mfia_task_bootstrap(): an event 614 incoming
10-25 16:27:04.250  1979  2064 I MFI-Conn:  (     mfia_task_bootstrap,  944) mfia_task_bootstrap(): an event 615 incoming
10-25 16:27:04.251  1979  2084 I MFI-Conn:  (             rds_urc_hdl,  276) [RDS][rds_urc_hdl] RCV Event: 614 
10-25 16:27:04.251  1979  2084 I MFI-Conn:  (             rds_urc_hdl,  391) [RDS][IF][rds_urc_hdl] data_base update: pkterrt(0) 
10-25 16:27:04.251  1979  2084 I MFI-Conn:  (             rds_urc_hdl,  276) [RDS][rds_urc_hdl] RCV Event: 615 
10-25 16:27:04.251  1979  2084 I MFI-Conn:  (             rds_urc_hdl,  401) [RDS][IF][rds_urc_hdl] data_base update: i4wifirssi(-70) 
10-25 16:27:04.255   296   615 I MAL-Daemon:  (          rds_ru_rpl_gen, 5497) [RDS-I][RU][rds_ru_rpl_gen][RDS] Threshold i4ltersrph<-106>, i4ltersrpm<-111>, i4ltersrpl<-116>, i4ltersrqh<5>, i4ltersrqm<3>, i4ltersrql<1>
10-25 16:27:04.256   296   615 I MAL-Daemon:  (          rds_ru_rpl_gen, 5500) [RDS-I][RU][rds_ru_rpl_gen][RDS] Threshold i4utranrscph<-104>, i4utranrscpl<-110>, i4gsmrssih<-94>, i4gsmrssil<-102>
10-25 16:27:04.258   296   615 I MAL-Daemon:  (          rds_ru_rpl_gen, 5503) [RDS-I][RU][rds_ru_rpl_gen][RDS] current rds ru status: i4wifirssi<-70>, i4wifisnr<9999>, i4ltersrp<-84>, i4ltersrq<24>, i4utranrscp<-141>, i4gsmrssi<-141>, u4active_ran<65539>
10-25 16:27:04.259   296   615 I MAL-Daemon:  (          rds_ru_rpl_gen, 5506) [RDS-I][RU][rds_ru_rpl_gen][RDS] current wifi backhaul : rtp_plr<0>, rtp_jitter<0>, ping_ind<0>
10-25 16:27:04.259   296   615 I MAL-Daemon:  (          rds_ru_rpl_gen, 5509) [RDS-I][RU][rds_ru_rpl_gen][RDS] Call stat : IR92<0>, IR94<0> 
10-25 16:27:04.259   296   615 I MAL-Daemon:  (          rds_ru_rpl_gen, 5515) [RDS-I][RU][RDS IMS/MMS][rds_ru_rpl_gen] Ori:(1,254)/(1,255) New:(1,254)/(1,255)
10-25 16:27:04.259   296   615 I MAL-Daemon:  (          rds_ru_rpl_gen, 5520) [RDS-I][RU][RDS IMS/MMS WIFI][rds_ru_rpl_gen] Ori:(1,254)/(1,255) New:(1,254)/(1,255)
10-25 16:27:04.259   296   615 I MAL-Daemon:  (          rds_ru_rpl_gen, 5525) [RDS-I][RU][RDS IMS/MMS CELL][rds_ru_rpl_gen] Ori:(1,254)/(1,255) New:(1,254)/(1,255)
10-25 16:27:04.259   296   615 I MAL-Daemon:  (          rds_ru_rpl_gen, 5529) [RDS-I][RU][RDS EMG][rds_ru_rpl_gen] Ori:(254,254) New:(254,254)
10-25 16:27:04.569   892  1024 I libsuspend: ws name: PowerManagerService.WakeLocks, act_since: 216007, act_cnt: 999, ev_cnt: 999, wakeup_cnt: 0
10-25 16:27:04.569   892  1024 I libsuspend: ws name: power_control_slow wakelock, act_since: 7111509, act_cnt: 1, ev_cnt: 712, wakeup_cnt: 0
10-25 16:27:04.569   892  1024 I libsuspend: ws name: ttyC0, act_since: 932, act_cnt: 1918, ev_cnt: 5840, wakeup_cnt: 0
10-25 16:27:04.570   892  1024 I libsuspend: ws name: USB.lock, act_since: 7111065, act_cnt: 1, ev_cnt: 1, wakeup_cnt: 0
10-25 16:27:04.893   406   406 I thermal_src: wake up function 3
10-25 16:27:04.893   406   406 I thermal_src: TA_DAEMON_CMD_GET_TPCB cmd=0x5, len=4 PCB=32000
10-25 16:27:04.893   406   406 I thermal_src: TA_DAEMON_CMD_SET_TTJ cmd=0x4, len=4 Tj=85000
10-25 16:27:04.893   406   406 I thermal_src: waiting NOTIFY from kernel...
10-25 16:27:05.015   892  1130 I PackageManager: VIVO_DELAY_DEXOPT: packageName=com.google.android.partnersetup
10-25 16:27:05.598  1391  1544 D DataFormatter: Normal bytes 3232
10-25 16:27:05.601  1391  1544 D DataUsageService: NetSpeed 3.2K/s 
10-25 16:27:06.083   892  1142 V AlarmAlign: mAlarmBatches = 111, triggerList = 1
10-25 16:27:06.083   892  1142 V AlarmAlign: triggerList has deliver.1
10-25 16:27:06.083   892  1142 D SettingsInterface:  from settings cache , name = background_power_saving_enable , value = 1
10-25 16:27:06.083   892  1142 D DataShapingService: Alarm manager openLteDataUpLinkGate: false
10-25 16:27:06.084   892  1142 V AlarmManager: openLteGateSuccess = false
10-25 16:27:06.084   892  1142 V ActivityManager: Broadcast: Intent { act=android.content.jobscheduler.JOB_DELAY_EXPIRED flg=0x114 (has extras) } ordered=true userid=0 callerApp=null
10-25 16:27:06.092   892   892 D tethering: >>>>> Dispatching to Handler (android.app.ActivityThread$H) {c3a6cda} android.app.LoadedApk$ReceiverDispatcher$Args@19082a4: 0
10-25 16:27:06.096   892  1142 V AlarmAlign: triggerAlarm v at 7301870, size=1, hasWakeup=false, mWake_Set=true, mNextWakeup=7306559, mNextNonWakeup=7301870, mBatch.end=7320357, why=8
10-25 16:27:06.097   892   892 V AlarmAlign: addAlarm pkg = android, action = android.content.jobscheduler.JOB_DELAY_EXPIRED, whenElapsed = 7425674
10-25 16:27:06.098   892   892 D ActivityThread: BDC-Calling finishReceiver: IIntentReceiver=35c7897
10-25 16:27:06.100   892   892 D tethering: <<<<< Finished to Handler (android.app.ActivityThread$H) {c3a6cda} android.app.LoadedApk$ReceiverDispatcher$Args@19082a4
10-25 16:27:06.100   892   892 D tethering: >>>>> Dispatching to Handler (com.android.server.job.JobSchedulerService$JobHandler) {9a11318} null: 1
10-25 16:27:06.101   892   892 D tethering: <<<<< Finished to Handler (com.android.server.job.JobSchedulerService$JobHandler) {9a11318} null
10-25 16:27:06.101   892   892 D tethering: >>>>> Dispatching to Handler (com.android.server.AlarmManagerService$AlarmHandler) {3691c4} android.app.PendingIntent$FinishedDispatcher@12dc80d: 0
10-25 16:27:06.101   892   892 D AlarmManager: onSendFinished begin
10-25 16:27:06.109   892   892 D tethering: <<<<< Finished to Handler (com.android.server.AlarmManagerService$AlarmHandler) {3691c4} android.app.PendingIntent$FinishedDispatcher@12dc80d
10-25 16:27:06.653   892   892 D tethering: >>>>> Dispatching to Handler (android.os.Handler) {5209c0d} com.vivo.services.engineerutile.BBKEngineerUtileService$1@d7c97c2: 0
10-25 16:27:06.654   892   892 D tethering: <<<<< Finished to Handler (android.os.Handler) {5209c0d} com.vivo.services.engineerutile.BBKEngineerUtileService$1@d7c97c2
10-25 16:27:07.118 16068 16079 I PresentationSystem: not needQuiet
10-25 16:27:07.231   296  8410 I MAL-Daemon:  (        ru_syssig_hndler,  441) [RDS-I][ru_syssig_hndler] Send Event: 688 
10-25 16:27:07.231   296  8410 I MAL-Daemon:  (        ru_syssig_hndler,  442) [RDS-I][RDS][RU][ru_syssig_hndler] ru_check_ctx_ptr<0xf5df5460, 0xf5df5460>
10-25 16:27:07.231   296  8410 W MAL-Daemon:  (    mdfx_task_send_event,  636) mdfx_task_send_event(): [ACT] should NOT enter this leagcy API!!
10-25 16:27:07.231   296  8410 I MAL-Daemon:  (    ru_send_event_entity,  373) [RDS-I][RDS][RU][ru_send_event_entity] send event 688 to 602 with ret(0)
10-25 16:27:07.232   296   615 I MAL-Daemon:  (             rds_ru_task,  463) [RDS-I][RU][rds_ru_task] RCV Event: 688 
10-25 16:27:07.244   296   615 D MAL-Daemon:  (     ru_wsl_poll_wpainfo,  662) [RDS-D][RDS][RU][ru_wsl_poll_wpainfo]socket recv pktlen(48) 
10-25 16:27:07.245   296   615 D MAL-Daemon:  (rds_ru_ws_rssi_timer_exp,  775) [RDS-D][RU][rds_ru_ws_rssi_timer_expire_hdlr][RDS] get rssi = -69, snr = 9999 
10-25 16:27:07.245   296   615 I MAL-Daemon:  (  ru_wsl_wifi_status_ind,  757) [RDS-I][RDS][RU][ru_wsl_wifi_status_ind] ru_check_ctx_ptr<0xf5df5460, 0xf5df5460>
10-25 16:27:07.245   296   615 W MAL-Daemon:  (    mdfx_task_send_event,  636) mdfx_task_send_event(): [ACT] should NOT enter this leagcy API!!
10-25 16:27:07.245   296   615 I MAL-Daemon:  (    ru_send_event_entity,  373) [RDS-I][RDS][RU][ru_send_event_entity] send event 604 to 602 with ret(0)
10-25 16:27:07.246   296   615 I MAL-Daemon:  (          ru_get_netstat, 5890) [RDS-I][RU][ru_get_netstat] netstat <thrghpt, pkterrt>, wifi <0, 0%>, mobile <756, 0%>
10-25 16:27:07.246   296   615 I MAL-Daemon:  (    ru_send_event_entity,  373) [RDS-I][RDS][RU][ru_send_event_entity] send event 614 to 1233 with ret(0)
10-25 16:27:07.246   296   615 I MAL-Daemon:  (             rds_ru_task,  463) [RDS-I][RU][rds_ru_task] RCV Event: 604 
10-25 16:27:07.246   296   615 I MAL-Daemon:  (  rds_ru_wifi_status_ind, 1421) [RDS-I][RU][EVENT_RU_WS_WIFI_STATUS_IND] fgwifi_en:1(no use) i4wifirssi:0xffffffbb i4wifisnr:0x270f
10-25 16:27:07.246   296   615 I MAL-Daemon:  (    ru_send_event_entity,  373) [RDS-I][RDS][RU][ru_send_event_entity] send event 615 to 1233 with ret(0)
10-25 16:27:07.246   296   615 I MAL-Daemon:  (          rds_ru_rpl_gen, 5456) [RDS-I][RU][rds_ru_rpl_gen][RDS][OP147] TYPE : <0>, UI Policy : <3>, RDS Policy : <3>
10-25 16:27:07.247   296   615 I MAL-Daemon:  (      rds_cell_only_orng, 3804) [RDS-I][RU][RDS IMS/MMS][rds_cell_only_orng] 
10-25 16:27:07.247   296   615 I MAL-Daemon:  (          rds_ru_rpl_gen, 5467) [RDS-I][RU][rds_ru_rpl_gen][RDS][OP147] TYPE : <0>, RAN1 : <1> ,RAN2 : <254>
10-25 16:27:07.247   296   615 I MAL-Daemon:  (          rds_ru_rpl_gen, 5456) [RDS-I][RU][rds_ru_rpl_gen][RDS][OP147] TYPE : <1>, UI Policy : <3>, RDS Policy : <3>
10-25 16:27:07.247   296   615 I MAL-Daemon:  (      rds_cell_only_orng, 3804) [RDS-I][RU][RDS IMS/MMS][rds_cell_only_orng] 
10-25 16:27:07.247   296   615 I MAL-Daemon:  (          rds_ru_rpl_gen, 5467) [RDS-I][RU][rds_ru_rpl_gen][RDS][OP147] TYPE : <1>, RAN1 : <1> ,RAN2 : <254>
10-25 16:27:07.247   296   615 I MAL-Daemon:  (          rds_ru_rpl_gen, 5456) [RDS-I][RU][rds_ru_rpl_gen][RDS][OP147] TYPE : <2>, UI Policy : <3>, RDS Policy : <3>
10-25 16:27:07.247   296   615 I MAL-Daemon:  (      rds_cell_only_orng, 3804) [RDS-I][RU][RDS IMS/MMS][rds_cell_only_orng] 
10-25 16:27:07.247   296   615 I MAL-Daemon:  (          rds_ru_rpl_gen, 5467) [RDS-I][RU][rds_ru_rpl_gen][RDS][OP147] TYPE : <2>, RAN1 : <1> ,RAN2 : <254>
10-25 16:27:07.247   296   615 I MAL-Daemon:  (          rds_ru_rpl_gen, 5456) [RDS-I][RU][rds_ru_rpl_gen][RDS][OP147] TYPE : <3>, UI Policy : <3>, RDS Policy : <3>
10-25 16:27:07.247   296   615 I MAL-Daemon:  (          rds_ru_rpl_gen, 5467) [RDS-I][RU][rds_ru_rpl_gen][RDS][OP147] TYPE : <3>, RAN1 : <1> ,RAN2 : <255>
10-25 16:27:07.247   296   615 I MAL-Daemon:  (          rds_ru_rpl_gen, 5456) [RDS-I][RU][rds_ru_rpl_gen][RDS][OP147] TYPE : <4>, UI Policy : <3>, RDS Policy : <3>
10-25 16:27:07.247   296   615 I MAL-Daemon:  (          rds_ru_rpl_gen, 5467) [RDS-I][RU][rds_ru_rpl_gen][RDS][OP147] TYPE : <4>, RAN1 : <1> ,RAN2 : <255>
10-25 16:27:07.247   296   615 I MAL-Daemon:  (          rds_ru_rpl_gen, 5456) [RDS-I][RU][rds_ru_rpl_gen][RDS][OP147] TYPE : <5>, UI Policy : <3>, RDS Policy : <3>
10-25 16:27:07.247   296   615 I MAL-Daemon:  (          rds_ru_rpl_gen, 5467) [RDS-I][RU][rds_ru_rpl_gen][RDS][OP147] TYPE : <5>, RAN1 : <1> ,RAN2 : <255>
10-25 16:27:07.248   296   615 I MAL-Daemon:  (          rds_ru_rpl_gen, 5467) [RDS-I][RU][rds_ru_rpl_gen][RDS][OP147] TYPE : <6>, RAN1 : <254> ,RAN2 : <254>
10-25 16:27:07.248   296   615 I MAL-Daemon:  (    rds_op_check_feature,  349) [RDS-I][RDS][OP][rds_op_check_feature] operator id(147) check feature<0>, curr_opmsk is <1>, sys_opmsk is <0x0001, 1>
10-25 16:27:07.248   296   615 I MAL-Daemon:  (          rds_ru_rpl_gen, 5491) [RDS-I][RU][rds_ru_rpl_gen][RDS] Current policy: fgimsolte_en<1>, fgwfc_en<0>, erdspolicy<3>, 
10-25 16:27:07.248   296   615 I MAL-Daemon:  (          rds_ru_rpl_gen, 5494) [RDS-I][RU][rds_ru_rpl_gen][RDS] Threshold i4wifirssih<-75>, i4wifirssil<-85>, i4wifirssih_ho<-78>, i4wifirssil_ho<-88>, i4wifisnrh<10>, i4wifisnrl<6>
10-25 16:27:07.248   296   615 I MAL-Daemon:  (          rds_ru_rpl_gen, 5497) [RDS-I][RU][rds_ru_rpl_gen][RDS] Threshold i4ltersrph<-106>, i4ltersrpm<-111>, i4ltersrpl<-116>, i4ltersrqh<5>, i4ltersrqm<3>, i4ltersrql<1>
10-25 16:27:07.248   296   615 I MAL-Daemon:  (          rds_ru_rpl_gen, 5500) [RDS-I][RU][rds_ru_rpl_gen][RDS] Threshold i4utranrscph<-104>, i4utranrscpl<-110>, i4gsmrssih<-94>, i4gsmrssil<-102>
10-25 16:27:07.248   296   615 I MAL-Daemon:  (          rds_ru_rpl_gen, 5503) [RDS-I][RU][rds_ru_rpl_gen][RDS] current rds ru status: i4wifirssi<-69>, i4wifisnr<9999>, i4ltersrp<-84>, i4ltersrq<24>, i4utranrscp<-141>, i4gsmrssi<-141>, u4active_ran<65539>
10-25 16:27:07.248   296   615 I MAL-Daemon:  (          rds_ru_rpl_gen, 5506) [RDS-I][RU][rds_ru_rpl_gen][RDS] current wifi backhaul : rtp_plr<0>, rtp_jitter<0>, ping_ind<0>
10-25 16:27:07.248   296   615 I MAL-Daemon:  (          rds_ru_rpl_gen, 5509) [RDS-I][RU][rds_ru_rpl_gen][RDS] Call stat : IR92<0>, IR94<0> 
10-25 16:27:07.248   296   615 I MAL-Daemon:  (          rds_ru_rpl_gen, 5515) [RDS-I][RU][RDS IMS/MMS][rds_ru_rpl_gen] Ori:(1,254)/(1,255) New:(1,254)/(1,255)
10-25 16:27:07.248   296   615 I MAL-Daemon:  (          rds_ru_rpl_gen, 5520) [RDS-I][RU][RDS IMS/MMS WIFI][rds_ru_rpl_gen] Ori:(1,254)/(1,255) New:(1,254)/(1,255)
10-25 16:27:07.248   296   615 I MAL-Daemon:  (          rds_ru_rpl_gen, 5525) [RDS-I][RU][RDS IMS/MMS CELL][rds_ru_rpl_gen] Ori:(1,254)/(1,255) New:(1,254)/(1,255)
10-25 16:27:07.249   296   615 I MAL-Daemon:  (          rds_ru_rpl_gen, 5529) [RDS-I][RU][RDS EMG][rds_ru_rpl_gen] Ori:(254,254) New:(254,254)
10-25 16:27:07.250  1979  2064 I MFI-Conn:  (     mfia_task_bootstrap,  944) mfia_task_bootstrap(): an event 614 incoming
10-25 16:27:07.250  1979  2064 I MFI-Conn:  (     mfia_task_bootstrap,  944) mfia_task_bootstrap(): an event 615 incoming
10-25 16:27:07.251  1979  2084 I MFI-Conn:  (             rds_urc_hdl,  276) [RDS][rds_urc_hdl] RCV Event: 614 
10-25 16:27:07.251  1979  2084 I MFI-Conn:  (             rds_urc_hdl,  391) [RDS][IF][rds_urc_hdl] data_base update: pkterrt(0) 
10-25 16:27:07.251  1979  2084 I MFI-Conn:  (             rds_urc_hdl,  276) [RDS][rds_urc_hdl] RCV Event: 615 
10-25 16:27:07.251  1979  2084 I MFI-Conn:  (             rds_urc_hdl,  401) [RDS][IF][rds_urc_hdl] data_base update: i4wifirssi(-69) 
10-25 16:27:08.603  1391  1544 D DataFormatter: Normal bytes 252
10-25 16:27:08.606  1391  1544 D DataUsageService: NetSpeed 0.2K/s 
10-25 16:27:08.644   409   409 I thermal_repeater: select timeout
10-25 16:27:09.261   892  1130 I PackageManager: VIVO_DELAY_DEXOPT: packageName=com.iqoo.secure
10-25 16:27:09.400   892  1130 I PackageManager: VIVO_DELAY_DEXOPT: packageName=com.qrcorde.scan.barcode.reader.generator
10-25 16:27:09.655   892   892 D tethering: >>>>> Dispatching to Handler (android.os.Handler) {5209c0d} com.vivo.services.engineerutile.BBKEngineerUtileService$1@d7c97c2: 0
10-25 16:27:09.656   892   892 D tethering: <<<<< Finished to Handler (android.os.Handler) {5209c0d} com.vivo.services.engineerutile.BBKEngineerUtileService$1@d7c97c2
10-25 16:27:09.903   406   406 I thermal_src: wake up function 3
10-25 16:27:09.903   406   406 I thermal_src: TA_DAEMON_CMD_GET_TPCB cmd=0x5, len=4 PCB=32000
10-25 16:27:09.903   406   406 I thermal_src: TA_DAEMON_CMD_SET_TTJ cmd=0x4, len=4 Tj=85000
10-25 16:27:09.903   406   406 I thermal_src: waiting NOTIFY from kernel...
10-25 16:27:10.118 16068 16210 I PresentationSystem: not needQuiet
10-25 16:27:10.231   296  8410 I MAL-Daemon:  (        ru_syssig_hndler,  441) [RDS-I][ru_syssig_hndler] Send Event: 688 
10-25 16:27:10.231   296  8410 I MAL-Daemon:  (        ru_syssig_hndler,  442) [RDS-I][RDS][RU][ru_syssig_hndler] ru_check_ctx_ptr<0xf5df5460, 0xf5df5460>
10-25 16:27:10.231   296  8410 W MAL-Daemon:  (    mdfx_task_send_event,  636) mdfx_task_send_event(): [ACT] should NOT enter this leagcy API!!
10-25 16:27:10.231   296  8410 I MAL-Daemon:  (    ru_send_event_entity,  373) [RDS-I][RDS][RU][ru_send_event_entity] send event 688 to 602 with ret(0)
10-25 16:27:10.232   296   615 I MAL-Daemon:  (             rds_ru_task,  463) [RDS-I][RU][rds_ru_task] RCV Event: 688 
10-25 16:27:10.245   296   615 D MAL-Daemon:  (     ru_wsl_poll_wpainfo,  662) [RDS-D][RDS][RU][ru_wsl_poll_wpainfo]socket recv pktlen(48) 
10-25 16:27:10.245   296   615 D MAL-Daemon:  (rds_ru_ws_rssi_timer_exp,  775) [RDS-D][RU][rds_ru_ws_rssi_timer_expire_hdlr][RDS] get rssi = -67, snr = 9999 
10-25 16:27:10.245   296   615 I MAL-Daemon:  (  ru_wsl_wifi_status_ind,  757) [RDS-I][RDS][RU][ru_wsl_wifi_status_ind] ru_check_ctx_ptr<0xf5df5460, 0xf5df5460>
10-25 16:27:10.245   296   615 W MAL-Daemon:  (    mdfx_task_send_event,  636) mdfx_task_send_event(): [ACT] should NOT enter this leagcy API!!
10-25 16:27:10.245   296   615 I MAL-Daemon:  (    ru_send_event_entity,  373) [RDS-I][RDS][RU][ru_send_event_entity] send event 604 to 602 with ret(0)
10-25 16:27:10.249   296   615 I MAL-Daemon:  (          ru_get_netstat, 5890) [RDS-I][RU][ru_get_netstat] netstat <thrghpt, pkterrt>, wifi <0, 0%>, mobile <756, 0%>
10-25 16:27:10.249   296   615 I MAL-Daemon:  (    ru_send_event_entity,  373) [RDS-I][RDS][RU][ru_send_event_entity] send event 614 to 1233 with ret(0)
10-25 16:27:10.249   296   615 I MAL-Daemon:  (             rds_ru_task,  463) [RDS-I][RU][rds_ru_task] RCV Event: 604 
10-25 16:27:10.249   296   615 I MAL-Daemon:  (  rds_ru_wifi_status_ind, 1421) [RDS-I][RU][EVENT_RU_WS_WIFI_STATUS_IND] fgwifi_en:1(no use) i4wifirssi:0xffffffbd i4wifisnr:0x270f
10-25 16:27:10.249   296   615 I MAL-Daemon:  (    ru_send_event_entity,  373) [RDS-I][RDS][RU][ru_send_event_entity] send event 615 to 1233 with ret(0)
10-25 16:27:10.249   296   615 I MAL-Daemon:  (          rds_ru_rpl_gen, 5456) [RDS-I][RU][rds_ru_rpl_gen][RDS][OP147] TYPE : <0>, UI Policy : <3>, RDS Policy : <3>
10-25 16:27:10.249   296   615 I MAL-Daemon:  (      rds_cell_only_orng, 3804) [RDS-I][RU][RDS IMS/MMS][rds_cell_only_orng] 
10-25 16:27:10.249   296   615 I MAL-Daemon:  (          rds_ru_rpl_gen, 5467) [RDS-I][RU][rds_ru_rpl_gen][RDS][OP147] TYPE : <0>, RAN1 : <1> ,RAN2 : <254>
10-25 16:27:10.249   296   615 I MAL-Daemon:  (          rds_ru_rpl_gen, 5456) [RDS-I][RU][rds_ru_rpl_gen][RDS][OP147] TYPE : <1>, UI Policy : <3>, RDS Policy : <3>
10-25 16:27:10.249   296   615 I MAL-Daemon:  (      rds_cell_only_orng, 3804) [RDS-I][RU][RDS IMS/MMS][rds_cell_only_orng] 
10-25 16:27:10.250   296   615 I MAL-Daemon:  (          rds_ru_rpl_gen, 5467) [RDS-I][RU][rds_ru_rpl_gen][RDS][OP147] TYPE : <1>, RAN1 : <1> ,RAN2 : <254>
10-25 16:27:10.250   296   615 I MAL-Daemon:  (          rds_ru_rpl_gen, 5456) [RDS-I][RU][rds_ru_rpl_gen][RDS][OP147] TYPE : <2>, UI Policy : <3>, RDS Policy : <3>
10-25 16:27:10.250   296   615 I MAL-Daemon:  (      rds_cell_only_orng, 3804) [RDS-I][RU][RDS IMS/MMS][rds_cell_only_orng] 
10-25 16:27:10.250   296   615 I MAL-Daemon:  (          rds_ru_rpl_gen, 5467) [RDS-I][RU][rds_ru_rpl_gen][RDS][OP147] TYPE : <2>, RAN1 : <1> ,RAN2 : <254>
10-25 16:27:10.250   296   615 I MAL-Daemon:  (          rds_ru_rpl_gen, 5456) [RDS-I][RU][rds_ru_rpl_gen][RDS][OP147] TYPE : <3>, UI Policy : <3>, RDS Policy : <3>
10-25 16:27:10.250   296   615 I MAL-Daemon:  (          rds_ru_rpl_gen, 5467) [RDS-I][RU][rds_ru_rpl_gen][RDS][OP147] TYPE : <3>, RAN1 : <1> ,RAN2 : <255>
10-25 16:27:10.250   296   615 I MAL-Daemon:  (          rds_ru_rpl_gen, 5456) [RDS-I][RU][rds_ru_rpl_gen][RDS][OP147] TYPE : <4>, UI Policy : <3>, RDS Policy : <3>
10-25 16:27:10.250   296   615 I MAL-Daemon:  (          rds_ru_rpl_gen, 5467) [RDS-I][RU][rds_ru_rpl_gen][RDS][OP147] TYPE : <4>, RAN1 : <1> ,RAN2 : <255>
10-25 16:27:10.250   296   615 I MAL-Daemon:  (          rds_ru_rpl_gen, 5456) [RDS-I][RU][rds_ru_rpl_gen][RDS][OP147] TYPE : <5>, UI Policy : <3>, RDS Policy : <3>
10-25 16:27:10.250   296   615 I MAL-Daemon:  (          rds_ru_rpl_gen, 5467) [RDS-I][RU][rds_ru_rpl_gen][RDS][OP147] TYPE : <5>, RAN1 : <1> ,RAN2 : <255>
10-25 16:27:10.250   296   615 I MAL-Daemon:  (          rds_ru_rpl_gen, 5467) [RDS-I][RU][rds_ru_rpl_gen][RDS][OP147] TYPE : <6>, RAN1 : <254> ,RAN2 : <254>
10-25 16:27:10.250   296   615 I MAL-Daemon:  (    rds_op_check_feature,  349) [RDS-I][RDS][OP][rds_op_check_feature] operator id(147) check feature<0>, curr_opmsk is <1>, sys_opmsk is <0x0001, 1>
10-25 16:27:10.250   296   615 I MAL-Daemon:  (          rds_ru_rpl_gen, 5491) [RDS-I][RU][rds_ru_rpl_gen][RDS] Current policy: fgimsolte_en<1>, fgwfc_en<0>, erdspolicy<3>, 
10-25 16:27:10.250   296   615 I MAL-Daemon:  (          rds_ru_rpl_gen, 5494) [RDS-I][RU][rds_ru_rpl_gen][RDS] Threshold i4wifirssih<-75>, i4wifirssil<-85>, i4wifirssih_ho<-78>, i4wifirssil_ho<-88>, i4wifisnrh<10>, i4wifisnrl<6>
10-25 16:27:10.251   296   615 I MAL-Daemon:  (          rds_ru_rpl_gen, 5497) [RDS-I][RU][rds_ru_rpl_gen][RDS] Threshold i4ltersrph<-106>, i4ltersrpm<-111>, i4ltersrpl<-116>, i4ltersrqh<5>, i4ltersrqm<3>, i4ltersrql<1>
10-25 16:27:10.251   296   615 I MAL-Daemon:  (          rds_ru_rpl_gen, 5500) [RDS-I][RU][rds_ru_rpl_gen][RDS] Threshold i4utranrscph<-104>, i4utranrscpl<-110>, i4gsmrssih<-94>, i4gsmrssil<-102>
10-25 16:27:10.251   296   615 I MAL-Daemon:  (          rds_ru_rpl_gen, 5503) [RDS-I][RU][rds_ru_rpl_gen][RDS] current rds ru status: i4wifirssi<-67>, i4wifisnr<9999>, i4ltersrp<-84>, i4ltersrq<24>, i4utranrscp<-141>, i4gsmrssi<-141>, u4active_ran<65539>
10-25 16:27:10.251   296   615 I MAL-Daemon:  (          rds_ru_rpl_gen, 5506) [RDS-I][RU][rds_ru_rpl_gen][RDS] current wifi backhaul : rtp_plr<0>, rtp_jitter<0>, ping_ind<0>
10-25 16:27:10.251   296   615 I MAL-Daemon:  (          rds_ru_rpl_gen, 5509) [RDS-I][RU][rds_ru_rpl_gen][RDS] Call stat : IR92<0>, IR94<0> 
10-25 16:27:10.251   296   615 I MAL-Daemon:  (          rds_ru_rpl_gen, 5515) [RDS-I][RU][RDS IMS/MMS][rds_ru_rpl_gen] Ori:(1,254)/(1,255) New:(1,254)/(1,255)
10-25 16:27:10.251   296   615 I MAL-Daemon:  (          rds_ru_rpl_gen, 5520) [RDS-I][RU][RDS IMS/MMS WIFI][rds_ru_rpl_gen] Ori:(1,254)/(1,255) New:(1,254)/(1,255)
10-25 16:27:10.251   296   615 I MAL-Daemon:  (          rds_ru_rpl_gen, 5525) [RDS-I][RU][RDS IMS/MMS CELL][rds_ru_rpl_gen] Ori:(1,254)/(1,255) New:(1,254)/(1,255)
10-25 16:27:10.251   296   615 I MAL-Daemon:  (          rds_ru_rpl_gen, 5529) [RDS-I][RU][RDS EMG][rds_ru_rpl_gen] Ori:(254,254) New:(254,254)
10-25 16:27:10.251  1979  2064 I MFI-Conn:  (     mfia_task_bootstrap,  944) mfia_task_bootstrap(): an event 614 incoming
10-25 16:27:10.252  1979  2064 I MFI-Conn:  (     mfia_task_bootstrap,  944) mfia_task_bootstrap(): an event 615 incoming
10-25 16:27:10.252  1979  2084 I MFI-Conn:  (             rds_urc_hdl,  276) [RDS][rds_urc_hdl] RCV Event: 614 
10-25 16:27:10.252  1979  2084 I MFI-Conn:  (             rds_urc_hdl,  391) [RDS][IF][rds_urc_hdl] data_base update: pkterrt(0) 
10-25 16:27:10.252  1979  2084 I MFI-Conn:  (             rds_urc_hdl,  276) [RDS][rds_urc_hdl] RCV Event: 615 
10-25 16:27:10.252  1979  2084 I MFI-Conn:  (             rds_urc_hdl,  401) [RDS][IF][rds_urc_hdl] data_base update: i4wifirssi(-67) 
10-25 16:27:10.772   892  1142 V AlarmAlign: mAlarmBatches = 111, triggerList = 1
10-25 16:27:10.772   892  1142 V AlarmAlign: checkSet SCREEN_ON, type = 2, when = 7320057
10-25 16:27:10.772   892  1142 V AlarmAlign: setLocked to kernel, type = 2, when = 7320057, curTime = 7306559
10-25 16:27:10.772   892  1142 V AlarmAlign: triggerList has deliver.1
10-25 16:27:10.772   892  1142 D SettingsInterface:  from settings cache , name = background_power_saving_enable , value = 1
10-25 16:27:10.773   892  1142 D DataShapingService: Alarm manager openLteDataUpLinkGate: false
10-25 16:27:10.773   892  1142 V AlarmManager: openLteGateSuccess = false
10-25 16:27:10.773   892  1142 V AlarmManager: socktUnblockingTimeElapsed(ms): 271588 < mMinimumPeriod_BlockSocket: 300000
10-25 16:27:10.773   892  1142 D AlarmManager: wakeup alarm = Alarm{a8053c2 type 2 when 7306559 com.google.android.gms}; package = com.google.android.gmsneedGrouping = false
10-25 16:27:10.773   892  1142 V ActivityManager: Broadcast: Intent { act=com.google.android.gms.gcm.HEARTBEAT_ALARM flg=0x114 (has extras) } ordered=true userid=0 callerApp=null
10-25 16:27:10.778   892   930 V ActivityManager: Broadcast: Intent { act=android.os.action.POWER_SAVE_TEMP_WHITELIST_CHANGED flg=0x40000010 } ordered=false userid=0 callerApp=ProcessRecord{a11efa8 892:system/1000}
10-25 16:27:10.778   892   930 D NetworkManagement: oldRule = 0, newRule=0 for uid=10010
10-25 16:27:10.778   892   930 D NetworkManagement: !!!!! Skipping change
10-25 16:27:10.784   892  2026 D ActivityManager: getContentProviderImpl: from caller=android.app.ApplicationThreadProxy@c34f5d3 (pid=2389, userId=0) to get content provider com.google.android.gsf.gservices cpr=ContentProviderRecord{e731f05 u0 com.google.android.gsf/.gservices.GservicesProvider}
10-25 16:27:10.784   892  2026 D ActivityManager: getContentProviderImpl: updateLruProcessLocked cpr.proc=ProcessRecord{fa655ae 2431:com.google.process.gapps/u0a10}
10-25 16:27:10.793   892  1142 V AlarmAlign: triggerAlarm v at 7306559, size=1, hasWakeup=true, mWake_Set=true, mNextWakeup=7320057, mNextNonWakeup=7301870, mBatch.end=7320357, why=4
10-25 16:27:10.800  2389  2389 D ActivityThread: holder:android.app.IActivityManager$ContentProviderHolder@dd523c1, holder.provider:android.content.ContentProviderProxy@ceb3766
10-25 16:27:10.819  2389 14877 E WakeLock: GCM_HB_ALARM release without a matched acquire!
10-25 16:27:10.835   892  2027 V AlarmAlign: remove pkg = com.google.android.gms, action = com.google.android.gms.gcm.HEARTBEAT_ALARM
10-25 16:27:10.837   892  1993 V AlarmAlign: addAlarm pkg = com.google.android.gms, action = com.google.android.gms.gcm.HEARTBEAT_ALARM, whenElapsed = 7366623
10-25 16:27:10.840  2389  2389 D ActivityThread: BDC-Calling finishReceiver: IIntentReceiver=5d2a72
10-25 16:27:10.842   892   892 D tethering: >>>>> Dispatching to Handler (com.android.server.AlarmManagerService$AlarmHandler) {3691c4} android.app.PendingIntent$FinishedDispatcher@9a52510: 0
10-25 16:27:10.842   892   892 D AlarmManager: onSendFinished begin
10-25 16:27:10.843   892   892 D tethering: <<<<< Finished to Handler (com.android.server.AlarmManagerService$AlarmHandler) {3691c4} android.app.PendingIntent$FinishedDispatcher@9a52510
10-25 16:27:10.850   892   921 W PackageManager: checkUidPermission(): android.permission.INTERACT_ACROSS_USERS_FULL of 10139 is denied.
10-25 16:27:10.853   892  2026 D ActivityManager: getContentProviderImpl: from caller=android.app.ApplicationThreadProxy@6fbd809 (pid=2389, userId=0) to get content provider com.google.android.gsf.gservices cpr=ContentProviderRecord{e731f05 u0 com.google.android.gsf/.gservices.GservicesProvider}
10-25 16:27:10.853   892  2026 D ActivityManager: getContentProviderImpl: updateLruProcessLocked cpr.proc=ProcessRecord{fa655ae 2431:com.google.process.gapps/u0a10}
10-25 16:27:10.859  2389 10878 D ActivityThread: holder:android.app.IActivityManager$ContentProviderHolder@9ebdaa7, holder.provider:android.content.ContentProviderProxy@a352b54
10-25 16:27:10.861   892   908 W PackageManager: checkUidPermission(): android.permission.INTERACT_ACROSS_USERS_FULL of 10139 is denied.
10-25 16:27:10.869   892   909 D ActivityManager: getContentProviderImpl: from caller=android.app.ApplicationThreadProxy@503ea0e (pid=2389, userId=0) to get content provider com.google.android.gsf.gservices cpr=ContentProviderRecord{e731f05 u0 com.google.android.gsf/.gservices.GservicesProvider}
10-25 16:27:10.869   892   909 D ActivityManager: getContentProviderImpl: updateLruProcessLocked cpr.proc=ProcessRecord{fa655ae 2431:com.google.process.gapps/u0a10}
10-25 16:27:10.874   892  1994 W PackageManager: checkUidPermission(): android.permission.INTERACT_ACROSS_USERS_FULL of 10139 is denied.
10-25 16:27:10.874  2389 10878 D ActivityThread: holder:android.app.IActivityManager$ContentProviderHolder@2cf3afd, holder.provider:android.content.ContentProviderProxy@2e363f2
10-25 16:27:10.886   892  2025 W PackageManager: checkUidPermission(): android.permission.INTERACT_ACROSS_USERS_FULL of 10139 is denied.
10-25 16:27:11.156   892   909 D ActivityManager: getContentProviderImpl: from caller=android.app.ApplicationThreadProxy@8cf1c2f (pid=2389, userId=0) to get content provider com.google.android.gsf.gservices cpr=ContentProviderRecord{e731f05 u0 com.google.android.gsf/.gservices.GservicesProvider}
10-25 16:27:11.157   892   909 D ActivityManager: getContentProviderImpl: updateLruProcessLocked cpr.proc=ProcessRecord{fa655ae 2431:com.google.process.gapps/u0a10}
10-25 16:27:11.169  2389 14879 D ActivityThread: holder:android.app.IActivityManager$ContentProviderHolder@63a8c0, holder.provider:android.content.ContentProviderProxy@c5989f9
10-25 16:27:11.184   892  1426 D ActivityManager: getContentProviderImpl: from caller=android.app.ApplicationThreadProxy@61f823c (pid=2389, userId=0) to get content provider com.google.android.gsf.gservices cpr=ContentProviderRecord{e731f05 u0 com.google.android.gsf/.gservices.GservicesProvider}
10-25 16:27:11.185   892  1426 D ActivityManager: getContentProviderImpl: updateLruProcessLocked cpr.proc=ProcessRecord{fa655ae 2431:com.google.process.gapps/u0a10}
10-25 16:27:11.194  2389 14879 D ActivityThread: holder:android.app.IActivityManager$ContentProviderHolder@9bfcd3e, holder.provider:android.content.ContentProviderProxy@327779f
10-25 16:27:11.208   892  1282 D ActivityManager: getContentProviderImpl: from caller=android.app.ApplicationThreadProxy@b80ebc5 (pid=2389, userId=0) to get content provider com.google.android.gsf.gservices cpr=ContentProviderRecord{e731f05 u0 com.google.android.gsf/.gservices.GservicesProvider}
10-25 16:27:11.208   892  1282 D ActivityManager: getContentProviderImpl: updateLruProcessLocked cpr.proc=ProcessRecord{fa655ae 2431:com.google.process.gapps/u0a10}
10-25 16:27:11.219  2389 14879 D ActivityThread: holder:android.app.IActivityManager$ContentProviderHolder@23a90ec, holder.provider:android.content.ContentProviderProxy@d9fccb5
10-25 16:27:11.223   892  2027 W PackageManager: checkUidPermission(): android.permission.INTERACT_ACROSS_USERS_FULL of 10139 is denied.
10-25 16:27:11.227   892  2026 W PackageManager: checkUidPermission(): android.permission.INTERACT_ACROSS_USERS_FULL of 10139 is denied.
10-25 16:27:11.230   892  2025 D ActivityManager: getContentProviderImpl: from caller=android.app.ApplicationThreadProxy@d18991a (pid=2389, userId=0) to get content provider com.google.android.gsf.gservices cpr=ContentProviderRecord{e731f05 u0 com.google.android.gsf/.gservices.GservicesProvider}
10-25 16:27:11.230   892  2025 D ActivityManager: getContentProviderImpl: updateLruProcessLocked cpr.proc=ProcessRecord{fa655ae 2431:com.google.process.gapps/u0a10}
10-25 16:27:11.232   892  2022 W PackageManager: checkUidPermission(): android.permission.INTERACT_ACROSS_USERS_FULL of 10139 is denied.
10-25 16:27:11.234  2389 14879 D ActivityThread: holder:android.app.IActivityManager$ContentProviderHolder@6677f4a, holder.provider:android.content.ContentProviderProxy@15eebb
10-25 16:27:11.238   892  2018 W PackageManager: checkUidPermission(): android.permission.INTERACT_ACROSS_USERS_FULL of 10139 is denied.
10-25 16:27:11.241   892  1282 W PackageManager: checkUidPermission(): android.permission.INTERACT_ACROSS_USERS_FULL of 10139 is denied.
10-25 16:27:11.244   892  2022 W PackageManager: checkUidPermission(): android.permission.INTERACT_ACROSS_USERS_FULL of 10139 is denied.
10-25 16:27:11.245   892  2026 D ActivityManager: getContentProviderImpl: from caller=android.app.ApplicationThreadProxy@63b4c4b (pid=2389, userId=0) to get content provider com.google.android.gsf.gservices cpr=ContentProviderRecord{e731f05 u0 com.google.android.gsf/.gservices.GservicesProvider}
10-25 16:27:11.245   892  2026 D ActivityManager: getContentProviderImpl: updateLruProcessLocked cpr.proc=ProcessRecord{fa655ae 2431:com.google.process.gapps/u0a10}
10-25 16:27:11.249  2389 14879 D ActivityThread: holder:android.app.IActivityManager$ContentProviderHolder@7b5cfd8, holder.provider:android.content.ContentProviderProxy@6cd7f31
10-25 16:27:11.253   892  1700 W PackageManager: checkUidPermission(): android.permission.INTERACT_ACROSS_USERS_FULL of 10139 is denied.
10-25 16:27:11.256   892   908 W PackageManager: checkUidPermission(): android.permission.INTERACT_ACROSS_USERS_FULL of 10139 is denied.
10-25 16:27:11.257   892  2025 D ActivityManager: getContentProviderImpl: from caller=android.app.ApplicationThreadProxy@5808628 (pid=2389, userId=0) to get content provider com.google.android.gsf.gservices cpr=ContentProviderRecord{e731f05 u0 com.google.android.gsf/.gservices.GservicesProvider}
10-25 16:27:11.258   892  2025 D ActivityManager: getContentProviderImpl: updateLruProcessLocked cpr.proc=ProcessRecord{fa655ae 2431:com.google.process.gapps/u0a10}
10-25 16:27:11.263  2389 14879 D ActivityThread: holder:android.app.IActivityManager$ContentProviderHolder@3264616, holder.provider:android.content.ContentProviderProxy@baabb97
10-25 16:27:11.264   892  2018 W PackageManager: checkUidPermission(): android.permission.INTERACT_ACROSS_USERS_FULL of 10139 is denied.
10-25 16:27:11.268   892   909 V AlarmAlign: remove pkg = com.google.android.gms, action = com.google.android.gms.gcm.HEARTBEAT_ALARM
10-25 16:27:11.268   892   909 D AlarmManager:  alarm = Alarm{bc65db3 type 2 when 7327044 com.google.android.gms} add to Batch{b897f41 num=1 start=7311356 end=7986356}
10-25 16:27:11.268   892   909 D AlarmManager:  alarm = Alarm{20b2e90 type 2 when 8042403 com.google.android.gms} add to Batch{b972ce6 num=1 start=7231709 end=8581709 flgs=0x8}
10-25 16:27:11.269   892   909 D AlarmManager:  alarm = Alarm{b1c9bfc type 2 when 11290141 android} add to Batch{ef06227 num=1 start=10328221 end=18428221}
10-25 16:27:11.271   892  1282 V AlarmAlign: addAlarm pkg = com.google.android.gms, action = com.google.android.gms.gcm.HEARTBEAT_ALARM, whenElapsed = 7417057
10-25 16:27:11.273   892  2025 W PackageManager: checkUidPermission(): android.permission.INTERACT_ACROSS_USERS_FULL of 10139 is denied.
10-25 16:27:11.607  1391  1544 D DataFormatter: Normal bytes 326
10-25 16:27:11.610  1391  1544 D DataUsageService: NetSpeed 0.3K/s 
10-25 16:27:11.939   296  2510 I MAL-Daemon:  (    ru_mdmngr_send_atcmd, 2049) [RDS-I][RDS][RU][ru_mdmngr_send_atcmd] try to send ATcmd : AT+ECSQ 
10-25 16:27:11.939   296  2510 I MAL-Daemon:  (    ru_mdmngr_send_atcmd, 2058) [RDS-I][RDS][RU][ru_mdmngr_send_atcmd] ru_check_ctx_ptr<0xf5df5460, 0xf5df5460>
10-25 16:27:11.939   296  2510 W MAL-Daemon:  (    mdfx_task_send_event,  636) mdfx_task_send_event(): [ACT] should NOT enter this leagcy API!!
10-25 16:27:11.939   296  2510 I MAL-Daemon:  (    ru_send_event_entity,  373) [RDS-I][RDS][RU][ru_send_event_entity] send event 101 to 101 with ret(0)
10-25 16:27:11.939   296   603 D MAL-Daemon:  (         mdmngr_task_hdl,   36) mdmngr_task_hdl(), receive event = 101 (vendor/mediatek/proprietary/frameworks/opt/mal/entity/mdmngr/mdmngr.c:36)
10-25 16:27:11.940   296   603 D MAL-Daemon:  (         mdmngr_task_hdl,   67) EVENT_MDMNGR_ATCMD_REQ@MDMNGR, priv_data = f70eee80, channel = 1, cmd = (AT+ECSQ) (vendor/mediatek/proprietary/frameworks/opt/mal/entity/mdmngr/mdmngr.c:67)
10-25 16:27:11.940   296   603 W MAL-Daemon:  (    mdfx_task_send_event,  636) mdfx_task_send_event(): [ACT] should NOT enter this leagcy API!!
10-25 16:27:11.940   296   621 I MAL-Daemon:  ( mdfx_event_do_statistic,  153) mdfx_event_do_statistic(): [STATISTIC] TID = 621 has used 3270764 bytes!!
10-25 16:27:11.940   296   621 E MAL-Daemon:  (void* rilproxy_task_hdl(,  439) rilproxy_task_hdl(), receive event = 401
10-25 16:27:11.940   296   621 D MAL-Daemon:  (int rilproxy_send_ril_re,  320) send ril request, request_id = 2130, serial_no = 30000, length = 18000000, send_size = 24(18), fd = 30
10-25 16:27:11.949   296   619 D MAL-Daemon:  (void* rilproxy_cmd_resp_,  670) recv ril resp, length = 64, type = 0, result = 0, serial_no = 30000
10-25 16:27:11.949   296   619 D MAL-Daemon:  (void* rilproxy_cmd_resp_,  676) event_id = 401
10-25 16:27:11.950   296   603 D MAL-Daemon:  (         mdmngr_task_hdl,   36) mdmngr_task_hdl(), receive event = 103 (vendor/mediatek/proprietary/frameworks/opt/mal/entity/mdmngr/mdmngr.c:36)
10-25 16:27:11.950   296   603 D MAL-Daemon:  (         mdmngr_task_hdl,  115) EVENT_MDMNGR_ATCMD_RESP@MDMNGR (vendor/mediatek/proprietary/frameworks/opt/mal/entity/mdmngr/mdmngr.c:115)
10-25 16:27:11.950   296   603 D MAL-Daemon:  (         mdmngr_task_hdl,  122) event_req = f70eee80, ID = 101 (vendor/mediatek/proprietary/frameworks/opt/mal/entity/mdmngr/mdmngr.c:122)
10-25 16:27:11.950   296   603 D MAL-Daemon:  (         mdmngr_task_hdl,  125) atcmd_resp->priv_data = f61b6fb0 (vendor/mediatek/proprietary/frameworks/opt/mal/entity/mdmngr/mdmngr.c:125)
10-25 16:27:11.951   296   615 I MAL-Daemon:  (             rds_ru_task,  463) [RDS-I][RU][rds_ru_task] RCV Event: 103 
10-25 16:27:11.951   296   615 I MAL-Daemon:  (rds_ru_mdmngr_atrsp_hndl, 2316) [RDS-I][RDS][RU][rds_ru_mdmngr_atrsp_hndl] get AT resp: +ECSQ: 24,57,1,1,1,-32,-333,7,49,40
10-25 16:27:11.951   296   615 I MAL-Daemon: 
10-25 16:27:11.951   296   615 I MAL-Daemon: OK
10-25 16:27:11.951   296   615 I MAL-Daemon: 
10-25 16:27:11.951   296   615 I MAL-Daemon:  (     ru_parse_3gppsigval, 1545) [RDS-I][RDS][ru_parse_3gppsigval] 3gppsigval #args act<7>
10-25 16:27:11.951   296   615 I MAL-Daemon:  (rds_ru_mdmngr_atrsp_hndl, 2356) [RDS-I][RDS][RU][rds_ru_mdmngr_atrsp_hndl] Update 3GPP STATUS rsrp<-84> rsrq<24> rscp<0> rssi<0> regstat<6>
10-25 16:27:11.951   296   615 I MAL-Daemon:  (rds_ru_mdmngr_atrsp_hndl, 2357) [RDS-I][RDS][RU][rds_ru_mdmngr_atrsp_hndl] ru_check_ctx_ptr<0xf5df5460, 0xf5df5460>
10-25 16:27:11.951   296   615 W MAL-Daemon:  (    mdfx_task_send_event,  636) mdfx_task_send_event(): [ACT] should NOT enter this leagcy API!!
10-25 16:27:11.951   296   615 I MAL-Daemon:  (    ru_send_event_entity,  373) [RDS-I][RDS][RU][ru_send_event_entity] send event 605 to 602 with ret(0)
10-25 16:27:11.951   296   615 I MAL-Daemon:  (             rds_ru_task,  463) [RDS-I][RU][rds_ru_task] RCV Event: 605 
10-25 16:27:11.951   296   615 I MAL-Daemon:  (  rds_ru_3gpp_status_ind, 1474) [RDS-I][RU][EVENT_RU_DM_3GPP_STATUS_IND] i4ltersrp:-84, i4ltersrq:24, i4utranrscp:0, i4gsmrssi:0, u43gpp_status:0x6
10-25 16:27:11.951   296   615 E MAL-Daemon:  (  rds_ru_3gpp_status_ind, 1508) [RDS-E][RU][EVENT_RU_DM_3GPP_STATUS_IND] Invalid u43gpp_status:0x6
10-25 16:27:11.952   296   615 I MAL-Daemon:  (          rds_ru_rpl_gen, 5456) [RDS-I][RU][rds_ru_rpl_gen][RDS][OP147] TYPE : <0>, UI Policy : <3>, RDS Policy : <3>
10-25 16:27:11.952   296   615 I MAL-Daemon:  (      rds_cell_only_orng, 3804) [RDS-I][RU][RDS IMS/MMS][rds_cell_only_orng] 
10-25 16:27:11.952   296   615 I MAL-Daemon:  (          rds_ru_rpl_gen, 5467) [RDS-I][RU][rds_ru_rpl_gen][RDS][OP147] TYPE : <0>, RAN1 : <1> ,RAN2 : <254>
10-25 16:27:11.952   296   615 I MAL-Daemon:  (          rds_ru_rpl_gen, 5456) [RDS-I][RU][rds_ru_rpl_gen][RDS][OP147] TYPE : <1>, UI Policy : <3>, RDS Policy : <3>
10-25 16:27:11.952   296   615 I MAL-Daemon:  (      rds_cell_only_orng, 3804) [RDS-I][RU][RDS IMS/MMS][rds_cell_only_orng] 
10-25 16:27:11.952   296   615 I MAL-Daemon:  (          rds_ru_rpl_gen, 5467) [RDS-I][RU][rds_ru_rpl_gen][RDS][OP147] TYPE : <1>, RAN1 : <1> ,RAN2 : <254>
10-25 16:27:11.952   296   615 I MAL-Daemon:  (          rds_ru_rpl_gen, 5456) [RDS-I][RU][rds_ru_rpl_gen][RDS][OP147] TYPE : <2>, UI Policy : <3>, RDS Policy : <3>
10-25 16:27:11.952   296   615 I MAL-Daemon:  (      rds_cell_only_orng, 3804) [RDS-I][RU][RDS IMS/MMS][rds_cell_only_orng] 
10-25 16:27:11.952   296   615 I MAL-Daemon:  (          rds_ru_rpl_gen, 5467) [RDS-I][RU][rds_ru_rpl_gen][RDS][OP147] TYPE : <2>, RAN1 : <1> ,RAN2 : <254>
10-25 16:27:11.952   296   615 I MAL-Daemon:  (          rds_ru_rpl_gen, 5456) [RDS-I][RU][rds_ru_rpl_gen][RDS][OP147] TYPE : <3>, UI Policy : <3>, RDS Policy : <3>
