10-25 16:27:23.563  1409  1685 V PowerMonitor: UID:10113: cpu power = 0.000167, cpu time = 10
10-25 16:27:23.563  1409  1685 V PowerMonitor: UID:10113, mDownload to false, totalBytes = 0
10-25 16:27:23.563  1409  1685 V PowerMonitor: isValid uid:10113, EverScreenOn:true, BF:false, cM:false, BM:false, cA:true, BA:false, cR:true, BRE:false, cG:false, BG:false, L:0, M:0, A:0, RE:0, G:0, cD:true, cF:true, cW:true, cS:false, cF:true, CM:false
10-25 16:27:23.567  1409  1685 V PowerMonitor: UID:10114, mDownload to false, totalBytes = 0
10-25 16:27:23.570  1409  1685 V PowerMonitor: UID:10115, mDownload to false, totalBytes = 0
10-25 16:27:23.574  1409  1685 V PowerMonitor: UID:10116, mDownload to false, totalBytes = 0
10-25 16:27:23.578  1409  1685 V PowerMonitor: UID:10117, mDownload to false, totalBytes = 0
10-25 16:27:23.582  1409  1685 V PowerMonitor: UID:10118, mDownload to false, totalBytes = 0
10-25 16:27:23.586  1409  1685 V PowerMonitor: UID:10119, mDownload to false, totalBytes = 0
10-25 16:27:23.590  1409  1685 V PowerMonitor: UID:10120, mDownload to false, totalBytes = 0
10-25 16:27:23.594  1409  1685 V PowerMonitor: UID:10121, mDownload to false, totalBytes = 0
10-25 16:27:23.598  1409  1685 V PowerMonitor: UID:10122, mDownload to false, totalBytes = 0
10-25 16:27:23.602  1409  1685 V PowerMonitor: UID:10123, mDownload to false, totalBytes = 0
10-25 16:27:23.606  1409  1685 V PowerMonitor: UID:10124, mDownload to false, totalBytes = 0
10-25 16:27:23.611  1409  1685 V PowerMonitor: UID:10125: cpu power = 0.00133, cpu time = 80
10-25 16:27:23.611  1409  1685 V PowerMonitor: UID:10125, mDownload to false, totalBytes = 0
10-25 16:27:23.611  1409  1685 V PowerMonitor: isValid uid:10125, EverScreenOn:true, BF:false, cM:false, BM:false, cA:true, BA:false, cR:true, BRE:false, cG:false, BG:false, L:0, M:0, A:0, RE:0, G:0, cD:true, cF:true, cW:true, cS:true, cF:true, CM:false
10-25 16:27:23.611  1409  1685 V PowerMonitor: isValid wallpaper or input uid:10125, WALL_UID:0, INPUT_METHOD_UID:10125, power:0.00133, wpower:0.0833, WIPOWER:1.0, mPasstime:300
10-25 16:27:23.615  1409  1685 V PowerMonitor: UID:10126, mDownload to false, totalBytes = 0
10-25 16:27:23.619  1409  1685 V PowerMonitor: UID:10127, mDownload to false, totalBytes = 0
10-25 16:27:23.624  1409  1685 V PowerMonitor: UID:10128: cpu power = 0.00333, cpu time = 200
10-25 16:27:23.624  1409  1685 V PowerMonitor: UID:10128, mDownload to false, totalBytes = 0
10-25 16:27:23.624  1409  1685 V PowerMonitor: UID:10128, level = -1, special power = 8.33
10-25 16:27:23.626  1391  1544 D DataFormatter: Normal bytes 252
10-25 16:27:23.628  1409  1685 V PowerMonitor: UID:10129, mDownload to false, totalBytes = 0
10-25 16:27:23.628  1409  1685 V PowerMonitor: UID:10129, level = -1, special power = 0.00000001
10-25 16:27:23.630  1391  1544 D DataUsageService: NetSpeed 0.2K/s 
10-25 16:27:23.632  1409  1685 V PowerMonitor: UID:10130, mDownload to false, totalBytes = 0
10-25 16:27:23.636  1409  1685 V PowerMonitor: UID:10131, mDownload to false, totalBytes = 0
10-25 16:27:23.640  1409  1685 V PowerMonitor: UID:10132, mDownload to false, totalBytes = 0
10-25 16:27:23.644  1409  1685 V PowerMonitor: UID:10133, mDownload to false, totalBytes = 0
10-25 16:27:23.648  1409  1685 V PowerMonitor: UID:10134, mDownload to false, totalBytes = 0
10-25 16:27:23.648  1409  1685 V PowerMonitor: UID:10134, level = -1, special power = 8.33
10-25 16:27:23.653  1409  1685 V PowerMonitor: UID:10135, mDownload to false, totalBytes = 0
10-25 16:27:23.653  1409  1685 V PowerMonitor: UID:10135, level = -1, special power = 8.33
10-25 16:27:23.657  1409  1685 V PowerMonitor: UID:10136, mDownload to false, totalBytes = 0
10-25 16:27:23.661  1409  1685 V PowerMonitor: UID:10137, mDownload to false, totalBytes = 0
10-25 16:27:23.665  1409  1685 V PowerMonitor: UID:10138, mDownload to false, totalBytes = 0
10-25 16:27:23.667   409   409 I thermal_repeater: oh, queryMdThermalInfo (0)No such file or directory
10-25 16:27:23.669  1409  1685 V PowerMonitor: UID:10139: cpu power = 0.00683, cpu time = 410
10-25 16:27:23.669  1409  1685 V PowerMonitor: UID:10139: net power = 0.00139, bytes = 7915
10-25 16:27:23.669  1409  1685 V PowerMonitor: UID:10139, mDownload to false, totalBytes = 7915
10-25 16:27:23.669  1409  1685 V PowerMonitor: UID:10139, level = -1, special power = 2.08
10-25 16:27:23.674  1409  1685 V PowerMonitor: UID:10140, mDownload to false, totalBytes = 0
10-25 16:27:23.676   409   409 I thermal_repeater: [recvMdThermalInfo] ret=25, strLen=127,  3, 38, -127, 0, 32767, 1
10-25 16:27:23.678  1409  1685 V PowerMonitor: UID:10141, mDownload to false, totalBytes = 0
10-25 16:27:23.682  1409  1685 V PowerMonitor: UID:10142, mDownload to false, totalBytes = 0
10-25 16:27:23.682  1409  1685 V PowerMonitor: UID:10142, level = -1, special power = 8.33
10-25 16:27:23.687  1409  1685 V PowerMonitor: UID:10143, mDownload to false, totalBytes = 0
10-25 16:27:23.687  1409  1685 V PowerMonitor: UID:10143, level = 1, special power = 0.00000008
10-25 16:27:23.690  1409  1685 V PowerMonitor: UID:10144, mDownload to false, totalBytes = 0
10-25 16:27:23.694  1409  1685 V PowerMonitor: UID:10145, mDownload to false, totalBytes = 0
10-25 16:27:23.698  1409  1685 V PowerMonitor: UID:10146, mDownload to false, totalBytes = 0
10-25 16:27:23.702  1409  1685 V PowerMonitor: UID:10147, mDownload to false, totalBytes = 0
10-25 16:27:23.707  1409  1685 V PowerMonitor: UID:10148, mDownload to false, totalBytes = 0
10-25 16:27:23.707  1409  1685 V PowerMonitor: UID:10148, white = 2, special power = 8.33
10-25 16:27:23.711  1409  1685 V PowerMonitor: UID:10149, mDownload to false, totalBytes = 0
10-25 16:27:23.715  1409  1685 V PowerMonitor: UID:10150, mDownload to false, totalBytes = 0
10-25 16:27:23.720  1409  1685 V PowerMonitor: UID:10151: cpu power = 0.00500, cpu time = 300
10-25 16:27:23.720  1409  1685 V PowerMonitor: UID:10151, mDownload to false, totalBytes = 0
10-25 16:27:23.720  1409  1685 V PowerMonitor: UID:10151, white = 2, special power = 8.33
10-25 16:27:23.720  1409  1685 V PowerMonitor: UID:10151, white = 2 white highpower = 0.840
10-25 16:27:23.724  1409  1685 V PowerMonitor: UID:10152, mDownload to false, totalBytes = 0
10-25 16:27:23.728  1409  1685 V PowerMonitor: UID:10153, mDownload to false, totalBytes = 0
10-25 16:27:23.732  1409  1685 V PowerMonitor: UID:10154, mDownload to false, totalBytes = 0
10-25 16:27:23.737  1409  1685 V PowerMonitor: UID:10155, mDownload to false, totalBytes = 0
10-25 16:27:23.737  1409  1685 V PowerMonitor: UID:10155, level = -1, special power = 0.417
10-25 16:27:23.741  1409  1685 V PowerMonitor: UID:10156, mDownload to false, totalBytes = 0
10-25 16:27:23.745  1409  1685 V PowerMonitor: UID:10157, mDownload to false, totalBytes = 0
10-25 16:27:23.749  1409  1685 V PowerMonitor: UID:10158: cpu power = 0.0608, cpu time = 3650
10-25 16:27:23.749  1409  1685 V PowerMonitor: UID:10158, mDownload to false, totalBytes = 0
10-25 16:27:23.749  1409  1685 V PowerMonitor: UID:10158, level = -1, special power = 2.08
10-25 16:27:23.753  1409  1685 V PowerMonitor: UID:10159, mDownload to false, totalBytes = 0
10-25 16:27:23.758  1409  1685 V PowerMonitor: UID:10160: net power = 0.0221, bytes = 126479
10-25 16:27:23.758  1409  1685 V PowerMonitor: UID:10160, mDownload to false, totalBytes = 126479
10-25 16:27:23.758  1409  1685 V PowerMonitor: isValid uid:10160, EverScreenOn:true, BF:false, cM:false, BM:false, cA:true, BA:false, cR:true, BRE:false, cG:false, BG:false, L:0, M:0, A:0, RE:0, G:0, cD:true, cF:true, cW:true, cS:false, cF:true, CM:false
10-25 16:27:23.762  1409  1685 V PowerMonitor: UID:10167, mDownload to false, totalBytes = 0
10-25 16:27:23.766  1409  1685 V PowerMonitor: UID:10168, mDownload to false, totalBytes = 0
10-25 16:27:23.766  1409  1685 V PowerMonitor: UID:10168, level = 1, special power = 0.00000008
10-25 16:27:23.771  1409  1685 V PowerMonitor: UID:10173, mDownload to false, totalBytes = 0
10-25 16:27:23.771  1409  1685 V PowerMonitor: UID:10173, level = -1, special power = 2.08
10-25 16:27:23.775  1409  1685 V PowerMonitor: UID:10174, mDownload to false, totalBytes = 0
10-25 16:27:23.775  1409  1685 V PowerMonitor: UID:10174, level = -1, special power = 0.417
10-25 16:27:23.780  1409  1685 V PowerMonitor: UID:10175, mDownload to false, totalBytes = 0
10-25 16:27:23.780  1409  1685 V PowerMonitor: UID:10175, level = -1, special power = 0.417
10-25 16:27:23.784  1409  1685 V PowerMonitor: UID:10176: cpu power = 0.00100, cpu time = 60
10-25 16:27:23.784  1409  1685 V PowerMonitor: UID:10176, mDownload to false, totalBytes = 0
10-25 16:27:23.784  1409  1685 V PowerMonitor: UID:10176, white = 2, special power = 8.33
10-25 16:27:23.784  1409  1685 V PowerMonitor: UID:10176, white = 2 white highpower = 0.840
10-25 16:27:23.788  1409  1685 V PowerMonitor: UID:10181, mDownload to false, totalBytes = 0
10-25 16:27:23.788  1409  1685 V PowerMonitor: UID:10181, level = -1, special power = 2.08
10-25 16:27:23.792  1409  1685 V PowerMonitor: UID:10182, mDownload to false, totalBytes = 0
10-25 16:27:23.796  1409  1685 V PowerMonitor: UID:10183, mDownload to false, totalBytes = 0
10-25 16:27:23.800  1409  1685 V PowerMonitor: UID:10184, mDownload to false, totalBytes = 0
10-25 16:27:23.804  1409  1685 V PowerMonitor: UID:10186, mDownload to false, totalBytes = 0
10-25 16:27:23.808  1409  1685 V PowerMonitor: UID:10187, mDownload to false, totalBytes = 0
10-25 16:27:23.812  1409  1685 V PowerMonitor: UID:10188, mDownload to false, totalBytes = 0
10-25 16:27:23.816  1409  1685 V PowerMonitor: UID:10189, mDownload to false, totalBytes = 0
10-25 16:27:23.820  1409  1685 V PowerMonitor: UID:10190, mDownload to false, totalBytes = 0
10-25 16:27:23.824  1409  1685 V PowerMonitor: UID:10191, mDownload to false, totalBytes = 0
10-25 16:27:23.828  1409  1685 V PowerMonitor: UID:10192, mDownload to false, totalBytes = 0
10-25 16:27:23.832  1409  1685 V PowerMonitor: UID:10194, mDownload to false, totalBytes = 0
10-25 16:27:23.836  1409  1685 V PowerMonitor: UID:10195, mDownload to false, totalBytes = 0
10-25 16:27:23.836  1409  1685 V PowerMonitor: UID:10195, level = 1, special power = 0.00000008
10-25 16:27:23.840  1409  1685 V PowerMonitor: UID:10196, mDownload to false, totalBytes = 0
10-25 16:27:23.844  1409  1685 V PowerMonitor: UID:10215, mDownload to false, totalBytes = 0
10-25 16:27:23.849  1409  1685 V PowerMonitor: UID:10228: cpu power = 0.163, cpu time = 9770
10-25 16:27:23.849  1409  1685 V PowerMonitor: UID:10228: net power = 0.00922, bytes = 52712
10-25 16:27:23.849  1409  1685 V PowerMonitor: UID:10228, mDownload to false, totalBytes = 52712
10-25 16:27:23.849  1409  1685 V PowerMonitor: isValid uid:10228, EverScreenOn:true, BF:true, cM:false, BM:false, cA:true, BA:false, cR:true, BRE:false, cG:false, BG:false, L:1, M:0, A:0, RE:0, G:0, cD:true, cF:true, cW:true, cS:false, cF:true, CM:false
10-25 16:27:23.849  1409  1685 V PowerMonitor: isValid lock uid:10228, LOCK_UID:10228, UNDER_PHONE_UID:-1, power:0.172, fpower:0.0833, FFPOWER:1.0, mPasstime:300
10-25 16:27:23.853  1409  1685 V PowerMonitor: UID:39999, mDownload to false, totalBytes = 0
10-25 16:27:23.857  1409  1685 V PowerMonitor: UID:99000, mDownload to false, totalBytes = 0
10-25 16:27:23.861  1409  1685 V PowerMonitor: UID:99001, mDownload to false, totalBytes = 0
10-25 16:27:23.865  1409  1685 V PowerMonitor: UID:99002, mDownload to false, totalBytes = 0
10-25 16:27:23.869  1409  1685 V PowerMonitor: UID:99003, mDownload to false, totalBytes = 0
10-25 16:27:23.873  1409  1685 V PowerMonitor: UID:99004, mDownload to false, totalBytes = 0
10-25 16:27:23.877  1409  1685 V PowerMonitor: UID:99005, mDownload to false, totalBytes = 0
10-25 16:27:23.881  1409  1685 V PowerMonitor: UID:99006, mDownload to false, totalBytes = 0
10-25 16:27:23.885  1409  1685 V PowerMonitor: UID:99007, mDownload to false, totalBytes = 0
10-25 16:27:23.889  1409  1685 V PowerMonitor: UID:99008, mDownload to false, totalBytes = 0
10-25 16:27:23.893  1409  1685 V PowerMonitor: UID:99009, mDownload to false, totalBytes = 0
10-25 16:27:23.897  1409  1685 V PowerMonitor: UID:99010, mDownload to false, totalBytes = 0
10-25 16:27:23.901  1409  1685 V PowerMonitor: UID:99011, mDownload to false, totalBytes = 0
10-25 16:27:23.905  1409  1685 V PowerMonitor: UID:99012, mDownload to false, totalBytes = 0
10-25 16:27:23.908  1409  1685 V PowerMonitor: UID:99013, mDownload to false, totalBytes = 0
10-25 16:27:23.912  1409  1685 V PowerMonitor: UID:99014, mDownload to false, totalBytes = 0
10-25 16:27:23.917  1409  1685 V PowerMonitor: UID:99015, mDownload to false, totalBytes = 0
10-25 16:27:23.921  1409  1685 V PowerMonitor: UID:99016, mDownload to false, totalBytes = 0
10-25 16:27:23.925  1409  1685 V PowerMonitor: UID:99017, mDownload to false, totalBytes = 0
10-25 16:27:23.928  1409  1685 V PowerMonitor: UID:99018, mDownload to false, totalBytes = 0
10-25 16:27:23.932  1409  1685 V PowerMonitor: UID:99019, mDownload to false, totalBytes = 0
10-25 16:27:23.937  1409  1685 V PowerMonitor: UID:99020, mDownload to false, totalBytes = 0
10-25 16:27:23.941  1409  1685 V PowerMonitor: UID:99021, mDownload to false, totalBytes = 0
10-25 16:27:23.944  1409  1685 V PowerMonitor: UID:99022, mDownload to false, totalBytes = 0
10-25 16:27:23.948  1409  1685 V PowerMonitor: UID:99023, mDownload to false, totalBytes = 0
10-25 16:27:23.952  1409  1685 V PowerMonitor: UID:99024, mDownload to false, totalBytes = 0
10-25 16:27:23.957  1409  1685 V PowerMonitor: UID:99025, mDownload to false, totalBytes = 0
10-25 16:27:23.961  1409  1685 V PowerMonitor: UID:99026, mDownload to false, totalBytes = 0
10-25 16:27:23.965  1409  1685 V PowerMonitor: UID:99027, mDownload to false, totalBytes = 0
10-25 16:27:23.969  1409  1685 V PowerMonitor: UID:99028, mDownload to false, totalBytes = 0
10-25 16:27:23.973  1409  1685 V PowerMonitor: UID:99029, mDownload to false, totalBytes = 0
10-25 16:27:23.977  1409  1685 V PowerMonitor: UID:99030, mDownload to false, totalBytes = 0
10-25 16:27:23.981  1409  1685 V PowerMonitor: UID:99031, mDownload to false, totalBytes = 0
10-25 16:27:23.985  1409  1685 V PowerMonitor: UID:99032, mDownload to false, totalBytes = 0
10-25 16:27:23.989  1409  1685 V PowerMonitor: UID:99033, mDownload to false, totalBytes = 0
10-25 16:27:23.992  1409  1685 V PowerMonitor: UID:99034, mDownload to false, totalBytes = 0
10-25 16:27:23.996  1409  1685 V PowerMonitor: UID:99035, mDownload to false, totalBytes = 0
10-25 16:27:24.000  1409  1685 V PowerMonitor: UID:99036, mDownload to false, totalBytes = 0
10-25 16:27:24.004  1409  1685 V PowerMonitor: UID:99037, mDownload to false, totalBytes = 0
10-25 16:27:24.008  1409  1685 V PowerMonitor: UID:99038, mDownload to false, totalBytes = 0
10-25 16:27:24.012  1409  1685 V PowerMonitor: UID:99039, mDownload to false, totalBytes = 0
10-25 16:27:24.016  1409  1685 V PowerMonitor: UID:99040, mDownload to false, totalBytes = 0
10-25 16:27:24.020  1409  1685 V PowerMonitor: UID:99041, mDownload to false, totalBytes = 0
10-25 16:27:24.024  1409  1685 V PowerMonitor: UID:99042, mDownload to false, totalBytes = 0
10-25 16:27:24.028  1409  1685 V PowerMonitor: UID:99043, mDownload to false, totalBytes = 0
10-25 16:27:24.032  1409  1685 V PowerMonitor: UID:99044, mDownload to false, totalBytes = 0
10-25 16:27:24.036  1409  1685 V PowerMonitor: UID:99045, mDownload to false, totalBytes = 0
10-25 16:27:24.040  1409  1685 V PowerMonitor: UID:99046, mDownload to false, totalBytes = 0
10-25 16:27:24.044  1409  1685 V PowerMonitor: UID:99047, mDownload to false, totalBytes = 0
10-25 16:27:24.048  1409  1685 V PowerMonitor: UID:99048, mDownload to false, totalBytes = 0
10-25 16:27:24.052  1409  1685 V PowerMonitor: UID:99049, mDownload to false, totalBytes = 0
10-25 16:27:24.056  1409  1685 V PowerMonitor: UID:99056, mDownload to false, totalBytes = 0
10-25 16:27:24.057   892  1282 V ActivityManager: Broadcast: Intent { act=action.vivo.powercontrol flg=0x10 (has extras) } ordered=false userid=-1 callerApp=ProcessRecord{3a74136 1409:com.vivo.daemonService/1000}
10-25 16:27:24.058  1409  1685 V PowerMonitor: sendBroadcast UID:10086, P:0.000500, cpuTime:30, RxBytes:0, TxBytes:0, name:com.bbk.iqoo.logsystem
10-25 16:27:24.058  1409  1685 V PowerMonitor: sendBroadcast UID:10113, P:0.000167, cpuTime:10, RxBytes:0, TxBytes:0, name:com.bbk.scene.indoor
10-25 16:27:24.058  1409  1685 V PowerMonitor: sendBroadcast UID:10160, P:0.0221, cpuTime:0, RxBytes:0, TxBytes:0, name:com.qrcorde.scan.barcode.reader.generator
10-25 16:27:24.058  1409  1685 V PowerMonitor: sendBroadcast size = 3, mPasstime = 300, mUptime = 300, type = 2, action = action.vivo.powercontrol
10-25 16:27:24.059   892  2018 V AlarmAlign: addAlarm pkg = com.vivo.pem, action = com.vivo.pem.power, whenElapsed = 7609845
10-25 16:27:24.059  1409  1695 V BigDataLog: short cycle datatrans except is null
10-25 16:27:24.059   892  2018 V AlarmAlign: addAlarm whenElapsed = 7609845, needGrouping = false
10-25 16:27:24.059  1409  1695 D BigDataLog: in checkToUploadDataTrans curtime:7319845 lasttime:32085 detectmin 480 datadest:10485760
10-25 16:27:24.059  1409  1695 D BigDataLog: do not need to upload data trans, interval is 7287760 dest:28800000
10-25 16:27:24.059   892  2018 V AlarmAlign: list mBatch[0] whenElapsed = 7609845, maxWhenElapsed = 7610145, pkg = com.vivo.pem, action = com.vivo.pem.power
10-25 16:27:24.059   892  2018 V AlarmAlign: list mBatch[1] whenElapsed = 34476907, maxWhenElapsed = 34477207, pkg = com.vivo.pem, action = com.vivo.pem.cbgpower
10-25 16:27:24.059  1409  1685 V PowerMonitor: setAlarm time = 7609845, mAlarmCount = 2
10-25 16:27:24.060   406   406 I thermal_src: wake up function 3
10-25 16:27:24.060   406   406 I thermal_src: TA_DAEMON_CMD_GET_TPCB cmd=0x5, len=4 PCB=32000
10-25 16:27:24.060   406   406 I thermal_src: TA_DAEMON_CMD_SET_TTJ cmd=0x4, len=4 Tj=85000
10-25 16:27:24.060   406   406 I thermal_src: waiting NOTIFY from kernel...
10-25 16:27:24.060  1409  1695 V BigDataLog: S:0,B:0,BL:77,BRI:0,P:com.app.dart,A:com.app.dart.MainActivity,TN:32,TB:29
10-25 16:27:24.060  1409  1695 D BigDataLog: tempntc and warntemp: 32 55
10-25 16:27:24.060  1409  1695 D BigDataLog: infolist.size 0
10-25 16:27:24.061  1284 16300 I ABE     : intent.getAction() = action.vivo.powercontrol
10-25 16:27:24.061  1284 16300 I ABE     : uid = 10086 name = com.bbk.iqoo.logsystem
10-25 16:27:24.061  1284 16300 I ABE     : uid = 10113 name = com.bbk.scene.indoor
10-25 16:27:24.061  1284 16300 I ABE     : uid = 10160 name = com.qrcorde.scan.barcode.reader.generator
10-25 16:27:24.062  1284  3594 I ABE     : POWER_EXCEPT_IN....
10-25 16:27:24.112  1284  3594 I ABE     : PowerApp [uid=10086, power=5.0E-4, name=com.bbk.iqoo.logsystem, mobileActiveCount=0, cpuTime=30, gpsTime=0, wakelockTime=0, wifiRxBytes=0, wifiTxBytes=0, mobileActive=0, mobileRxBytes=0, mobileTxBytes=0, requestCode=0, timeAlarm=null, lauchCount=0, isCheck=false, appName=null, notifiId=0, highPower=9.0, highPowerTag=2]
10-25 16:27:24.112  1284  3594 I ABE     :  ---------------- EasyShare mDataPool = false
10-25 16:27:24.112  1284  3594 I ABE     :  conditionKillStrategy com.bbk.iqoo.logsystem
10-25 16:27:24.114  1284  3594 I ABE     :  isNeedToKillApp =  com.bbk.iqoo.logsystem
10-25 16:27:24.114  1284  3594 I ABE     : com.bbk.iqoo.logsystem is System App want to kill = 1
10-25 16:27:24.218  1284  3594 I ABE     : com.bbk.iqoo.logsystem is system app isNeedKill = false
10-25 16:27:24.218  1284  3594 I ABE     : com.bbk.iqoo.logsystem isNeedKill = false
10-25 16:27:24.452   892   892 D tethering: >>>>> Dispatching to Handler (com.android.server.storage.DeviceStorageMonitorService$1) {92b02ae} null: 1
10-25 16:27:24.452   892   892 D SettingsInterface:  from settings cache , name = sys_free_storage_log_interval , value = null
10-25 16:27:24.452   892   892 D SettingsInterface:  from settings cache , name = disk_free_change_reporting_threshold , value = null
10-25 16:27:24.452   892   892 D tethering: <<<<< Finished to Handler (com.android.server.storage.DeviceStorageMonitorService$1) {92b02ae} null
10-25 16:27:24.608  1284  3594 I ABE     : call com.vivo.common.VivoCollectFile writeData....
10-25 16:27:24.673  1284  3594 I ABE     : PowerApp [uid=10113, power=1.6666666666666666E-4, name=com.bbk.scene.indoor, mobileActiveCount=0, cpuTime=10, gpsTime=0, wakelockTime=0, wifiRxBytes=0, wifiTxBytes=0, mobileActive=0, mobileRxBytes=0, mobileTxBytes=0, requestCode=0, timeAlarm=null, lauchCount=0, isCheck=false, appName=null, notifiId=0, highPower=9.0, highPowerTag=2]
10-25 16:27:24.673  1284  3594 I ABE     :  ---------------- EasyShare mDataPool = false
10-25 16:27:24.673  1284  3594 I ABE     :  conditionKillStrategy com.bbk.scene.indoor
10-25 16:27:24.677  1284  3594 I ABE     :  isNeedToKillApp =  com.bbk.scene.indoor
10-25 16:27:24.677  1284  3594 I ABE     : com.bbk.scene.indoor maliceSystem is null !!! 
10-25 16:27:24.677  1284  3594 I ABE     : com.bbk.scene.indoor is want to kill = 1 level = 3
10-25 16:27:24.677   892   892 D tethering: >>>>> Dispatching to Handler (android.os.Handler) {5209c0d} com.vivo.services.engineerutile.BBKEngineerUtileService$1@d7c97c2: 0
10-25 16:27:24.678   892   892 D tethering: <<<<< Finished to Handler (android.os.Handler) {5209c0d} com.vivo.services.engineerutile.BBKEngineerUtileService$1@d7c97c2
10-25 16:27:24.793  1284  3594 V SettingsInterface: invalidate [system]: current 46 != cached 39
10-25 16:27:24.794   892  2027 V SettingsProvider: packageValueForCallResult, name = floatmode, value : 0
10-25 16:27:24.794  1284  3594 I MultiWindowCompat: MultiWindowCompat23 isSplitMode : false
10-25 16:27:24.794  1284  3594 I ABE     : isNeedKill = trueispip = false
10-25 16:27:24.794  1284  3594 I ABE     : com.bbk.scene.indoor isNeedKill = true
10-25 16:27:24.794  1284  3594 D SettingsInterface:  from settings cache , name = default_input_method , value = com.emoji.keyboard.touchpal/com.cootek.smartinput5.TouchPalIME
10-25 16:27:24.794  1284  3594 I ABE     :  defaultInputMethod = com.emoji.keyboard.touchpal/com.cootek.smartinput5.TouchPalIME
10-25 16:27:24.797  1284  3594 I ABE     :  deskTopName = com.bbk.launcher2
10-25 16:27:24.797  1284  3594 I ABE     :  type = KILL_NULL
10-25 16:27:24.797  1284  3594 I ABE     :  TaskInfoProvider create..... 
10-25 16:27:24.798   892  1994 D ActivityManager: getTopRunningActivityState = -1, com.app.dart/.MainActivity, state = STOPPED
10-25 16:27:24.798  1284  3594 I ActivityManagerDelegate: getTopRunningActivityState : [-1, com.app.dart/.MainActivity, com.app.dart]
10-25 16:27:24.798   892   921 D ActivityManager: getTopRunningActivityState = -1, com.app.dart/.MainActivity, state = STOPPED
10-25 16:27:24.799  1284  3594 I ActivityManagerDelegate: getTopRunningActivityState : [-1, com.app.dart/.MainActivity, com.app.dart]
10-25 16:27:24.799   892  2022 I ActivityManager: Force stopping com.bbk.scene.indoor appid=10113 user=0: from pid 1284
10-25 16:27:24.800   892  2022 I ActivityManager: Killing 13396:com.vivo.launcher.scene.comm/u0a113 (adj 15): stop com.bbk.scene.indoor
10-25 16:27:24.854   892   908 D DisplayManagerService: Display listener for pid 13396 died.
10-25 16:27:24.858   892  2022 D ActivityManager: SVC-handleAppDiedLocked: app = ProcessRecord{87004f3 13396:com.vivo.launcher.scene.comm/u0a113}, app.pid = 13396
10-25 16:27:24.858   892  2022 D ActivityManager: cleanUpApplicationRecord -- 13396
10-25 16:27:24.858   892  2022 D ActivityManager: removeDyingProviderLocked: cpr=ContentProviderRecord{2cfab62 u0 com.bbk.scene.indoor/.utils.SceneProvider} always=false inLaunching=false
10-25 16:27:24.858   892  2022 D ActivityManager: SVC-mBroadcastQueues: com.android.server.am.BroadcastQueue@19b12b9
10-25 16:27:24.858   892  2022 D ActivityManager: SVC-mBroadcastQueues: com.android.server.am.BroadcastQueue@2d186fe
10-25 16:27:24.861   892  2022 V ActivityManager: Broadcast: Intent { act=android.intent.action.PACKAGE_RESTARTED dat=package:com.bbk.scene.indoor flg=0x10 (has extras) } ordered=false userid=0 callerApp=null
10-25 16:27:24.866   892  2025 W ActivityManager: Spurious death for ProcessRecord{87004f3 0:com.vivo.launcher.scene.comm/u0a113}, curProc for 13396: null
10-25 16:27:24.867  1409  2031 D NailDaemonService: process died pid : 13396 mVivoNailPid: -1
10-25 16:27:24.868   892  1200 D ScreenBrightnessModeRestore: pakage name is com.vivo.launcher.scene.comm:10113with :10113
10-25 16:27:24.868   892  1200 D ScreenBrightnessModeRestore:  onProcessDiedInner, pid = 13396 , mCurrentForceGroundPid = 7055 mAppName: com.vivo.launcher.scene.comm:10113 mWaitToRestore=false
10-25 16:27:24.868   892  1021 D ScreenBrightnessModeRestore: pakage name is com.vivo.launcher.scene.comm:10113with :10113
10-25 16:27:24.868   892  1021 D ScreenBrightnessModeRestore:  onProcessDiedInner, pid = 13396 , mCurrentForceGroundPid = 7055 mAppName: com.vivo.launcher.scene.comm:10113 mWaitToRestore=false
10-25 16:27:24.873   892   892 D tethering: >>>>> Dispatching to Handler (android.app.ActivityThread$H) {c3a6cda} android.app.LoadedApk$ReceiverDispatcher$Args@13450ed: 0
10-25 16:27:24.873   892   892 D AlarmManager: UninstallReceiver  action = android.intent.action.PACKAGE_RESTARTED
10-25 16:27:24.873   892   892 V AlarmAlign: remove packageName = com.bbk.scene.indoor
10-25 16:27:24.874   892   892 D AlarmManager:  alarm = Alarm{bc65db3 type 2 when 7327044 com.google.android.gms} add to Batch{83cdb22 num=1 start=7311356 end=7986356}
10-25 16:27:24.874   892   892 D AlarmManager:  alarm = Alarm{20b2e90 type 2 when 8042403 com.google.android.gms} add to Batch{af9d9b3 num=1 start=7231709 end=8581709 flgs=0x8}
10-25 16:27:24.874   892   892 D AlarmManager:  alarm = Alarm{b1c9bfc type 2 when 11290141 android} add to Batch{286b70 num=1 start=10328222 end=18428222}
10-25 16:27:24.875   892   892 D tethering: <<<<< Finished to Handler (android.app.ActivityThread$H) {c3a6cda} android.app.LoadedApk$ReceiverDispatcher$Args@13450ed
10-25 16:27:24.875   892   892 D tethering: >>>>> Dispatching to Handler (android.app.ActivityThread$H) {c3a6cda} android.app.LoadedApk$ReceiverDispatcher$Args@a920ee9: 0
10-25 16:27:24.876   892   892 I NotificationService: action=android.intent.action.PACKAGE_RESTARTED queryReplace=false
10-25 16:27:24.876   892   892 D tethering: <<<<< Finished to Handler (android.app.ActivityThread$H) {c3a6cda} android.app.LoadedApk$ReceiverDispatcher$Args@a920ee9
10-25 16:27:24.876   892   892 D tethering: >>>>> Dispatching to Handler (android.os.Handler) {d85e60a} android.app.LoadedApk$ReceiverDispatcher$Args@1f1876e: 0
10-25 16:27:24.876   892   892 D tethering: <<<<< Finished to Handler (android.os.Handler) {d85e60a} android.app.LoadedApk$ReceiverDispatcher$Args@1f1876e
10-25 16:27:24.876   892   892 D tethering: >>>>> Dispatching to Handler (com.android.server.media.MediaRouterService$UserHandler) {d84c515} android.app.LoadedApk$ReceiverDispatcher$Args@82e5e0f: 0
10-25 16:27:24.876   892   892 D tethering: <<<<< Finished to Handler (com.android.server.media.MediaRouterService$UserHandler) {d84c515} android.app.LoadedApk$ReceiverDispatcher$Args@82e5e0f
10-25 16:27:24.878  2009  2009 I UpSlideUpdateMonitor: UpSlide|onReceive, action = android.intent.action.PACKAGE_RESTARTED
10-25 16:27:24.879  2009  2009 D RecentHelper: UpSlide|onPackageChanged, type = 1
10-25 16:27:24.889  2009  2009 I RecentHelper: UpSlide|Launcher packageName =com.bbk.launcher2
10-25 16:27:24.889  2009  2009 I RecentHelper: UpSlide|Launcher packageName =com.bbk.scene.indoor
10-25 16:27:24.891  1284  3594 I ABE     :  Real kill com.bbk.scene.indoor
10-25 16:27:24.908  1213  1213 D ActivityThread: BDC-Calling onReceive: intent=Intent { act=android.intent.action.PACKAGE_RESTARTED dat=package:com.bbk.scene.indoor flg=0x10 cmp=com.vivo.appfilter/.receiver.VivoBringupPkgReceiver (has extras) }, receiver=com.vivo.appfilter.receiver.VivoBringupPkgReceiver@6352d92
10-25 16:27:24.908  1213  1213 D ActivityThread: BDC-RECEIVER handled : 0 / ReceiverData{intent=Intent { act=android.intent.action.PACKAGE_RESTARTED dat=package:com.bbk.scene.indoor flg=0x10 cmp=com.vivo.appfilter/.receiver.VivoBringupPkgReceiver (has extras) } packageName=com.vivo.appfilter resultCode=0 resultData=null resultExtras=null}
10-25 16:27:24.909 16258 16272 D DataUsagePrefs: getDeleteBackgroundRestrictUidsFirstEnter value:false
10-25 16:27:24.909  3549  3617 I UsageAppManager: deleteDiedAppList_getUid()=10113
10-25 16:27:24.909  3549  3617 I UsageAppManager: deleteDiedAppList_getPid()=13396
10-25 16:27:24.909  3549  3617 I UsageAppManager: deleteDiedAppList_mForgroundInfo_pid=0,mForgroundInfo_pkgName=null,mForgroundInfo_uid=0,mBackgroundInfo_pid=7055,mBackgroundInfo_pkgName=com.bbk.launcher2,mBackgroundInfo_uid=10038
10-25 16:27:24.933   406   406 I thermal_src: wake up function 3
10-25 16:27:24.933   406   406 I thermal_src: TA_DAEMON_CMD_GET_TPCB cmd=0x5, len=4 PCB=32000
10-25 16:27:24.933   406   406 I thermal_src: TA_DAEMON_CMD_SET_TTJ cmd=0x4, len=4 Tj=85000
10-25 16:27:24.933   406   406 I thermal_src: waiting NOTIFY from kernel...
10-25 16:27:24.968  1409  1409 D ActivityThread: BDC-Calling onReceive: intent=Intent { act=android.intent.action.PACKAGE_RESTARTED dat=package:com.bbk.scene.indoor flg=0x10 cmp=com.vivo.daemonService/.alarm.AlarmReceiver (has extras) }, receiver=com.vivo.daemonService.alarm.AlarmReceiver@e12065a
10-25 16:27:24.969  1409  1409 D ActivityThread: BDC-RECEIVER handled : 0 / ReceiverData{intent=Intent { act=android.intent.action.PACKAGE_RESTARTED dat=package:com.bbk.scene.indoor flg=0x10 cmp=com.vivo.daemonService/.alarm.AlarmReceiver (has extras) } packageName=com.vivo.daemonService resultCode=0 resultData=null resultExtras=null}
10-25 16:27:24.977  1409  1409 D ActivityThread: BDC-Calling onReceive: intent=Intent { act=android.intent.action.PACKAGE_RESTARTED dat=package:com.bbk.scene.indoor flg=0x10 cmp=com.vivo.daemonService/.crontab.CrontabReceiver (has extras) }, receiver=com.vivo.daemonService.crontab.CrontabReceiver@f38508b
10-25 16:27:24.977  1409  1409 V VivoDaemon-CrontabReceiver: CrontabReceiver action = android.intent.action.PACKAGE_RESTARTED
10-25 16:27:24.977  1409  1409 D ActivityThread: BDC-RECEIVER handled : 0 / ReceiverData{intent=Intent { act=android.intent.action.PACKAGE_RESTARTED dat=package:com.bbk.scene.indoor flg=0x10 cmp=com.vivo.daemonService/.crontab.CrontabReceiver (has extras) } packageName=com.vivo.daemonService resultCode=0 resultData=null resultExtras=null}
10-25 16:27:24.997  1409  1409 D ActivityThread: BDC-Calling onReceive: intent=Intent { act=android.intent.action.PACKAGE_RESTARTED dat=package:com.bbk.scene.indoor flg=0x10 cmp=com.vivo.daemonService/.tips.TipsReceiver (has extras) }, receiver=com.vivo.daemonService.tips.TipsReceiver@a06d568
10-25 16:27:24.998  1409  1409 D ActivityThread: BDC-RECEIVER handled : 0 / ReceiverData{intent=Intent { act=android.intent.action.PACKAGE_RESTARTED dat=package:com.bbk.scene.indoor flg=0x10 cmp=com.vivo.daemonService/.tips.TipsReceiver (has extras) } packageName=com.vivo.daemonService resultCode=0 resultData=null resultExtras=null}
10-25 16:27:25.043  1284  1295 I System  : FinalizerDaemon: finalize objects = 71
10-25 16:27:25.121 16068 16079 I PresentationSystem: not needQuiet
10-25 16:27:25.133  1284  3594 I ABE     : call com.vivo.common.VivoCollectFile writeData....
10-25 16:27:25.188   892   928 D SettingsInterface:  from settings cache , name = default_input_method , value = com.emoji.keyboard.touchpal/com.cootek.smartinput5.TouchPalIME
10-25 16:27:25.188   892   928 D SettingsInterface:  from settings cache , name = voice_interaction_service , value = com.google.android.googlequicksearchbox/com.google.android.voiceinteraction.GsaVoiceInteractionService
10-25 16:27:25.188   892   928 D SettingsInterface:  from settings cache , name = voice_recognition_service , value = com.google.android.googlequicksearchbox/com.google.android.voicesearch.serviceapi.GoogleRecognitionService
10-25 16:27:25.197  1284  3594 I ABE     : PowerApp [uid=10160, power=0.022133825, name=com.qrcorde.scan.barcode.reader.generator, mobileActiveCount=0, cpuTime=0, gpsTime=0, wakelockTime=0, wifiRxBytes=0, wifiTxBytes=0, mobileActive=0, mobileRxBytes=0, mobileTxBytes=0, requestCode=0, timeAlarm=null, lauchCount=0, isCheck=false, appName=null, notifiId=0, highPower=9.0, highPowerTag=2]
10-25 16:27:25.197  1284  3594 I ABE     :  ---------------- EasyShare mDataPool = false
10-25 16:27:25.197  1284  3594 I ABE     :  conditionKillStrategy com.qrcorde.scan.barcode.reader.generator
10-25 16:27:25.199  1284  3594 I ABE     :  isNeedToKillApp =  com.qrcorde.scan.barcode.reader.generator
10-25 16:27:25.199  1284  3594 I ABE     : com.qrcorde.scan.barcode.reader.generator maliceSystem is null !!! 
10-25 16:27:25.199  1284  3594 I ABE     : com.qrcorde.scan.barcode.reader.generator is want to kill = 1 level = 3
10-25 16:27:25.231   296  8410 I MAL-Daemon:  (        ru_syssig_hndler,  441) [RDS-I][ru_syssig_hndler] Send Event: 688 
10-25 16:27:25.231   296  8410 I MAL-Daemon:  (        ru_syssig_hndler,  442) [RDS-I][RDS][RU][ru_syssig_hndler] ru_check_ctx_ptr<0xf5df5460, 0xf5df5460>
10-25 16:27:25.231   296  8410 W MAL-Daemon:  (    mdfx_task_send_event,  636) mdfx_task_send_event(): [ACT] should NOT enter this leagcy API!!
10-25 16:27:25.231   296  8410 I MAL-Daemon:  (    ru_send_event_entity,  373) [RDS-I][RDS][RU][ru_send_event_entity] send event 688 to 602 with ret(0)
10-25 16:27:25.231   296   615 I MAL-Daemon:  (             rds_ru_task,  463) [RDS-I][RU][rds_ru_task] RCV Event: 688 
10-25 16:27:25.245   296   615 D MAL-Daemon:  (     ru_wsl_poll_wpainfo,  662) [RDS-D][RDS][RU][ru_wsl_poll_wpainfo]socket recv pktlen(48) 
10-25 16:27:25.245   296   615 D MAL-Daemon:  (rds_ru_ws_rssi_timer_exp,  775) [RDS-D][RU][rds_ru_ws_rssi_timer_expire_hdlr][RDS] get rssi = -67, snr = 9999 
10-25 16:27:25.245   296   615 I MAL-Daemon:  (  ru_wsl_wifi_status_ind,  757) [RDS-I][RDS][RU][ru_wsl_wifi_status_ind] ru_check_ctx_ptr<0xf5df5460, 0xf5df5460>
10-25 16:27:25.245   296   615 W MAL-Daemon:  (    mdfx_task_send_event,  636) mdfx_task_send_event(): [ACT] should NOT enter this leagcy API!!
10-25 16:27:25.245   296   615 I MAL-Daemon:  (    ru_send_event_entity,  373) [RDS-I][RDS][RU][ru_send_event_entity] send event 604 to 602 with ret(0)
10-25 16:27:25.246   296   615 I MAL-Daemon:  (          ru_get_netstat, 5890) [RDS-I][RU][ru_get_netstat] netstat <thrghpt, pkterrt>, wifi <0, 0%>, mobile <756, 0%>
10-25 16:27:25.246   296   615 I MAL-Daemon:  (    ru_send_event_entity,  373) [RDS-I][RDS][RU][ru_send_event_entity] send event 614 to 1233 with ret(0)
10-25 16:27:25.246   296   615 I MAL-Daemon:  (             rds_ru_task,  463) [RDS-I][RU][rds_ru_task] RCV Event: 604 
10-25 16:27:25.246   296   615 I MAL-Daemon:  (  rds_ru_wifi_status_ind, 1421) [RDS-I][RU][EVENT_RU_WS_WIFI_STATUS_IND] fgwifi_en:1(no use) i4wifirssi:0xffffffbd i4wifisnr:0x270f
10-25 16:27:25.246   296   615 I MAL-Daemon:  (    ru_send_event_entity,  373) [RDS-I][RDS][RU][ru_send_event_entity] send event 615 to 1233 with ret(0)
10-25 16:27:25.246   296   615 I MAL-Daemon:  (          rds_ru_rpl_gen, 5456) [RDS-I][RU][rds_ru_rpl_gen][RDS][OP147] TYPE : <0>, UI Policy : <3>, RDS Policy : <3>
10-25 16:27:25.246   296   615 I MAL-Daemon:  (      rds_cell_only_orng, 3804) [RDS-I][RU][RDS IMS/MMS][rds_cell_only_orng] 
10-25 16:27:25.246   296   615 I MAL-Daemon:  (          rds_ru_rpl_gen, 5467) [RDS-I][RU][rds_ru_rpl_gen][RDS][OP147] TYPE : <0>, RAN1 : <1> ,RAN2 : <254>
10-25 16:27:25.246   296   615 I MAL-Daemon:  (          rds_ru_rpl_gen, 5456) [RDS-I][RU][rds_ru_rpl_gen][RDS][OP147] TYPE : <1>, UI Policy : <3>, RDS Policy : <3>
10-25 16:27:25.246   296   615 I MAL-Daemon:  (      rds_cell_only_orng, 3804) [RDS-I][RU][RDS IMS/MMS][rds_cell_only_orng] 
10-25 16:27:25.246   296   615 I MAL-Daemon:  (          rds_ru_rpl_gen, 5467) [RDS-I][RU][rds_ru_rpl_gen][RDS][OP147] TYPE : <1>, RAN1 : <1> ,RAN2 : <254>
10-25 16:27:25.247   296   615 I MAL-Daemon:  (          rds_ru_rpl_gen, 5456) [RDS-I][RU][rds_ru_rpl_gen][RDS][OP147] TYPE : <2>, UI Policy : <3>, RDS Policy : <3>
10-25 16:27:25.247   296   615 I MAL-Daemon:  (      rds_cell_only_orng, 3804) [RDS-I][RU][RDS IMS/MMS][rds_cell_only_orng] 
10-25 16:27:25.247   296   615 I MAL-Daemon:  (          rds_ru_rpl_gen, 5467) [RDS-I][RU][rds_ru_rpl_gen][RDS][OP147] TYPE : <2>, RAN1 : <1> ,RAN2 : <254>
10-25 16:27:25.247   296   615 I MAL-Daemon:  (          rds_ru_rpl_gen, 5456) [RDS-I][RU][rds_ru_rpl_gen][RDS][OP147] TYPE : <3>, UI Policy : <3>, RDS Policy : <3>
10-25 16:27:25.247   296   615 I MAL-Daemon:  (          rds_ru_rpl_gen, 5467) [RDS-I][RU][rds_ru_rpl_gen][RDS][OP147] TYPE : <3>, RAN1 : <1> ,RAN2 : <255>
10-25 16:27:25.247   296   615 I MAL-Daemon:  (          rds_ru_rpl_gen, 5456) [RDS-I][RU][rds_ru_rpl_gen][RDS][OP147] TYPE : <4>, UI Policy : <3>, RDS Policy : <3>
10-25 16:27:25.247   296   615 I MAL-Daemon:  (          rds_ru_rpl_gen, 5467) [RDS-I][RU][rds_ru_rpl_gen][RDS][OP147] TYPE : <4>, RAN1 : <1> ,RAN2 : <255>
10-25 16:27:25.247   296   615 I MAL-Daemon:  (          rds_ru_rpl_gen, 5456) [RDS-I][RU][rds_ru_rpl_gen][RDS][OP147] TYPE : <5>, UI Policy : <3>, RDS Policy : <3>
10-25 16:27:25.247   296   615 I MAL-Daemon:  (          rds_ru_rpl_gen, 5467) [RDS-I][RU][rds_ru_rpl_gen][RDS][OP147] TYPE : <5>, RAN1 : <1> ,RAN2 : <255>
10-25 16:27:25.247   296   615 I MAL-Daemon:  (          rds_ru_rpl_gen, 5467) [RDS-I][RU][rds_ru_rpl_gen][RDS][OP147] TYPE : <6>, RAN1 : <254> ,RAN2 : <254>
10-25 16:27:25.247   296   615 I MAL-Daemon:  (    rds_op_check_feature,  349) [RDS-I][RDS][OP][rds_op_check_feature] operator id(147) check feature<0>, curr_opmsk is <1>, sys_opmsk is <0x0001, 1>
10-25 16:27:25.247   296   615 I MAL-Daemon:  (          rds_ru_rpl_gen, 5491) [RDS-I][RU][rds_ru_rpl_gen][RDS] Current policy: fgimsolte_en<1>, fgwfc_en<0>, erdspolicy<3>, 
10-25 16:27:25.247   296   615 I MAL-Daemon:  (          rds_ru_rpl_gen, 5494) [RDS-I][RU][rds_ru_rpl_gen][RDS] Threshold i4wifirssih<-75>, i4wifirssil<-85>, i4wifirssih_ho<-78>, i4wifirssil_ho<-88>, i4wifisnrh<10>, i4wifisnrl<6>
10-25 16:27:25.247   296   615 I MAL-Daemon:  (          rds_ru_rpl_gen, 5497) [RDS-I][RU][rds_ru_rpl_gen][RDS] Threshold i4ltersrph<-106>, i4ltersrpm<-111>, i4ltersrpl<-116>, i4ltersrqh<5>, i4ltersrqm<3>, i4ltersrql<1>
10-25 16:27:25.247   296   615 I MAL-Daemon:  (          rds_ru_rpl_gen, 5500) [RDS-I][RU][rds_ru_rpl_gen][RDS] Threshold i4utranrscph<-104>, i4utranrscpl<-110>, i4gsmrssih<-94>, i4gsmrssil<-102>
10-25 16:27:25.247   296   615 I MAL-Daemon:  (          rds_ru_rpl_gen, 5503) [RDS-I][RU][rds_ru_rpl_gen][RDS] current rds ru status: i4wifirssi<-67>, i4wifisnr<9999>, i4ltersrp<-84>, i4ltersrq<24>, i4utranrscp<-141>, i4gsmrssi<-141>, u4active_ran<65539>
10-25 16:27:25.247   296   615 I MAL-Daemon:  (          rds_ru_rpl_gen, 5506) [RDS-I][RU][rds_ru_rpl_gen][RDS] current wifi backhaul : rtp_plr<0>, rtp_jitter<0>, ping_ind<0>
10-25 16:27:25.247   296   615 I MAL-Daemon:  (          rds_ru_rpl_gen, 5509) [RDS-I][RU][rds_ru_rpl_gen][RDS] Call stat : IR92<0>, IR94<0> 
10-25 16:27:25.247   296   615 I MAL-Daemon:  (          rds_ru_rpl_gen, 5515) [RDS-I][RU][RDS IMS/MMS][rds_ru_rpl_gen] Ori:(1,254)/(1,255) New:(1,254)/(1,255)
10-25 16:27:25.247   296   615 I MAL-Daemon:  (          rds_ru_rpl_gen, 5520) [RDS-I][RU][RDS IMS/MMS WIFI][rds_ru_rpl_gen] Ori:(1,254)/(1,255) New:(1,254)/(1,255)
10-25 16:27:25.247   296   615 I MAL-Daemon:  (          rds_ru_rpl_gen, 5525) [RDS-I][RU][RDS IMS/MMS CELL][rds_ru_rpl_gen] Ori:(1,254)/(1,255) New:(1,254)/(1,255)
10-25 16:27:25.248   296   615 I MAL-Daemon:  (          rds_ru_rpl_gen, 5529) [RDS-I][RU][RDS EMG][rds_ru_rpl_gen] Ori:(254,254) New:(254,254)
10-25 16:27:25.248  1979  2064 I MFI-Conn:  (     mfia_task_bootstrap,  944) mfia_task_bootstrap(): an event 614 incoming
10-25 16:27:25.248  1979  2064 I MFI-Conn:  (     mfia_task_bootstrap,  944) mfia_task_bootstrap(): an event 615 incoming
10-25 16:27:25.248  1979  2084 I MFI-Conn:  (             rds_urc_hdl,  276) [RDS][rds_urc_hdl] RCV Event: 614 
10-25 16:27:25.248  1979  2084 I MFI-Conn:  (             rds_urc_hdl,  391) [RDS][IF][rds_urc_hdl] data_base update: pkterrt(0) 
10-25 16:27:25.248  1979  2084 I MFI-Conn:  (             rds_urc_hdl,  276) [RDS][rds_urc_hdl] RCV Event: 615 
10-25 16:27:25.248  1979  2084 I MFI-Conn:  (             rds_urc_hdl,  401) [RDS][IF][rds_urc_hdl] data_base update: i4wifirssi(-67) 
10-25 16:27:25.303  1284  3594 D SettingsInterface:  from settings cache , name = floatmode , value = 0
10-25 16:27:25.303  1284  3594 I MultiWindowCompat: MultiWindowCompat23 isSplitMode : false
10-25 16:27:25.303  1284  3594 I ABE     : isNeedKill = trueispip = false
10-25 16:27:25.303  1284  3594 I ABE     : com.qrcorde.scan.barcode.reader.generator isNeedKill = true
10-25 16:27:25.303  1284  3594 D SettingsInterface:  from settings cache , name = default_input_method , value = com.emoji.keyboard.touchpal/com.cootek.smartinput5.TouchPalIME
10-25 16:27:25.303  1284  3594 I ABE     :  defaultInputMethod = com.emoji.keyboard.touchpal/com.cootek.smartinput5.TouchPalIME
10-25 16:27:25.306  1284  3594 I ABE     :  deskTopName = com.bbk.launcher2
10-25 16:27:25.307  1284  3594 I ABE     :  type = KILL_NULL
10-25 16:27:25.307  1284  3594 I ABE     :  TaskInfoProvider create..... 
10-25 16:27:25.307   892  1283 D ActivityManager: getTopRunningActivityState = -1, com.app.dart/.MainActivity, state = STOPPED
10-25 16:27:25.308  1284  3594 I ActivityManagerDelegate: getTopRunningActivityState : [-1, com.app.dart/.MainActivity, com.app.dart]
10-25 16:27:25.308   892  1994 D ActivityManager: getTopRunningActivityState = -1, com.app.dart/.MainActivity, state = STOPPED
10-25 16:27:25.308  1284  3594 I ActivityManagerDelegate: getTopRunningActivityState : [-1, com.app.dart/.MainActivity, com.app.dart]
10-25 16:27:25.309   892   908 I ActivityManager: Force stopping com.qrcorde.scan.barcode.reader.generator appid=10160 user=0: from pid 1284
10-25 16:27:25.309   892   908 I ActivityManager: Killing 16068:com.qrcorde.scan.barcode.reader.generator/u0a160 (adj 5): stop com.qrcorde.scan.barcode.reader.generator
10-25 16:27:25.377   892  1993 D ConnectivityService: ConnectivityService NetworkRequestInfo binderDied(NetworkRequest [ id=42, legacyType=-1, [ Capabilities: INTERNET&NOT_RESTRICTED&TRUSTED] ], android.os.BinderProxy@b00ce9c)
10-25 16:27:25.377   892  2027 D DisplayManagerService: Display listener for pid 16068 died.
10-25 16:27:25.379   291   321 I SurfaceFlinger: EventThread Client Pid (16068) disconnected by (291)
10-25 16:27:25.379   892  1162 D ConnectivityService: releasing NetworkRequest NetworkRequest [ id=42, legacyType=-1, [ Capabilities: INTERNET&NOT_RESTRICTED&TRUSTED] ]
10-25 16:27:25.380   892  1162 D ConnectivityService: sending notification RELEASED for NetworkRequest [ id=42, legacyType=-1, [ Capabilities: INTERNET&NOT_RESTRICTED&TRUSTED] ]
10-25 16:27:25.381   892  1162 E ConnectivityService: RemoteException caught trying to send a callback msg for NetworkRequest [ id=42, legacyType=-1, [ Capabilities: INTERNET&NOT_RESTRICTED&TRUSTED] ]
10-25 16:27:25.381   892   892 D tethering: >>>>> Dispatching to Handler (com.android.server.wifi.WifiTrafficPoller$TrafficHandler) {341dfe8} null: 4
10-25 16:27:25.381   892   892 D tethering: <<<<< Finished to Handler (com.android.server.wifi.WifiTrafficPoller$TrafficHandler) {341dfe8} null
10-25 16:27:25.396   892   908 D ActivityManager: SVC-handleAppDiedLocked: app = ProcessRecord{9bf20e9 16068:com.qrcorde.scan.barcode.reader.generator/u0a160}, app.pid = 16068
10-25 16:27:25.396   892   908 D ActivityManager: cleanUpApplicationRecord -- 16068
10-25 16:27:25.396   892   908 W ActivityManager: Scheduling restart of crashed service com.qrcorde.scan.barcode.reader.generator/com.cootek.business.daemon.MainProcessSummonService in 1000ms
10-25 16:27:25.396   892   908 W ActivityManager: Scheduling restart of crashed service com.qrcorde.scan.barcode.reader.generator/com.cootek.presentation.service.PresentationService in 11000ms
10-25 16:27:25.396   892   908 W ActivityManager: Scheduling restart of crashed service com.qrcorde.scan.barcode.reader.generator/com.cootek.ezalter.EzalterService in 21000ms
10-25 16:27:25.396   892   908 W ActivityManager: Scheduling restart of crashed service com.qrcorde.scan.barcode.reader.generator/com.snipermob.wakeup.core.GuardService in 31000ms
10-25 16:27:25.396   892   908 W ActivityManager: Scheduling restart of crashed service com.qrcorde.scan.barcode.reader.generator/com.cootek.business.daemon.ProcessMainService in 41000ms
10-25 16:27:25.397   892   908 D ActivityManager: removeDyingProviderLocked: cpr=ContentProviderRecord{6f3b0a5 u0 com.qrcorde.scan.barcode.reader.generator/com.facebook.internal.FacebookInitProvider} always=false inLaunching=false
10-25 16:27:25.397   892   908 D ActivityManager: removeDyingProviderLocked: cpr=ContentProviderRecord{a32ac7a u0 com.qrcorde.scan.barcode.reader.generator/com.google.firebase.provider.FirebaseInitProvider} always=false inLaunching=false
10-25 16:27:25.397   892   908 D ActivityManager: removeDyingProviderLocked: cpr=ContentProviderRecord{87ccc2b u0 com.qrcorde.scan.barcode.reader.generator/com.mobutils.android.mediation.sdk.priority.AppsPriorityContentProvider} always=false inLaunching=false
10-25 16:27:25.397   892   908 D ActivityManager: removeDyingProviderLocked: cpr=ContentProviderRecord{79a3888 u0 com.qrcorde.scan.barcode.reader.generator/android.arch.lifecycle.ProcessLifecycleOwnerInitializer} always=false inLaunching=false
10-25 16:27:25.397   892   908 D ActivityManager: removeDyingProviderLocked: cpr=ContentProviderRecord{b13b221 u0 com.qrcorde.scan.barcode.reader.generator/com.crashlytics.android.CrashlyticsInitProvider} always=false inLaunching=false
10-25 16:27:25.397   892   908 D ActivityManager: removeDyingProviderLocked: cpr=ContentProviderRecord{e2f1646 u0 com.qrcorde.scan.barcode.reader.generator/com.cootek.tark.preferences.PreferenceProvider} always=false inLaunching=false
10-25 16:27:25.397   892   908 D ActivityManager: removeDyingProviderLocked: cpr=ContentProviderRecord{2fa0007 u0 com.qrcorde.scan.barcode.reader.generator/com.mobutils.android.counter_usage.record.CounterUsageRecordContentProvider} always=false inLaunching=false
10-25 16:27:25.397   892   908 D ActivityManager: removeDyingProviderLocked: cpr=ContentProviderRecord{cde5534 u0 com.qrcorde.scan.barcode.reader.generator/com.mobutils.android.mediation.utility.SharedPreferenceContentProvider} always=false inLaunching=false
10-25 16:27:25.397   892   908 D ActivityManager: removeDyingProviderLocked: cpr=ContentProviderRecord{2d84f5d u0 com.qrcorde.scan.barcode.reader.generator/com.mobutils.android.mediation.cache.MaterialImageCacheContentProvider} always=false inLaunching=false
10-25 16:27:25.397   892   908 D ActivityManager: removeDyingProviderLocked: cpr=ContentProviderRecord{d3650d2 u0 com.qrcorde.scan.barcode.reader.generator/com.mobutils.android.mediation.impl.AZMaterialContentProvider} always=false inLaunching=false
10-25 16:27:25.397   892   908 D ActivityManager: removeDyingProviderLocked: cpr=ContentProviderRecord{12c95a3 u0 com.qrcorde.scan.barcode.reader.generator/com.mobutils.android.mediation.sdk.refresh.RefreshControlContentProvider} always=false inLaunching=false
10-25 16:27:25.397   892   908 D ActivityManager: removeDyingProviderLocked: cpr=ContentProviderRecord{4a590a0 u0 com.qrcorde.scan.barcode.reader.generator/android.basicsyncadapter.account.FeedProvider} always=false inLaunching=false
10-25 16:27:25.397   892   908 D ActivityManager: removeDyingProviderLocked: cpr=ContentProviderRecord{84f8459 u0 com.qrcorde.scan.barcode.reader.generator/android.support.v4.content.FileProvider} always=false inLaunching=false
10-25 16:27:25.398   892   908 D ActivityManager: removeDyingProviderLocked: cpr=ContentProviderRecord{a04a81e u0 com.qrcorde.scan.barcode.reader.generator/com.mobutils.android.mediation.sdk.impression.ImpressionControlContentProvider} always=false inLaunching=false
10-25 16:27:25.398   892   908 D ActivityManager: SVC-mBroadcastQueues: com.android.server.am.BroadcastQueue@19b12b9
10-25 16:27:25.398   892   908 D ActivityManager: SVC-mBroadcastQueues: com.android.server.am.BroadcastQueue@2d186fe
10-25 16:27:25.401  1409  2760 D NailDaemonService: process died pid : 16068 mVivoNailPid: -1
10-25 16:27:25.402   892  1200 D ScreenBrightnessModeRestore: pakage name is com.qrcorde.scan.barcode.reader.generatorwith :10160
10-25 16:27:25.402   892  1200 D ScreenBrightnessModeRestore:  onProcessDiedInner, pid = 16068 , mCurrentForceGroundPid = 7055 mAppName: com.qrcorde.scan.barcode.reader.generator mWaitToRestore=false
10-25 16:27:25.403   892  1021 D ScreenBrightnessModeRestore: pakage name is com.qrcorde.scan.barcode.reader.generatorwith :10160
10-25 16:27:25.403   892  1021 D ScreenBrightnessModeRestore:  onProcessDiedInner, pid = 16068 , mCurrentForceGroundPid = 7055 mAppName: com.qrcorde.scan.barcode.reader.generator mWaitToRestore=false
10-25 16:27:25.403 16258 16270 D DataUsagePrefs: getDeleteBackgroundRestrictUidsFirstEnter value:false
10-25 16:27:25.408   892   908 I ActivityManager: Killing 16123:com.qrcorde.scan.barcode.reader.generator:bwatch1/u0a160 (adj 5): stop com.qrcorde.scan.barcode.reader.generator
10-25 16:27:25.421  3549  3617 I UsageAppManager: deleteDiedAppList_getUid()=10160
10-25 16:27:25.421  3549  3617 I UsageAppManager: deleteDiedAppList_getPid()=16068
10-25 16:27:25.421  3549  3617 I UsageAppManager: deleteDiedAppList_mForgroundInfo_pid=0,mForgroundInfo_pkgName=null,mForgroundInfo_uid=0,mBackgroundInfo_pid=7055,mBackgroundInfo_pkgName=com.bbk.launcher2,mBackgroundInfo_uid=10038
