10-25 16:26:49.594 16068 16295 E ActivityThread: Failed to find provider info for com.cootek.smartinputv5.language.french.com.mobutils.android.mediation.priority
10-25 16:26:49.595   892  1994 D ActivityManager: getContentProviderImpl: from caller=android.app.ApplicationThreadProxy@82d47b9 (pid=16068, userId=0) to get content provider com.cootek.smartinputv5.language.french.com.mobutils.android.mediation.priority cpr=null
10-25 16:26:49.596 16068 16295 E ActivityThread: Failed to find provider info for com.cootek.smartinputv5.language.french.com.mobutils.android.mediation.priority
10-25 16:26:49.598   892  1701 D ActivityManager: getContentProviderImpl: from caller=android.app.ApplicationThreadProxy@93817fe (pid=16068, userId=0) to get content provider com.cootek.smartinputv5.language.french.com.mobutils.android.mediation.priority cpr=null
10-25 16:26:49.598 16068 16295 E ActivityThread: Failed to find provider info for com.cootek.smartinputv5.language.french.com.mobutils.android.mediation.priority
10-25 16:26:49.600   892  2026 D ActivityManager: getContentProviderImpl: from caller=android.app.ApplicationThreadProxy@a5cb5f (pid=16068, userId=0) to get content provider com.cootek.smartinputv5.language.french.com.mobutils.android.mediation.priority cpr=null
10-25 16:26:49.601 16068 16295 E ActivityThread: Failed to find provider info for com.cootek.smartinputv5.language.french.com.mobutils.android.mediation.priority
10-25 16:26:50.492  2389  2389 D ActivityThread: SVC-Destroying service: com.google.android.gms.chimera.PersistentIntentOperationService@1615712
10-25 16:26:50.493  2389  2389 D ActivityThread: SVC-STOP_SERVICE handled : 0 / android.os.BinderProxy@ace869d
10-25 16:26:51.391   378 16243 D SocketClient: SocketClient sendData done: 222
10-25 16:26:51.392   378 16243 D SocketClient: SocketClient sendData done: 
10-25 16:26:51.392   378 16243 D SocketClient: SocketClient sendData done: 
10-25 16:26:51.392   378 16243 D SocketClient: SocketClient sendData done: 
10-25 16:26:51.392   378 16243 D SocketClient: SocketClient sendData done: 
10-25 16:26:51.392   378 16243 D SocketClient: SocketClient sendData done: 
10-25 16:26:51.392   378 16243 D SocketClient: SocketClient sendData done: 
10-25 16:26:51.392   378 16243 D SocketClient: SocketClient sendData done: 
10-25 16:26:51.392   378 16243 D SocketClient: SocketClient sendData done: 
10-25 16:26:51.392   378 16243 D SocketClient: SocketClient sendData done: 
10-25 16:26:51.392   378 16243 D SocketClient: SocketClient sendData done: 
10-25 16:26:51.392   378 16243 D SocketClient: SocketClient sendData done: 
10-25 16:26:51.392   378 16243 D SocketClient: SocketClient sendData done: 
10-25 16:26:51.392   378 16243 D SocketClient: SocketClient sendData done: 
10-25 16:26:51.392   378 16243 D SocketClient: SocketClient sendData done: 
10-25 16:26:51.392   378 16243 D SocketClient: SocketClient sendData done: 
10-25 16:26:51.392   378 16243 D SocketClient: SocketClient sendData done: 
10-25 16:26:51.392   378 16243 D SocketClient: SocketClient sendData done: 
10-25 16:26:51.393   378 16243 D SocketClient: SocketClient sendData done: 
10-25 16:26:51.393   378 16243 D SocketClient: SocketClient sendData done: 
10-25 16:26:51.393   378 16243 D SocketClient: SocketClient sendData done: 
10-25 16:26:51.393   378 16243 D SocketClient: SocketClient sendData done: 
10-25 16:26:51.393   378 16243 D SocketClient: SocketClient sendData done: 
10-25 16:26:51.394   378 16251 D SocketClient: SocketClient sendData done: 222
10-25 16:26:51.394   378 16251 D SocketClient: SocketClient sendData done: 
10-25 16:26:51.394   378 16251 D SocketClient: SocketClient sendData done: 
10-25 16:26:51.394   378 16251 D SocketClient: SocketClient sendData done: 
10-25 16:26:51.394   378 16251 D SocketClient: SocketClient sendData done: 
10-25 16:26:51.394   378 16251 D SocketClient: SocketClient sendData done: 
10-25 16:26:51.394   378 16251 D SocketClient: SocketClient sendData done: 
10-25 16:26:51.394   378 16251 D SocketClient: SocketClient sendData done: 
10-25 16:26:51.394   378 16251 D SocketClient: SocketClient sendData done: 
10-25 16:26:51.394   378 16251 D SocketClient: SocketClient sendData done: 
10-25 16:26:51.394   378 16251 D SocketClient: SocketClient sendData done: 
10-25 16:26:51.395   378 16251 D SocketClient: SocketClient sendData done: 
10-25 16:26:51.395   378 16251 D SocketClient: SocketClient sendData done: 
10-25 16:26:51.395   378 16251 D SocketClient: SocketClient sendData done: 
10-25 16:26:51.395   378 16251 D SocketClient: SocketClient sendData done: 
10-25 16:26:51.395   378 16251 D SocketClient: SocketClient sendData done: 
10-25 16:26:51.395   378 16251 D SocketClient: SocketClient sendData done: 
10-25 16:26:51.395   378 16251 D SocketClient: SocketClient sendData done: 
10-25 16:26:51.395   378 16251 D SocketClient: SocketClient sendData done: 
10-25 16:26:51.395   378 16251 D SocketClient: SocketClient sendData done: 
10-25 16:26:51.395   378 16251 D SocketClient: SocketClient sendData done: 
10-25 16:26:51.395   378 16251 D SocketClient: SocketClient sendData done: 
10-25 16:26:51.395   378 16251 D SocketClient: SocketClient sendData done: 
10-25 16:26:51.395   378 16251 D SocketClient: SocketClient sendData done: 
10-25 16:26:51.395   378 16251 D SocketClient: SocketClient sendData done: 
10-25 16:26:51.395   378 16251 D SocketClient: SocketClient sendData done: 
10-25 16:26:51.395   378 16251 D SocketClient: SocketClient sendData done: 
10-25 16:26:51.395   378 16251 D SocketClient: SocketClient sendData done: 
10-25 16:26:51.396   378 16251 D SocketClient: SocketClient sendData done: 
10-25 16:26:51.396   378 16251 D SocketClient: SocketClient sendData done: 
10-25 16:26:51.396   378 16251 D SocketClient: SocketClient sendData done: 
10-25 16:26:51.396   378 16251 D SocketClient: SocketClient sendData done: 
10-25 16:26:51.396   378 16251 D SocketClient: SocketClient sendData done: 
10-25 16:26:51.396   378 16251 D SocketClient: SocketClient sendData done: 
10-25 16:26:51.396   378 16251 D SocketClient: SocketClient sendData done: 
10-25 16:26:51.396   378 16251 D SocketClient: SocketClient sendData done: 
10-25 16:26:51.396   378 16251 D SocketClient: SocketClient sendData done: 
10-25 16:26:51.396   378 16251 D SocketClient: SocketClient sendData done: 
10-25 16:26:51.396   378 16251 D SocketClient: SocketClient sendData done: 
10-25 16:26:51.396   378 16251 D SocketClient: SocketClient sendData done: 
10-25 16:26:51.396   378 16251 D SocketClient: SocketClient sendData done: 
10-25 16:26:51.396   378 16251 D SocketClient: SocketClient sendData done: 
10-25 16:26:51.396   378 16251 D SocketClient: SocketClient sendData done: 
10-25 16:26:51.396   378 16251 D SocketClient: SocketClient sendData done: 
10-25 16:26:51.396   378 16251 D SocketClient: SocketClient sendData done: 
10-25 16:26:51.396   378 16251 D SocketClient: SocketClient sendData done: 
10-25 16:26:51.397   378 16251 D SocketClient: SocketClient sendData done: 
10-25 16:26:51.397   378 16251 D SocketClient: SocketClient sendData done: 
10-25 16:26:51.397   378 16251 D SocketClient: SocketClient sendData done: 
10-25 16:26:51.397   378 16251 D SocketClient: SocketClient sendData done: 
10-25 16:26:51.397   378 16251 D SocketClient: SocketClient sendData done: 
10-25 16:26:51.397   378 16251 D SocketClient: SocketClient sendData done: 
10-25 16:26:51.397   378 16251 D SocketClient: SocketClient sendData done: 
10-25 16:26:51.397   378 16251 D SocketClient: SocketClient sendData done: 
10-25 16:26:51.397   378 16251 D SocketClient: SocketClient sendData done: 
10-25 16:26:51.397   378 16251 D SocketClient: SocketClient sendData done: 
10-25 16:26:51.397   378 16251 D SocketClient: SocketClient sendData done: 
10-25 16:26:51.397   378 16251 D SocketClient: SocketClient sendData done: 
10-25 16:26:51.409   378 16243 D SocketClient: SocketClient sendData done: 
10-25 16:26:51.412   378 16243 D SocketClient: SocketClient sendData done: 
10-25 16:26:51.412   378 16243 D SocketClient: SocketClient sendData done: 
10-25 16:26:51.412   378 16243 D SocketClient: SocketClient sendData done: 
10-25 16:26:51.412   378 16243 D SocketClient: SocketClient sendData done: 
10-25 16:26:51.412   378 16243 D SocketClient: SocketClient sendData done: 
10-25 16:26:51.412   378 16243 D SocketClient: SocketClient sendData done: 
10-25 16:26:51.412   378 16243 D SocketClient: SocketClient sendData done: 
10-25 16:26:51.412   378 16243 D SocketClient: SocketClient sendData done: 
10-25 16:26:51.412   378 16243 D SocketClient: SocketClient sendData done: 
10-25 16:26:51.412   378 16243 D SocketClient: SocketClient sendData done: 
10-25 16:26:51.412   378 16243 D SocketClient: SocketClient sendData done: 
10-25 16:26:51.412   378 16243 D SocketClient: SocketClient sendData done: 
10-25 16:26:51.412   378 16243 D SocketClient: SocketClient sendData done: 
10-25 16:26:51.412   378 16243 D SocketClient: SocketClient sendData done: 
10-25 16:26:51.412   378 16243 D SocketClient: SocketClient sendData done: 
10-25 16:26:51.413   378 16243 D SocketClient: SocketClient sendData done: 
10-25 16:26:51.413   378 16243 D SocketClient: SocketClient sendData done: 
10-25 16:26:51.413   378 16243 D SocketClient: SocketClient sendData done: 
10-25 16:26:51.413   378 16243 D SocketClient: SocketClient sendData done: 
10-25 16:26:51.413   378 16243 D SocketClient: SocketClient sendData done: 
10-25 16:26:51.421   378 16243 D SocketClient: SocketClient sendData done: 
10-25 16:26:51.422   378 16243 D SocketClient: SocketClient sendData done: 
10-25 16:26:51.424   378 16243 D SocketClient: SocketClient sendData done: 
10-25 16:26:51.424   378 16243 D SocketClient: SocketClient sendData done: 
10-25 16:26:51.425   378 16243 D SocketClient: SocketClient sendData done: 
10-25 16:26:51.425   378 16243 D SocketClient: SocketClient sendData done: 
10-25 16:26:51.425   378 16243 D SocketClient: SocketClient sendData done: 
10-25 16:26:51.425   378 16243 D SocketClient: SocketClient sendData done: 
10-25 16:26:51.427   378 16243 D SocketClient: SocketClient sendData done: 
10-25 16:26:51.428   378 16243 D SocketClient: SocketClient sendData done: 
10-25 16:26:51.428   378 16243 D SocketClient: SocketClient sendData done: 
10-25 16:26:51.430   378 16243 D SocketClient: SocketClient sendData done: 
10-25 16:26:51.430   378 16243 D SocketClient: SocketClient sendData done: 
10-25 16:26:51.431   378 16243 D SocketClient: SocketClient sendData done: 
10-25 16:26:51.457   378  1127 D SocketClient: SocketClient sendData done: 
10-25 16:26:51.457   378  1127 D SocketClient: SocketClient sendData done: 
10-25 16:26:52.162 16068 16068 D ActivityThread: SVC-Destroying service: com.snipermob.sdk.mobileads.service.WorkService@7bf01e7
10-25 16:26:52.165 16068 16068 D ActivityThread: SVC-STOP_SERVICE handled : 0 / android.os.BinderProxy@38173a6
10-25 16:26:52.194   892  1994 D ConnectivityService: getActiveNetworkInfo networkInfo = [type: WIFI[], state: CONNECTED/CONNECTED, reason: (unspecified), extra: "Dapl server1", roaming: false, failover: false, isAvailable: true]
10-25 16:26:52.316   892  1701 D ConnectivityService: getActiveNetworkInfo networkInfo = [type: WIFI[], state: CONNECTED/CONNECTED, reason: (unspecified), extra: "Dapl server1", roaming: false, failover: false, isAvailable: true]
10-25 16:26:52.476   892  2026 D ConnectivityService: getActiveNetworkInfo networkInfo = [type: WIFI[], state: CONNECTED/CONNECTED, reason: (unspecified), extra: "Dapl server1", roaming: false, failover: false, isAvailable: true]
10-25 16:26:52.613   892  2027 D ConnectivityService: getActiveNetworkInfo networkInfo = [type: WIFI[], state: CONNECTED/CONNECTED, reason: (unspecified), extra: "Dapl server1", roaming: false, failover: false, isAvailable: true]
10-25 16:26:52.631  4491  4491 D ActivityThread: SVC-Destroying service: com.google.android.gms.chimera.GmsIntentOperationService@9b937d8
10-25 16:26:52.635  4491  4491 D ActivityThread: SVC-STOP_SERVICE handled : 0 / android.os.BinderProxy@3e5f6bb
10-25 16:26:53.253   892   909 V BatteryService: VNOILBS mScreenOn=false level=77 mCriticalBatteryLevel=3 mNotificationLowBatteryStates=false OS_VERSION=true mNotificationChargeStates=true status=2
10-25 16:26:53.253   892   909 V BatteryService: VNOILBS set solid green
10-25 16:26:53.254   892  1426 V BatteryService: VNOILBS mScreenOn=false level=77 mCriticalBatteryLevel=3 mNotificationLowBatteryStates=false OS_VERSION=true mNotificationChargeStates=true status=2
10-25 16:26:53.254   892  1426 V BatteryService: VNOILBS set solid green
10-25 16:26:53.255   892  2025 V BatteryService: VNOILBS mScreenOn=false level=77 mCriticalBatteryLevel=3 mNotificationLowBatteryStates=false OS_VERSION=true mNotificationChargeStates=true status=2
10-25 16:26:53.255   892  2025 V BatteryService: VNOILBS set solid green
10-25 16:26:53.263   892  1283 V BatteryService: VNOILBS mScreenOn=false level=77 mCriticalBatteryLevel=3 mNotificationLowBatteryStates=false OS_VERSION=true mNotificationChargeStates=true status=2
10-25 16:26:53.263   892  1283 V BatteryService: VNOILBS set solid green
10-25 16:26:53.264   892   892 V ActivityManager: Broadcast sticky: Intent { act=android.intent.action.BATTERY_CHANGED flg=0x60000010 (has extras) } ordered=false userid=-1 callerApp=null
10-25 16:26:53.274   892   892 D WifiService: onReceive, action:android.intent.action.BATTERY_CHANGED
10-25 16:26:53.276   892  1993 V ActivityManager: Broadcast: Intent { act=com.vivo.dismiss.lowpower flg=0x10 } ordered=false userid=0 callerApp=ProcessRecord{46312ec 1245:com.android.systemui/u0a22}
--------- beginning of main
10-25 16:26:53.842 16068 16158 W System.err: 	at java.io.ObjectInputStream.readObject(ObjectInputStream.java:1940)
10-25 16:26:53.842 16068 16158 W System.err: 	at com.cootek.usage.r.a(Unknown Source)
10-25 16:26:53.842 16068 16158 W System.err: 	at com.cootek.usage.r.d(Unknown Source)
10-25 16:26:53.842 16068 16158 W System.err: 	at com.cootek.usage.r.c(Unknown Source)
10-25 16:26:53.843 16068 16158 W System.err: 	at com.cootek.usage.r$b.handleMessage(Unknown Source)
10-25 16:26:53.843 16068 16158 W System.err: 	at android.os.Handler.dispatchMessage(Handler.java:111)
10-25 16:26:53.843 16068 16158 W System.err: 	at android.os.Looper.loop(Looper.java:207)
10-25 16:26:53.843 16068 16158 W System.err: 	at android.os.HandlerThread.run(HandlerThread.java:61)
10-25 16:26:53.843 16068 16158 W System.err: java.io.StreamCorruptedException
10-25 16:26:53.843 16068 16158 W System.err: 	at java.io.ObjectInputStream.readStreamHeader(ObjectInputStream.java:2065)
10-25 16:26:53.843 16068 16158 W System.err: 	at java.io.ObjectInputStream.<init>(ObjectInputStream.java:371)
10-25 16:26:53.844 16068 16158 W System.err: 	at com.cootek.usage.r.a(Unknown Source)
10-25 16:26:53.844 16068 16158 W System.err: 	at com.cootek.usage.r.d(Unknown Source)
10-25 16:26:53.844 16068 16158 W System.err: 	at com.cootek.usage.r.c(Unknown Source)
10-25 16:26:53.844 16068 16158 W System.err: 	at com.cootek.usage.r$b.handleMessage(Unknown Source)
10-25 16:26:53.844 16068 16158 W System.err: 	at android.os.Handler.dispatchMessage(Handler.java:111)
10-25 16:26:53.844 16068 16158 W System.err: 	at android.os.Looper.loop(Looper.java:207)
10-25 16:26:53.844 16068 16158 W System.err: 	at android.os.HandlerThread.run(HandlerThread.java:61)
10-25 16:26:53.844 16068 16158 I System.out: [CDS][DNS] getAllByNameImpl netId = 0
10-25 16:26:53.856 16068 16158 I System.out: [CDS]rx timeout:1
10-25 16:26:53.856 16068 16158 I System.out: [CDS]rx timeout:1
10-25 16:26:53.856 16068 16158 D NativeCrypto: ssl=0xd91534c0 sslRead buf=0xd92f8800 len=2048,timeo=10
10-25 16:26:53.867 16068 16158 I System.out: [CDS]rx timeout:30000
10-25 16:26:53.867 16068 16158 I System.out: [CDS]rx timeout:30000
10-25 16:26:53.867 16068 16158 I System.out: [CDS]rx timeout:30000
10-25 16:26:53.867 16068 16158 I System.out: [CDS]rx timeout:30000
10-25 16:26:53.867 16068 16158 I System.out: [CDS]SO_SND_TIMEOUT:0
10-25 16:26:53.867 16068 16158 I System.out: [OkHttp] sendRequest>>
10-25 16:26:53.867 16068 16158 I System.out: [OkHttp] sendRequest<<
10-25 16:26:53.867 16068 16158 D NativeCrypto: ssl=0xd91534c0 sslWrite buf=0xd92f8800 len=1344 write_timeout_millis=0
10-25 16:26:53.871 16068 16158 D NativeCrypto: ssl=0xd91534c0 sslRead buf=0xd92f8800 len=2048,timeo=30000
10-25 16:26:54.138  2431  2438 I System  : FinalizerDaemon: finalize objects = 2064
10-25 16:26:54.450   892   892 D tethering: >>>>> Dispatching to Handler (com.android.server.storage.DeviceStorageMonitorService$1) {92b02ae} null: 1
10-25 16:26:54.450   892   892 D SettingsInterface:  from settings cache , name = sys_free_storage_log_interval , value = null
10-25 16:26:54.450   892   892 D SettingsInterface:  from settings cache , name = disk_free_change_reporting_threshold , value = null
10-25 16:26:54.451   892   892 D tethering: <<<<< Finished to Handler (com.android.server.storage.DeviceStorageMonitorService$1) {92b02ae} null
10-25 16:26:54.647   892   892 D tethering: >>>>> Dispatching to Handler (android.os.Handler) {5209c0d} com.vivo.services.engineerutile.BBKEngineerUtileService$1@d7c97c2: 0
10-25 16:26:54.648   892   892 D tethering: <<<<< Finished to Handler (android.os.Handler) {5209c0d} com.vivo.services.engineerutile.BBKEngineerUtileService$1@d7c97c2
10-25 16:26:54.873   406   406 I thermal_src: wake up function 3
10-25 16:26:54.873   406   406 I thermal_src: TA_DAEMON_CMD_GET_TPCB cmd=0x5, len=4 PCB=33000
10-25 16:26:54.873   406   406 I thermal_src: TA_DAEMON_CMD_SET_TTJ cmd=0x4, len=4 Tj=85000
10-25 16:26:54.873   406   406 I thermal_src: waiting NOTIFY from kernel...
10-25 16:26:55.114 16068 16079 I PresentationSystem: not needQuiet
10-25 16:26:55.231   296  8410 I MAL-Daemon:  (        ru_syssig_hndler,  441) [RDS-I][ru_syssig_hndler] Send Event: 688 
10-25 16:26:55.231   296  8410 I MAL-Daemon:  (        ru_syssig_hndler,  442) [RDS-I][RDS][RU][ru_syssig_hndler] ru_check_ctx_ptr<0xf5df5460, 0xf5df5460>
10-25 16:26:55.231   296  8410 W MAL-Daemon:  (    mdfx_task_send_event,  636) mdfx_task_send_event(): [ACT] should NOT enter this leagcy API!!
10-25 16:26:55.231   296  8410 I MAL-Daemon:  (    ru_send_event_entity,  373) [RDS-I][RDS][RU][ru_send_event_entity] send event 688 to 602 with ret(0)
10-25 16:26:55.232   296   615 I MAL-Daemon:  (             rds_ru_task,  463) [RDS-I][RU][rds_ru_task] RCV Event: 688 
10-25 16:26:55.244   296   615 D MAL-Daemon:  (     ru_wsl_poll_wpainfo,  662) [RDS-D][RDS][RU][ru_wsl_poll_wpainfo]socket recv pktlen(48) 
10-25 16:26:55.245   296   615 D MAL-Daemon:  (rds_ru_ws_rssi_timer_exp,  775) [RDS-D][RU][rds_ru_ws_rssi_timer_expire_hdlr][RDS] get rssi = -65, snr = 9999 
10-25 16:26:55.246   296   615 I MAL-Daemon:  (          ru_get_netstat, 5890) [RDS-I][RU][ru_get_netstat] netstat <thrghpt, pkterrt>, wifi <10409, 0%>, mobile <756, 0%>
10-25 16:26:55.246   296   615 I MAL-Daemon:  (    ru_send_event_entity,  373) [RDS-I][RDS][RU][ru_send_event_entity] send event 614 to 1233 with ret(0)
10-25 16:26:55.246  1979  2064 I MFI-Conn:  (     mfia_task_bootstrap,  944) mfia_task_bootstrap(): an event 614 incoming
10-25 16:26:55.246  1979  2084 I MFI-Conn:  (             rds_urc_hdl,  276) [RDS][rds_urc_hdl] RCV Event: 614 
10-25 16:26:55.247  1979  2084 I MFI-Conn:  (             rds_urc_hdl,  391) [RDS][IF][rds_urc_hdl] data_base update: pkterrt(0) 
10-25 16:26:56.580  1391  1544 D DataFormatter: Normal bytes 1120
10-25 16:26:56.583  1391  1544 D DataUsageService: NetSpeed 1.1K/s 
10-25 16:26:57.480   892  1839 W Watchdog: SWT Watchdog after wait current time:7293267
10-25 16:26:57.481   892  1839 D AES     : AEEIOCTL_GET/SET_SF_STATE IOCTL,cmd= 1074294797, lParam=0. 
10-25 16:26:57.481   892  1839 W Watchdog: **Get SF Time **1
10-25 16:26:57.482   892  1839 D AES     : AEEIOCTL_RT_MON_Kick IOCTL,cmd= -2147192822, lParam=300. 
10-25 16:26:57.482   892  1839 W Watchdog: SWT Watchdog before synchronized:7293269
10-25 16:26:57.483   892  1839 W Watchdog: SWT Watchdog after synchronized:7293269
10-25 16:26:57.483   892  1839 W Watchdog: SWT Watchdog before wait timeout:30000
10-25 16:26:57.483   892  1839 W Watchdog: SWT Watchdog before wait current time:7293269
10-25 16:26:57.483   892  1839 W Watchdog: SWT Watchdog before wait start:7293269
10-25 16:26:57.483   892  1839 W Watchdog: SWT Watchdog before wait CHECK_INTERVAL:30000
10-25 16:26:57.650   892   892 D tethering: >>>>> Dispatching to Handler (android.os.Handler) {5209c0d} com.vivo.services.engineerutile.BBKEngineerUtileService$1@d7c97c2: 0
10-25 16:26:57.650   892   892 D tethering: <<<<< Finished to Handler (android.os.Handler) {5209c0d} com.vivo.services.engineerutile.BBKEngineerUtileService$1@d7c97c2
10-25 16:26:57.751 16068 16075 I System  : FinalizerDaemon: finalize objects = 4702
10-25 16:26:58.114 16068 16210 I PresentationSystem: not needQuiet
10-25 16:26:58.231   296  8410 I MAL-Daemon:  (        ru_syssig_hndler,  441) [RDS-I][ru_syssig_hndler] Send Event: 688 
10-25 16:26:58.231   296  8410 I MAL-Daemon:  (        ru_syssig_hndler,  442) [RDS-I][RDS][RU][ru_syssig_hndler] ru_check_ctx_ptr<0xf5df5460, 0xf5df5460>
10-25 16:26:58.231   296  8410 W MAL-Daemon:  (    mdfx_task_send_event,  636) mdfx_task_send_event(): [ACT] should NOT enter this leagcy API!!
10-25 16:26:58.231   296  8410 I MAL-Daemon:  (    ru_send_event_entity,  373) [RDS-I][RDS][RU][ru_send_event_entity] send event 688 to 602 with ret(0)
10-25 16:26:58.232   296   615 I MAL-Daemon:  (             rds_ru_task,  463) [RDS-I][RU][rds_ru_task] RCV Event: 688 
10-25 16:26:58.235   296   615 D MAL-Daemon:  (     ru_wsl_poll_wpainfo,  662) [RDS-D][RDS][RU][ru_wsl_poll_wpainfo]socket recv pktlen(48) 
10-25 16:26:58.235   296   615 D MAL-Daemon:  (rds_ru_ws_rssi_timer_exp,  775) [RDS-D][RU][rds_ru_ws_rssi_timer_expire_hdlr][RDS] get rssi = -66, snr = 9999 
10-25 16:26:58.235   296   615 I MAL-Daemon:  (  ru_wsl_wifi_status_ind,  757) [RDS-I][RDS][RU][ru_wsl_wifi_status_ind] ru_check_ctx_ptr<0xf5df5460, 0xf5df5460>
10-25 16:26:58.235   296   615 W MAL-Daemon:  (    mdfx_task_send_event,  636) mdfx_task_send_event(): [ACT] should NOT enter this leagcy API!!
10-25 16:26:58.235   296   615 I MAL-Daemon:  (    ru_send_event_entity,  373) [RDS-I][RDS][RU][ru_send_event_entity] send event 604 to 602 with ret(0)
10-25 16:26:58.236   296   615 I MAL-Daemon:  (          ru_get_netstat, 5890) [RDS-I][RU][ru_get_netstat] netstat <thrghpt, pkterrt>, wifi <243, 0%>, mobile <756, 0%>
10-25 16:26:58.237   296   615 I MAL-Daemon:  (    ru_send_event_entity,  373) [RDS-I][RDS][RU][ru_send_event_entity] send event 614 to 1233 with ret(0)
10-25 16:26:58.237   296   615 I MAL-Daemon:  (             rds_ru_task,  463) [RDS-I][RU][rds_ru_task] RCV Event: 604 
10-25 16:26:58.237   296   615 I MAL-Daemon:  (  rds_ru_wifi_status_ind, 1421) [RDS-I][RU][EVENT_RU_WS_WIFI_STATUS_IND] fgwifi_en:1(no use) i4wifirssi:0xffffffbe i4wifisnr:0x270f
10-25 16:26:58.237   296   615 I MAL-Daemon:  (    ru_send_event_entity,  373) [RDS-I][RDS][RU][ru_send_event_entity] send event 615 to 1233 with ret(0)
10-25 16:26:58.237   296   615 I MAL-Daemon:  (          rds_ru_rpl_gen, 5456) [RDS-I][RU][rds_ru_rpl_gen][RDS][OP147] TYPE : <0>, UI Policy : <3>, RDS Policy : <3>
10-25 16:26:58.237   296   615 I MAL-Daemon:  (      rds_cell_only_orng, 3804) [RDS-I][RU][RDS IMS/MMS][rds_cell_only_orng] 
10-25 16:26:58.237   296   615 I MAL-Daemon:  (          rds_ru_rpl_gen, 5467) [RDS-I][RU][rds_ru_rpl_gen][RDS][OP147] TYPE : <0>, RAN1 : <1> ,RAN2 : <254>
10-25 16:26:58.237   296   615 I MAL-Daemon:  (          rds_ru_rpl_gen, 5456) [RDS-I][RU][rds_ru_rpl_gen][RDS][OP147] TYPE : <1>, UI Policy : <3>, RDS Policy : <3>
10-25 16:26:58.237   296   615 I MAL-Daemon:  (      rds_cell_only_orng, 3804) [RDS-I][RU][RDS IMS/MMS][rds_cell_only_orng] 
10-25 16:26:58.237   296   615 I MAL-Daemon:  (          rds_ru_rpl_gen, 5467) [RDS-I][RU][rds_ru_rpl_gen][RDS][OP147] TYPE : <1>, RAN1 : <1> ,RAN2 : <254>
10-25 16:26:58.237   296   615 I MAL-Daemon:  (          rds_ru_rpl_gen, 5456) [RDS-I][RU][rds_ru_rpl_gen][RDS][OP147] TYPE : <2>, UI Policy : <3>, RDS Policy : <3>
10-25 16:26:58.237   296   615 I MAL-Daemon:  (      rds_cell_only_orng, 3804) [RDS-I][RU][RDS IMS/MMS][rds_cell_only_orng] 
10-25 16:26:59.093   892   928 V ActivityManager: Broadcast: Intent { act=android.os.action.POWER_SAVE_TEMP_WHITELIST_CHANGED flg=0x40000010 } ordered=false userid=0 callerApp=ProcessRecord{a11efa8 892:system/1000}
10-25 16:26:59.094   892   928 D NetworkManagement: oldRule = 0, newRule=0 for uid=10010
10-25 16:26:59.094   892   928 D NetworkManagement: !!!!! Skipping change
10-25 16:27:00.001   892  1142 D DataShapingService: Alarm manager openLteDataUpLinkGate: false
10-25 16:27:00.001   892  1142 V AlarmManager: openLteGateSuccess = false
10-25 16:27:00.001   892  1142 V ActivityManager: Broadcast: Intent { act=android.intent.action.TIME_TICK flg=0x50000114 (has extras) } ordered=true userid=-1 callerApp=null
10-25 16:27:00.008   892   892 V AlarmManager: isPowerSavingStart  mIsEnabled = true   mIsUsbConnected = true   mScreenOff = true   mIsWFDConnected = false
10-25 16:27:00.008   892   892 D ActivityThread: BDC-Calling finishReceiver: IIntentReceiver=1a168ff
10-25 16:27:00.011   892   892 V AlarmManager: mSupportAlarmGrouping = true  mAmPlus = com.mediatek.amplus.AlarmManagerPlus@90e11b8
10-25 16:27:00.017   892   892 D ActivityThread: BDC-Calling finishReceiver: IIntentReceiver=40753b8
10-25 16:27:00.018  1245  1245 D ActivityThread: BDC-Calling finishReceiver: IIntentReceiver=73b7131
10-25 16:27:00.028  1409  1409 D ActivityThread: BDC-Calling finishReceiver: IIntentReceiver=c36549a
10-25 16:27:00.056  1245  1245 D ActivityThread: BDC-Calling finishReceiver: IIntentReceiver=182b84
10-25 16:27:00.058  1245  1245 D ActivityThread: BDC-Calling finishReceiver: IIntentReceiver=3a4ef6d
10-25 16:27:00.062  1245  1245 D ActivityThread: BDC-Calling finishReceiver: IIntentReceiver=97b57a2
10-25 16:27:00.064  1245  1245 D ActivityThread: BDC-Calling finishReceiver: IIntentReceiver=783dc33
10-25 16:27:00.085  1245  1245 D ActivityThread: BDC-Calling finishReceiver: IIntentReceiver=2ae7bf0
10-25 16:27:00.086  1245  1245 D ActivityThread: BDC-Calling finishReceiver: IIntentReceiver=9ae1569
10-25 16:27:00.106  1245  1245 D ActivityThread: BDC-Calling finishReceiver: IIntentReceiver=1db4bee
10-25 16:27:00.125  1245  1245 D ActivityThread: BDC-Calling finishReceiver: IIntentReceiver=396088f
10-25 16:27:00.126  2009  2009 D ActivityThread: BDC-Calling finishReceiver: IIntentReceiver=dd5e681
10-25 16:27:00.135  1245  1245 D ActivityThread: BDC-Calling finishReceiver: IIntentReceiver=b17671c
10-25 16:27:00.137  7055  7055 D ActivityThread: BDC-Calling finishReceiver: IIntentReceiver=f120b50
10-25 16:27:00.139  7055  7055 D ActivityThread: BDC-Calling finishReceiver: IIntentReceiver=a016149
10-25 16:27:00.142  7055  7055 D ActivityThread: BDC-Calling finishReceiver: IIntentReceiver=5b0da4e
10-25 16:27:00.150 13396 13396 D ActivityThread: BDC-Calling finishReceiver: IIntentReceiver=33ba970
10-25 16:27:00.153   892   892 D AlarmManager: onSendFinished begin
10-25 16:27:01.081  4491  4491 D ActivityThread: SVC-Calling onStartCommand: com.google.android.gms.chimera.GmsBoundBrokerService@b5778ec, flags=0, startId=3
10-25 16:27:01.103  4491  4491 D ActivityThread: SVC-SERVICE_ARGS handled : 0 / ServiceArgsData{token=android.os.BinderProxy@c86ff9f startId=3 args=Intent { cmp=com.google.android.gms/.chimera.GmsBoundBrokerService }}
10-25 16:27:02.575   892  1700 V ActivityManager: Broadcast: Intent { act=com.google.android.gms.gcm.ACTION_SCHEDULE flg=0x10 pkg=com.google.android.gms (has extras) } ordered=false userid=0 callerApp=ProcessRecord{cbb8ef4 4491:com.google.android.gms/u0a10}
10-25 16:27:02.582  2389  2389 D ActivityThread: BDC-Calling onReceive: intent=Intent { act=com.google.android.gms.gcm.ACTION_SCHEDULE flg=0x10 pkg=com.google.android.gms cmp=com.google.android.gms/.gcm.nts.SchedulerReceiver (has extras) }, receiver=com.google.android.gms.gcm.nts.SchedulerReceiver@4ffc3ea
10-25 16:27:02.589  2389  2389 D ActivityThread: BDC-RECEIVER handled : 0 / ReceiverData{intent=Intent { act=com.google.android.gms.gcm.ACTION_SCHEDULE flg=0x10 pkg=com.google.android.gms cmp=com.google.android.gms/.gcm.nts.SchedulerReceiver (has extras) } packageName=com.google.android.gms resultCode=-1 resultData=null resultExtras=null}
10-25 16:27:02.603   892  1426 D ConnectivityService: getActiveNetworkInfo networkInfo = [type: WIFI[], state: CONNECTED/CONNECTED, reason: (unspecified), extra: "Dapl server1", roaming: false, failover: false, isAvailable: true]
10-25 16:27:02.619   892  1993 D ConnectivityService: getActiveNetworkInfo networkInfo = [type: WIFI[], state: CONNECTED/CONNECTED, reason: (unspecified), extra: "Dapl server1", roaming: false, failover: false, isAvailable: true]
10-25 16:27:02.620   892  1701 I NetworkIdentity: buildNetworkIdentity:
10-25 16:27:02.620  4491 16298 D libc-netbsd: getaddrinfo( app_uid:10010
10-25 16:27:02.620   892  1701 I NetworkIdentity: networkId = Dapl server1
10-25 16:27:02.620  4491 16298 D libc-netbsd: getaddrinfo() uid prop:
10-25 16:27:02.620  4491 16298 D libc-netbsd: getaddrinfo() getuid():10010
10-25 16:27:02.620  4491 16298 D libc-netbsd: [getaddrinfo]: mtk ai_addrlen=0; ai_canonname=(null); ai_flags=4; ai_family=0
10-25 16:27:02.621  4491 16298 D libc-netbsd: [getaddrinfo]: mtk hostname=app-measurement.com; servname=(null); netid=0; mark=0
10-25 16:27:02.621  4491 16298 D libc-netbsd: getaddrinfo( app_uid:10010
10-25 16:27:02.621  4491 16298 D libc-netbsd: getaddrinfo() uid prop:
10-25 16:27:02.621  4491 16298 D libc-netbsd: getaddrinfo() getuid():10010
10-25 16:27:02.621  4491 16298 D libc-netbsd: [getaddrinfo]: mtk ai_addrlen=0; ai_canonname=(null); ai_flags=1024; ai_family=0
10-25 16:27:02.622   378  1124 D FrameworkListener: dispatchCommand data = (getaddrinfo app-measurement.com ^ 1024 0 1 0 0)
10-25 16:27:02.622   378 16299 D libc-netbsd: [getaddrinfo]: mtk hostname=app-measurement.com; servname=(null); netid=1001; mark=1001
10-25 16:27:02.623   378 16299 D libc-netbsd: getaddrinfo( app_uid:0
10-25 16:27:02.623   378 16299 D libc-netbsd: [getaddrinfo]: mtk ai_addrlen=0; ai_canonname=(null); ai_flags=1024; ai_family=0
10-25 16:27:02.623   378 16299 D libc-netbsd: getaddrinfo: app-measurement.com get result from proxy gai_error = 11
10-25 16:27:02.623   892   921 V AlarmAlign: remove pkg = com.google.android.gms, action = com.google.android.gms.gcm.ACTION_CHECK_QUEUE
10-25 16:27:02.623   378 16299 D libc-netbsd: default dns: query_ipv6=0, query_ipv4=1
10-25 16:27:02.624   378 16299 D libc-netbsd: res_queryN name = app-measurement.com, class = 1, type = 1
10-25 16:27:02.624   378 16299 D libc-netbsd: netid=1001, dns0:192.168.45.1
10-25 16:27:02.624   378 16299 D libc-netbsd: netid=1001, dns1:8.8.8.8
10-25 16:27:02.624   378 16299 D libc-netbsd: netid=1001, dns2:114.114.114.114
10-25 16:27:02.624   892   921 D AlarmManager:  alarm = Alarm{bc65db3 type 2 when 7327044 com.google.android.gms} add to Batch{6c8eb0 num=1 start=7311356 end=7986356}
10-25 16:27:02.624   892   921 D AlarmManager:  alarm = Alarm{20b2e90 type 2 when 8042403 com.google.android.gms} add to Batch{dd29129 num=1 start=7231709 end=8581709 flgs=0x8}
10-25 16:27:02.625   892   921 D AlarmManager:  alarm = Alarm{b1c9bfc type 2 when 11290141 android} add to Batch{9987cae num=1 start=10835150 end=13535150}
10-25 16:27:02.631   892  1283 D SettingsInterface:  from settings cache , name = network_scorer_app , value = null
10-25 16:27:02.635   892  1994 D SettingsInterface:  from settings cache , name = network_scorer_app , value = null
10-25 16:27:02.638   892  1701 D SettingsInterface:  from settings cache , name = network_scorer_app , value = null
10-25 16:27:02.641   892  2027 D SettingsInterface:  from settings cache , name = network_scorer_app , value = null
10-25 16:27:02.645   892   921 D SettingsInterface:  from settings cache , name = network_scorer_app , value = null
10-25 16:27:02.648   892  2006 V AlarmAlign: addAlarm pkg = com.google.android.gms, action = com.google.android.gms.gcm.ACTION_CHECK_QUEUE, whenElapsed = 7331039
10-25 16:27:02.847   892  1130 I PackageManager: VIVO_DELAY_DEXOPT: packageName=com.google.android.configupdater
10-25 16:27:02.960   378 16299 D libc-netbsd: res_queryN name = app-measurement.com succeed
10-25 16:27:02.960   378 16299 D SocketClient: SocketClient sendData done: 222
10-25 16:27:02.960   378 16299 D SocketClient: SocketClient sendData done: 
10-25 16:27:02.960   378 16299 D SocketClient: SocketClient sendData done: 
10-25 16:27:02.960   378 16299 D SocketClient: SocketClient sendData done: 
10-25 16:27:02.960   378 16299 D SocketClient: SocketClient sendData done: 
10-25 16:27:02.960   378 16299 D SocketClient: SocketClient sendData done: 
10-25 16:27:02.960   378 16299 D SocketClient: SocketClient sendData done: 
10-25 16:27:02.960   378 16299 D SocketClient: SocketClient sendData done: 
10-25 16:27:02.960   378 16299 D SocketClient: SocketClient sendData done: 
10-25 16:27:02.960   378 16299 D SocketClient: SocketClient sendData done: 
10-25 16:27:02.964  4491 16298 D libc-netbsd: getaddrinfo: app-measurement.com get result from proxy gai_error = 0
10-25 16:27:02.965  4491 16298 I System.out: [CDS]rx timeout:61000
10-25 16:27:02.965  4491 16298 I System.out: [socket][10] connection app-measurement.com/172.217.163.78:443;LocalPort=49689(60000)
10-25 16:27:02.965  4491 16298 I System.out: [CDS]connect[app-measurement.com/172.217.163.78:443] tm:60
10-25 16:27:02.965  4491 16298 D Posix   : [Posix_connect Debug]Process com.google.android.gms :443 
10-25 16:27:02.968   378  1127 D SocketClient: SocketClient sendData done: 
10-25 16:27:03.020  4491 16298 I System.out: [socket][/192.168.45.12:49689] connected
10-25 16:27:03.144  4491 16298 I System.out: [CDS]rx timeout:61000
10-25 16:27:03.145  4491 16298 I System.out: [CDS]SO_SND_TIMEOUT:0
10-25 16:27:03.145  4491 16298 I System.out: [OkHttp] sendRequest>>
10-25 16:27:03.145  4491 16298 I System.out: [OkHttp] sendRequest<<
10-25 16:27:03.226   406   406 I thermal_src: wake up function 3
10-25 16:27:03.226   406   406 I thermal_src: TA_DAEMON_CMD_GET_TPCB cmd=0x5, len=4 PCB=32000
10-25 16:27:03.226   406   406 I thermal_src: TA_DAEMON_CMD_SET_TTJ cmd=0x4, len=4 Tj=85000
10-25 16:27:03.226   406   406 I thermal_src: waiting NOTIFY from kernel...
10-25 16:27:03.226  2395  2415 D FRR     : buff=0x7fac4f2240, len=191
10-25 16:27:03.227  2395  2415 D FRR     : uevent[0]=0x7fac4f2240, len=48, "change@/devices/platform/battery/power_supply/ac"
10-25 16:27:03.227  2395  2415 D FRR     : voteFps(60, 0)
10-25 16:27:03.227  2395  2415 D FRR     : ThermalListener loop:
10-25 16:27:03.227  2395  2415 D FRR     : buff=0x7fac4f2240, len=194
10-25 16:27:03.227  2395  2415 D FRR     : uevent[0]=0x7fac4f2240, len=49, "change@/devices/platform/battery/power_supply/usb"
10-25 16:27:03.227  2395  2415 D FRR     : voteFps(60, 0)
10-25 16:27:03.227  2395  2415 D FRR     : ThermalListener loop:
10-25 16:27:03.228   892   908 V BatteryService: VNOILBS mScreenOn=false level=77 mCriticalBatteryLevel=3 mNotificationLowBatteryStates=false OS_VERSION=true mNotificationChargeStates=true status=2
10-25 16:27:03.228   892   908 V BatteryService: VNOILBS set solid green
10-25 16:27:03.229  2395  2415 D FRR     : buff=0x7fac4f2240, len=209
10-25 16:27:03.229  2395  2415 D FRR     : uevent[0]=0x7fac4f2240, len=54, "change@/devices/platform/battery/power_supply/wireless"
10-25 16:27:03.229  2395  2415 D FRR     : voteFps(60, 0)
10-25 16:27:03.229  2395  2415 D FRR     : ThermalListener loop:
10-25 16:27:03.229   892   909 D BatteryService: mBatteryVoltage=4141, batteryLevel=50
10-25 16:27:03.229   892   909 V BatteryService: VNOILBS mScreenOn=false level=77 mCriticalBatteryLevel=3 mNotificationLowBatteryStates=false OS_VERSION=true mNotificationChargeStates=true status=2
10-25 16:27:03.229   892   909 V BatteryService: VNOILBS set solid green
10-25 16:27:03.229   892   892 D tethering: >>>>> Dispatching to Handler (android.os.Handler) {3ce9e4} com.android.server.BatteryService$10@87e4a4f: 0
10-25 16:27:03.230   892   892 V ActivityManager: Broadcast sticky: Intent { act=android.intent.action.BATTERY_CHANGED flg=0x60000010 (has extras) } ordered=false userid=-1 callerApp=null
10-25 16:27:03.230   892  1426 V BatteryService: VNOILBS mScreenOn=false level=77 mCriticalBatteryLevel=3 mNotificationLowBatteryStates=false OS_VERSION=true mNotificationChargeStates=true status=2
10-25 16:27:03.230   892  1426 V BatteryService: VNOILBS set solid green
10-25 16:27:03.230   892   892 D tethering: <<<<< Finished to Handler (android.os.Handler) {3ce9e4} com.android.server.BatteryService$10@87e4a4f
10-25 16:27:03.231   892   892 D tethering: >>>>> Dispatching to Handler (android.app.ActivityThread$H) {c3a6cda} android.app.LoadedApk$ReceiverDispatcher$Args@83e5dc: 0
10-25 16:27:03.231   892   892 D tethering: <<<<< Finished to Handler (android.app.ActivityThread$H) {c3a6cda} android.app.LoadedApk$ReceiverDispatcher$Args@83e5dc
10-25 16:27:03.231   892   892 D tethering: >>>>> Dispatching to Handler (android.app.ActivityThread$H) {c3a6cda} android.app.LoadedApk$ReceiverDispatcher$Args@c5a16e5: 0
10-25 16:27:03.231   892   892 D tethering: <<<<< Finished to Handler (android.app.ActivityThread$H) {c3a6cda} android.app.LoadedApk$ReceiverDispatcher$Args@c5a16e5
10-25 16:27:03.231   892   892 D tethering: >>>>> Dispatching to Handler (android.app.ActivityThread$H) {c3a6cda} android.app.LoadedApk$ReceiverDispatcher$Args@f73b5ba: 0
10-25 16:27:03.231   892   892 D FeatureService: onReceive action android.intent.action.BATTERY_CHANGED
10-25 16:27:03.231   892   892 D tethering: <<<<< Finished to Handler (android.app.ActivityThread$H) {c3a6cda} android.app.LoadedApk$ReceiverDispatcher$Args@f73b5ba
10-25 16:27:03.231  1245  1245 D KeyguardUpdateMonitor: received broadcast android.intent.action.BATTERY_CHANGED
10-25 16:27:03.231   892   892 D tethering: >>>>> Dispatching to Handler (android.app.ActivityThread$H) {c3a6cda} android.app.LoadedApk$ReceiverDispatcher$Args@d7f3c6b: 0
10-25 16:27:03.231   892   892 D tethering: <<<<< Finished to Handler (android.app.ActivityThread$H) {c3a6cda} android.app.LoadedApk$ReceiverDispatcher$Args@d7f3c6b
10-25 16:27:03.231  1245  1245 D KeyguardUpdateMonitor: handleBatteryUpdate
10-25 16:27:03.231   892   892 D tethering: >>>>> Dispatching to Handler (android.app.ActivityThread$H) {c3a6cda} android.app.LoadedApk$ReceiverDispatcher$Args@95783c8: 0
10-25 16:27:03.232   892   892 D WifiService: onReceive, action:android.intent.action.BATTERY_CHANGED
10-25 16:27:03.232   892   892 D tethering: <<<<< Finished to Handler (android.app.ActivityThread$H) {c3a6cda} android.app.LoadedApk$ReceiverDispatcher$Args@95783c8
10-25 16:27:03.232   892   892 D tethering: >>>>> Dispatching to Handler (android.app.ActivityThread$H) {c3a6cda} android.app.LoadedApk$ReceiverDispatcher$Args@91a3c61: 0
10-25 16:27:03.232   892  1161 D WifiController: DeviceActiveState{ when=-1ms what=155652 arg1=2 target=com.android.internal.util.StateMachine$SmHandler }
10-25 16:27:03.232   892   892 D tethering: <<<<< Finished to Handler (android.app.ActivityThread$H) {c3a6cda} android.app.LoadedApk$ReceiverDispatcher$Args@91a3c61
10-25 16:27:03.232   892  1161 D WifiController: StaEnabledState{ when=-1ms what=155652 arg1=2 target=com.android.internal.util.StateMachine$SmHandler }
10-25 16:27:03.232   892  1161 D WifiController: DefaultState{ when=-1ms what=155652 arg1=2 target=com.android.internal.util.StateMachine$SmHandler }
10-25 16:27:03.232  1409  1409 I WarningMessage: receiver: action isandroid.intent.action.BATTERY_CHANGED mBatteryPowerConnetDialog=true mShowChargerOverVoltageDialog=true
10-25 16:27:03.232   892  1161 D WifiController: battery changed pluggedType: 2
10-25 16:27:03.232   892  1161 D WifiController: wifiSleepPolicy:2
10-25 16:27:03.232   892  1161 D WifiController: wifiSleepPolicy:2
10-25 16:27:03.232  1409  1409 D DeviceListener: ++onReceive++:android.intent.action.BATTERY_CHANGED
10-25 16:27:03.232  1409  1409 D DeviceListener: onReceiveandroid.intent.action.BATTERY_CHANGED
10-25 16:27:03.232  1409  1409 I UsbDeviceManagerService: mUsbReceiver action:android.intent.action.BATTERY_CHANGED mConnected:false mLastConnected:false
10-25 16:27:03.233  1409  1409 I UsbDeviceManagerService: mUsbReceiver ACTION_BATTERY_CHANGED plugType:2 FEATURE_FAST_CHARGE:false mRomVersion:3.0 isSysBootCompleted:true mLastBatteryPlug:false mBatteryPlug:false
10-25 16:27:03.234  2722  2722 D _V_BBKMusic/MusicService: ========action = android.intent.action.BATTERY_CHANGED
10-25 16:27:03.234  1245  1245 I BatteryController: SystemUI|status = 2, mLastStatus = 2, mPluggedIn = true, mLastPluggedIn = true
10-25 16:27:03.235  1245  1245 I BatteryController: SystemUI|mLevel = 77, mLastLevel = 77
10-25 16:27:03.235  2009  2009 D SwitcherUpdateMonitor: receive broadcast, action = android.intent.action.BATTERY_CHANGED
10-25 16:27:03.236   892  1283 V ActivityManager: Broadcast: Intent { act=com.vivo.dismiss.lowpower flg=0x10 } ordered=false userid=0 callerApp=ProcessRecord{46312ec 1245:com.android.systemui/u0a22}
10-25 16:27:03.237  2395  2415 D FRR     : buff=0x7fac4f2240, len=963
10-25 16:27:03.237  2395  2415 D FRR     : uevent[0]=0x7fac4f2240, len=53, "change@/devices/platform/battery/power_supply/battery"
10-25 16:27:03.237  2395  2415 D FRR     : voteFps(60, 0)
10-25 16:27:03.237  2395  2415 D FRR     : ThermalListener loop:
10-25 16:27:03.238   892  2022 V BatteryService: VNOILBS mScreenOn=false level=77 mCriticalBatteryLevel=3 mNotificationLowBatteryStates=false OS_VERSION=true mNotificationChargeStates=true status=2
10-25 16:27:03.238   892  2022 V BatteryService: VNOILBS set solid green
10-25 16:27:03.281  4491 16224 D SQLiteDatabase: beginTransaction()
10-25 16:27:03.296  4491 16224 D SQLiteDatabase: beginTransaction()
10-25 16:27:03.301  4491 16224 D SQLiteDatabase: endTransaction()
10-25 16:27:03.308   892  2025 D ConnectivityService: getActiveNetworkInfo networkInfo = [type: WIFI[], state: CONNECTED/CONNECTED, reason: (unspecified), extra: "Dapl server1", roaming: false, failover: false, isAvailable: true]
10-25 16:27:03.312   892  1994 D ConnectivityService: getActiveNetworkInfo networkInfo = [type: WIFI[], state: CONNECTED/CONNECTED, reason: (unspecified), extra: "Dapl server1", roaming: false, failover: false, isAvailable: true]
10-25 16:27:03.313  4491 16224 D SQLiteDatabase: beginTransaction()
10-25 16:27:03.321  4491  4499 I System  : FinalizerDaemon: finalize objects = 4424
10-25 16:27:03.325   892  2026 I AccountManagerService: getTypesVisibleToCaller: isPermitted? true
10-25 16:27:03.329  2389  2389 D ActivityThread: SVC-Creating service: CreateServiceData{token=android.os.BinderProxy@ab23578 className=com.google.android.gms.auth.account.authenticator.GoogleAccountAuthenticatorService packageName=com.google.android.gms intent=null}
10-25 16:27:03.336  2389  2389 W ChimeraUtils: Non Chimera context
10-25 16:27:03.342  2389  2389 D ActivityThread: SVC-CREATE_SERVICE handled : 0 / CreateServiceData{token=android.os.BinderProxy@ab23578 className=com.google.android.gms.auth.account.authenticator.GoogleAccountAuthenticatorService packageName=com.google.android.gms intent=null}
10-25 16:27:03.342  2389  2389 V ActivityThread: handleBindService s=com.google.android.gms.auth.account.authenticator.GoogleAccountAuthenticatorService@4c0e642 rebind=false
10-25 16:27:03.344   892   892 D tethering: >>>>> Dispatching to Handler (android.app.ActivityThread$H) {c3a6cda} android.app.LoadedApk$ServiceDispatcher$RunConnection@8d903e0: 0
10-25 16:27:03.344   892   892 D tethering: <<<<< Finished to Handler (android.app.ActivityThread$H) {c3a6cda} android.app.LoadedApk$ServiceDispatcher$RunConnection@8d903e0
10-25 16:27:03.345  2389  2389 D ActivityThread: SVC-BIND_SERVICE handled : 0 / BindServiceData{token=android.os.BinderProxy@ab23578 intent=Intent { act=android.accounts.AccountAuthenticator cmp=com.google.android.gms/.auth.account.authenticator.GoogleAccountAuthenticatorService }}
10-25 16:27:03.351  2389  2389 D ActivityThread: SVC-UNBIND_SERVICE handled : 0 / BindServiceData{token=android.os.BinderProxy@ab23578 intent=Intent { act=android.accounts.AccountAuthenticator cmp=com.google.android.gms/.auth.account.authenticator.GoogleAccountAuthenticatorService }}
10-25 16:27:03.352  2389  2389 D ActivityThread: SVC-Destroying service: com.google.android.gms.auth.account.authenticator.GoogleAccountAuthenticatorService@4c0e642
10-25 16:27:03.352  2389  2389 D ActivityThread: SVC-STOP_SERVICE handled : 0 / android.os.BinderProxy@ab23578
10-25 16:27:03.353   892  2022 I AccountManagerService: getTypesVisibleToCaller: isPermitted? true
10-25 16:27:03.357  2389  2389 D ActivityThread: SVC-Creating service: CreateServiceData{token=android.os.BinderProxy@ab96c89 className=com.google.android.gms.auth.account.authenticator.GoogleAccountAuthenticatorService packageName=com.google.android.gms intent=null}
10-25 16:27:03.361  2389  2389 W ChimeraUtils: Non Chimera context
10-25 16:27:03.366  2389  2389 D ActivityThread: SVC-CREATE_SERVICE handled : 0 / CreateServiceData{token=android.os.BinderProxy@ab96c89 className=com.google.android.gms.auth.account.authenticator.GoogleAccountAuthenticatorService packageName=com.google.android.gms intent=null}
10-25 16:27:03.366  2389  2389 V ActivityThread: handleBindService s=com.google.android.gms.auth.account.authenticator.GoogleAccountAuthenticatorService@afb248e rebind=false
10-25 16:27:03.368   892   892 D tethering: >>>>> Dispatching to Handler (android.app.ActivityThread$H) {c3a6cda} android.app.LoadedApk$ServiceDispatcher$RunConnection@2578355: 0
10-25 16:27:03.368   892   892 D tethering: <<<<< Finished to Handler (android.app.ActivityThread$H) {c3a6cda} android.app.LoadedApk$ServiceDispatcher$RunConnection@2578355
10-25 16:27:03.368  2389  2389 D ActivityThread: SVC-BIND_SERVICE handled : 0 / BindServiceData{token=android.os.BinderProxy@ab96c89 intent=Intent { act=android.accounts.AccountAuthenticator cmp=com.google.android.gms/.auth.account.authenticator.GoogleAccountAuthenticatorService }}
10-25 16:27:03.375  2389  2389 D ActivityThread: SVC-UNBIND_SERVICE handled : 0 / BindServiceData{token=android.os.BinderProxy@ab96c89 intent=Intent { act=android.accounts.AccountAuthenticator cmp=com.google.android.gms/.auth.account.authenticator.GoogleAccountAuthenticatorService }}
10-25 16:27:03.375  2389  2389 D ActivityThread: SVC-Destroying service: com.google.android.gms.auth.account.authenticator.GoogleAccountAuthenticatorService@afb248e
10-25 16:27:03.377  2389  2389 D ActivityThread: SVC-STOP_SERVICE handled : 0 / android.os.BinderProxy@ab96c89
10-25 16:27:03.392  4491 16224 D SQLiteDatabase: endTransaction()
10-25 16:27:03.398  4491 16224 D SQLiteDatabase: endTransaction()
10-25 16:27:03.403  4491 16298 I System.out: [CDS]rx timeout:1
10-25 16:27:03.414  4491 16298 I System.out: [CDS]rx timeout:61000
10-25 16:27:03.414  4491 16298 I System.out: [CDS]rx timeout:61000
10-25 16:27:03.414  4491 16298 I System.out: [CDS]SO_SND_TIMEOUT:0
10-25 16:27:03.414  4491 16298 I System.out: [OkHttp] sendRequest<<
10-25 16:27:03.628   409   409 I thermal_repeater: oh, queryMdThermalInfo (0)No such file or directory
10-25 16:27:03.640   409   409 I thermal_repeater: [recvMdThermalInfo] ret=25, strLen=127,  3, 38, -127, 0, 32767, 1
10-25 16:27:03.652   892   892 D tethering: >>>>> Dispatching to Handler (android.os.Handler) {5209c0d} com.vivo.services.engineerutile.BBKEngineerUtileService$1@d7c97c2: 0
10-25 16:27:03.652   892   892 D tethering: <<<<< Finished to Handler (android.os.Handler) {5209c0d} com.vivo.services.engineerutile.BBKEngineerUtileService$1@d7c97c2
10-25 16:27:03.732   892  2025 D ConnectivityService: getActiveNetworkInfo networkInfo = [type: WIFI[], state: CONNECTED/CONNECTED, reason: (unspecified), extra: "Dapl server1", roaming: false, failover: false, isAvailable: true]
10-25 16:27:03.735   892  1994 V AlarmAlign: remove pkg = com.google.android.gms, action = com.google.android.gms.measurement.UPLOAD
10-25 16:27:03.742   892   921 V ActivityManager: Broadcast: Intent { act=com.google.android.gms.gcm.ACTION_SCHEDULE flg=0x10 pkg=com.google.android.gms (has extras) } ordered=false userid=0 callerApp=ProcessRecord{cbb8ef4 4491:com.google.android.gms/u0a10}
10-25 16:27:03.748  2389  2389 D ActivityThread: BDC-Calling onReceive: intent=Intent { act=com.google.android.gms.gcm.ACTION_SCHEDULE flg=0x10 pkg=com.google.android.gms cmp=com.google.android.gms/.gcm.nts.SchedulerReceiver (has extras) }, receiver=com.google.android.gms.gcm.nts.SchedulerReceiver@5e604af
10-25 16:27:03.749  2389  2389 D ActivityThread: BDC-RECEIVER handled : 0 / ReceiverData{intent=Intent { act=com.google.android.gms.gcm.ACTION_SCHEDULE flg=0x10 pkg=com.google.android.gms cmp=com.google.android.gms/.gcm.nts.SchedulerReceiver (has extras) } packageName=com.google.android.gms resultCode=-1 resultData=null resultExtras=null}
10-25 16:27:03.763   892  1283 V ActivityManager: Broadcast: Intent { act=com.google.android.gms.gcm.ACTION_SCHEDULE flg=0x10 pkg=com.google.android.gms (has extras) } ordered=false userid=0 callerApp=ProcessRecord{cbb8ef4 4491:com.google.android.gms/u0a10}
10-25 16:27:03.764  4491 16224 D SQLiteDatabase: beginTransaction()
10-25 16:27:03.766   892  2025 D ConnectivityService: getActiveNetworkInfo networkInfo = [type: WIFI[], state: CONNECTED/CONNECTED, reason: (unspecified), extra: "Dapl server1", roaming: false, failover: false, isAvailable: true]
10-25 16:27:03.766  4491 16224 D SQLiteDatabase: endTransaction()
