10-25 16:27:11.952   296   615 I MAL-Daemon:  (          rds_ru_rpl_gen, 5467) [RDS-I][RU][rds_ru_rpl_gen][RDS][OP147] TYPE : <3>, RAN1 : <1> ,RAN2 : <255>
10-25 16:27:11.952   296   615 I MAL-Daemon:  (          rds_ru_rpl_gen, 5456) [RDS-I][RU][rds_ru_rpl_gen][RDS][OP147] TYPE : <4>, UI Policy : <3>, RDS Policy : <3>
10-25 16:27:11.952   296   615 I MAL-Daemon:  (          rds_ru_rpl_gen, 5467) [RDS-I][RU][rds_ru_rpl_gen][RDS][OP147] TYPE : <4>, RAN1 : <1> ,RAN2 : <255>
10-25 16:27:11.952   296   615 I MAL-Daemon:  (          rds_ru_rpl_gen, 5456) [RDS-I][RU][rds_ru_rpl_gen][RDS][OP147] TYPE : <5>, UI Policy : <3>, RDS Policy : <3>
10-25 16:27:11.952   296   615 I MAL-Daemon:  (          rds_ru_rpl_gen, 5467) [RDS-I][RU][rds_ru_rpl_gen][RDS][OP147] TYPE : <5>, RAN1 : <1> ,RAN2 : <255>
10-25 16:27:11.953   296   615 I MAL-Daemon:  (          rds_ru_rpl_gen, 5467) [RDS-I][RU][rds_ru_rpl_gen][RDS][OP147] TYPE : <6>, RAN1 : <254> ,RAN2 : <254>
10-25 16:27:11.953   296   615 I MAL-Daemon:  (    rds_op_check_feature,  349) [RDS-I][RDS][OP][rds_op_check_feature] operator id(147) check feature<0>, curr_opmsk is <1>, sys_opmsk is <0x0001, 1>
10-25 16:27:11.953   296   615 I MAL-Daemon:  (          rds_ru_rpl_gen, 5491) [RDS-I][RU][rds_ru_rpl_gen][RDS] Current policy: fgimsolte_en<1>, fgwfc_en<0>, erdspolicy<3>, 
10-25 16:27:11.961   296   615 I MAL-Daemon:  (          rds_ru_rpl_gen, 5494) [RDS-I][RU][rds_ru_rpl_gen][RDS] Threshold i4wifirssih<-75>, i4wifirssil<-85>, i4wifirssih_ho<-78>, i4wifirssil_ho<-88>, i4wifisnrh<10>, i4wifisnrl<6>
10-25 16:27:11.961   296   615 I MAL-Daemon:  (          rds_ru_rpl_gen, 5497) [RDS-I][RU][rds_ru_rpl_gen][RDS] Threshold i4ltersrph<-106>, i4ltersrpm<-111>, i4ltersrpl<-116>, i4ltersrqh<5>, i4ltersrqm<3>, i4ltersrql<1>
10-25 16:27:11.961   296   615 I MAL-Daemon:  (          rds_ru_rpl_gen, 5500) [RDS-I][RU][rds_ru_rpl_gen][RDS] Threshold i4utranrscph<-104>, i4utranrscpl<-110>, i4gsmrssih<-94>, i4gsmrssil<-102>
10-25 16:27:11.961   296   615 I MAL-Daemon:  (          rds_ru_rpl_gen, 5503) [RDS-I][RU][rds_ru_rpl_gen][RDS] current rds ru status: i4wifirssi<-67>, i4wifisnr<9999>, i4ltersrp<-84>, i4ltersrq<24>, i4utranrscp<-141>, i4gsmrssi<-141>, u4active_ran<65539>
10-25 16:27:11.961   296   615 I MAL-Daemon:  (          rds_ru_rpl_gen, 5506) [RDS-I][RU][rds_ru_rpl_gen][RDS] current wifi backhaul : rtp_plr<0>, rtp_jitter<0>, ping_ind<0>
10-25 16:27:11.961   296   615 I MAL-Daemon:  (          rds_ru_rpl_gen, 5509) [RDS-I][RU][rds_ru_rpl_gen][RDS] Call stat : IR92<0>, IR94<0> 
10-25 16:27:11.961   296   615 I MAL-Daemon:  (          rds_ru_rpl_gen, 5515) [RDS-I][RU][RDS IMS/MMS][rds_ru_rpl_gen] Ori:(1,254)/(1,255) New:(1,254)/(1,255)
10-25 16:27:11.961   296   615 I MAL-Daemon:  (          rds_ru_rpl_gen, 5520) [RDS-I][RU][RDS IMS/MMS WIFI][rds_ru_rpl_gen] Ori:(1,254)/(1,255) New:(1,254)/(1,255)
10-25 16:27:11.962   296   615 I MAL-Daemon:  (          rds_ru_rpl_gen, 5525) [RDS-I][RU][RDS IMS/MMS CELL][rds_ru_rpl_gen] Ori:(1,254)/(1,255) New:(1,254)/(1,255)
10-25 16:27:11.962   296   615 I MAL-Daemon:  (          rds_ru_rpl_gen, 5529) [RDS-I][RU][RDS EMG][rds_ru_rpl_gen] Ori:(254,254) New:(254,254)
10-25 16:27:12.657   892   892 D tethering: >>>>> Dispatching to Handler (android.os.Handler) {5209c0d} com.vivo.services.engineerutile.BBKEngineerUtileService$1@d7c97c2: 0
10-25 16:27:12.658   892   892 D tethering: <<<<< Finished to Handler (android.os.Handler) {5209c0d} com.vivo.services.engineerutile.BBKEngineerUtileService$1@d7c97c2
10-25 16:27:13.118 16068 16078 I PresentationSystem: not needQuiet
10-25 16:27:13.221   406   406 I thermal_src: wake up function 3
10-25 16:27:13.222   406   406 I thermal_src: TA_DAEMON_CMD_GET_TPCB cmd=0x5, len=4 PCB=32000
10-25 16:27:13.222   406   406 I thermal_src: TA_DAEMON_CMD_SET_TTJ cmd=0x4, len=4 Tj=85000
10-25 16:27:13.222   406   406 I thermal_src: waiting NOTIFY from kernel...
10-25 16:27:13.222  2395  2415 D FRR     : buff=0x7fac4f2240, len=191
10-25 16:27:13.222  2395  2415 D FRR     : uevent[0]=0x7fac4f2240, len=48, "change@/devices/platform/battery/power_supply/ac"
10-25 16:27:13.222  2395  2415 D FRR     : voteFps(60, 0)
10-25 16:27:13.222  2395  2415 D FRR     : ThermalListener loop:
10-25 16:27:13.223  2395  2415 D FRR     : buff=0x7fac4f2240, len=194
10-25 16:27:13.223  2395  2415 D FRR     : uevent[0]=0x7fac4f2240, len=49, "change@/devices/platform/battery/power_supply/usb"
10-25 16:27:13.223  2395  2415 D FRR     : voteFps(60, 0)
10-25 16:27:13.223  2395  2415 D FRR     : ThermalListener loop:
10-25 16:27:13.223  2395  2415 D FRR     : buff=0x7fac4f2240, len=209
10-25 16:27:13.224  2395  2415 D FRR     : uevent[0]=0x7fac4f2240, len=54, "change@/devices/platform/battery/power_supply/wireless"
10-25 16:27:13.224  2395  2415 D FRR     : voteFps(60, 0)
10-25 16:27:13.224  2395  2415 D FRR     : ThermalListener loop:
10-25 16:27:13.224   892  1700 V BatteryService: VNOILBS mScreenOn=false level=77 mCriticalBatteryLevel=3 mNotificationLowBatteryStates=false OS_VERSION=true mNotificationChargeStates=true status=2
10-25 16:27:13.224   892  1700 V BatteryService: VNOILBS set solid green
10-25 16:27:13.225   892  1282 V BatteryService: VNOILBS mScreenOn=false level=77 mCriticalBatteryLevel=3 mNotificationLowBatteryStates=false OS_VERSION=true mNotificationChargeStates=true status=2
10-25 16:27:13.225   892  1282 V BatteryService: VNOILBS set solid green
10-25 16:27:13.226   892  2018 D BatteryService: mBatteryVoltage=4140, batteryLevel=50
10-25 16:27:13.226   892  2018 V BatteryService: VNOILBS mScreenOn=false level=77 mCriticalBatteryLevel=3 mNotificationLowBatteryStates=false OS_VERSION=true mNotificationChargeStates=true status=2
10-25 16:27:13.226   892  2018 V BatteryService: VNOILBS set solid green
10-25 16:27:13.226   892   892 D tethering: >>>>> Dispatching to Handler (android.os.Handler) {3ce9e4} com.android.server.BatteryService$10@b6bdcd4: 0
10-25 16:27:13.226   892   892 V ActivityManager: Broadcast sticky: Intent { act=android.intent.action.BATTERY_CHANGED flg=0x60000010 (has extras) } ordered=false userid=-1 callerApp=null
10-25 16:27:13.227   892   892 D tethering: <<<<< Finished to Handler (android.os.Handler) {3ce9e4} com.android.server.BatteryService$10@b6bdcd4
10-25 16:27:13.228   892   892 D tethering: >>>>> Dispatching to Handler (android.app.ActivityThread$H) {c3a6cda} android.app.LoadedApk$ReceiverDispatcher$Args@a2dce7d: 0
10-25 16:27:13.228   892   892 D tethering: <<<<< Finished to Handler (android.app.ActivityThread$H) {c3a6cda} android.app.LoadedApk$ReceiverDispatcher$Args@a2dce7d
10-25 16:27:13.228   892   892 D tethering: >>>>> Dispatching to Handler (android.app.ActivityThread$H) {c3a6cda} android.app.LoadedApk$ReceiverDispatcher$Args@c193172: 0
10-25 16:27:13.228   892   892 D tethering: <<<<< Finished to Handler (android.app.ActivityThread$H) {c3a6cda} android.app.LoadedApk$ReceiverDispatcher$Args@c193172
10-25 16:27:13.228   892   892 D tethering: >>>>> Dispatching to Handler (android.app.ActivityThread$H) {c3a6cda} android.app.LoadedApk$ReceiverDispatcher$Args@3f6f9c3: 0
10-25 16:27:13.228   892   892 D FeatureService: onReceive action android.intent.action.BATTERY_CHANGED
10-25 16:27:13.228   892   892 D tethering: <<<<< Finished to Handler (android.app.ActivityThread$H) {c3a6cda} android.app.LoadedApk$ReceiverDispatcher$Args@3f6f9c3
10-25 16:27:13.228   892   892 D tethering: >>>>> Dispatching to Handler (android.app.ActivityThread$H) {c3a6cda} android.app.LoadedApk$ReceiverDispatcher$Args@13f240: 0
10-25 16:27:13.228   892   892 D tethering: <<<<< Finished to Handler (android.app.ActivityThread$H) {c3a6cda} android.app.LoadedApk$ReceiverDispatcher$Args@13f240
10-25 16:27:13.229   892   892 D tethering: >>>>> Dispatching to Handler (android.app.ActivityThread$H) {c3a6cda} android.app.LoadedApk$ReceiverDispatcher$Args@9cdd579: 0
10-25 16:27:13.229   892   892 D WifiService: onReceive, action:android.intent.action.BATTERY_CHANGED
10-25 16:27:13.229   892   892 D tethering: <<<<< Finished to Handler (android.app.ActivityThread$H) {c3a6cda} android.app.LoadedApk$ReceiverDispatcher$Args@9cdd579
10-25 16:27:13.229   892   892 D tethering: >>>>> Dispatching to Handler (android.app.ActivityThread$H) {c3a6cda} android.app.LoadedApk$ReceiverDispatcher$Args@844f2be: 0
10-25 16:27:13.229   892   892 D tethering: <<<<< Finished to Handler (android.app.ActivityThread$H) {c3a6cda} android.app.LoadedApk$ReceiverDispatcher$Args@844f2be
10-25 16:27:13.231   892  1161 D WifiController: DeviceActiveState{ when=-2ms what=155652 arg1=2 target=com.android.internal.util.StateMachine$SmHandler }
10-25 16:27:13.231   892  1161 D WifiController: StaEnabledState{ when=-2ms what=155652 arg1=2 target=com.android.internal.util.StateMachine$SmHandler }
10-25 16:27:13.231   892  1161 D WifiController: DefaultState{ when=-2ms what=155652 arg1=2 target=com.android.internal.util.StateMachine$SmHandler }
10-25 16:27:13.231   892  1161 D WifiController: battery changed pluggedType: 2
10-25 16:27:13.231   892  1161 D WifiController: wifiSleepPolicy:2
10-25 16:27:13.231   892  1161 D WifiController: wifiSleepPolicy:2
10-25 16:27:13.231  1245  1245 D KeyguardUpdateMonitor: received broadcast android.intent.action.BATTERY_CHANGED
10-25 16:27:13.232  1245  1245 I BatteryController: SystemUI|status = 2, mLastStatus = 2, mPluggedIn = true, mLastPluggedIn = true
10-25 16:27:13.232  1245  1245 I BatteryController: SystemUI|mLevel = 77, mLastLevel = 77
10-25 16:27:13.233  1409  1409 I WarningMessage: receiver: action isandroid.intent.action.BATTERY_CHANGED mBatteryPowerConnetDialog=true mShowChargerOverVoltageDialog=true
10-25 16:27:13.234   296  8410 I MAL-Daemon:  (        ru_syssig_hndler,  441) [RDS-I][ru_syssig_hndler] Send Event: 688 
10-25 16:27:13.234   296  8410 I MAL-Daemon:  (        ru_syssig_hndler,  442) [RDS-I][RDS][RU][ru_syssig_hndler] ru_check_ctx_ptr<0xf5df5460, 0xf5df5460>
10-25 16:27:13.234   296  8410 W MAL-Daemon:  (    mdfx_task_send_event,  636) mdfx_task_send_event(): [ACT] should NOT enter this leagcy API!!
10-25 16:27:13.234   296  8410 I MAL-Daemon:  (    ru_send_event_entity,  373) [RDS-I][RDS][RU][ru_send_event_entity] send event 688 to 602 with ret(0)
10-25 16:27:13.234  2395  2415 D FRR     : buff=0x7fac4f2240, len=963
10-25 16:27:13.234  2395  2415 D FRR     : uevent[0]=0x7fac4f2240, len=53, "change@/devices/platform/battery/power_supply/battery"
10-25 16:27:13.234  2395  2415 D FRR     : voteFps(60, 0)
10-25 16:27:13.234  2395  2415 D FRR     : ThermalListener loop:
10-25 16:27:13.235   296   615 I MAL-Daemon:  (             rds_ru_task,  463) [RDS-I][RU][rds_ru_task] RCV Event: 688 
10-25 16:27:13.241  1409  1409 D DeviceListener: ++onReceive++:android.intent.action.BATTERY_CHANGED
10-25 16:27:13.241  1409  1409 D DeviceListener: onReceiveandroid.intent.action.BATTERY_CHANGED
10-25 16:27:13.241  1409  1409 I UsbDeviceManagerService: mUsbReceiver action:android.intent.action.BATTERY_CHANGED mConnected:false mLastConnected:false
10-25 16:27:13.242  1409  1409 I UsbDeviceManagerService: mUsbReceiver ACTION_BATTERY_CHANGED plugType:2 FEATURE_FAST_CHARGE:false mRomVersion:3.0 isSysBootCompleted:true mLastBatteryPlug:false mBatteryPlug:false
10-25 16:27:13.243  2722  2722 D _V_BBKMusic/MusicService: ========action = android.intent.action.BATTERY_CHANGED
10-25 16:27:13.244   892  2027 V ActivityManager: Broadcast: Intent { act=com.vivo.dismiss.lowpower flg=0x10 } ordered=false userid=0 callerApp=ProcessRecord{46312ec 1245:com.android.systemui/u0a22}
10-25 16:27:13.244  2009  2009 D SwitcherUpdateMonitor: receive broadcast, action = android.intent.action.BATTERY_CHANGED
10-25 16:27:13.245   892  1283 V BatteryService: VNOILBS mScreenOn=false level=77 mCriticalBatteryLevel=3 mNotificationLowBatteryStates=false OS_VERSION=true mNotificationChargeStates=true status=2
10-25 16:27:13.245   892  1283 V BatteryService: VNOILBS set solid green
10-25 16:27:13.246  1245  1245 D KeyguardUpdateMonitor: handleBatteryUpdate
10-25 16:27:13.249   296   615 D MAL-Daemon:  (     ru_wsl_poll_wpainfo,  662) [RDS-D][RDS][RU][ru_wsl_poll_wpainfo]socket recv pktlen(48) 
10-25 16:27:13.249   296   615 D MAL-Daemon:  (rds_ru_ws_rssi_timer_exp,  775) [RDS-D][RU][rds_ru_ws_rssi_timer_expire_hdlr][RDS] get rssi = -68, snr = 9999 
10-25 16:27:13.249   296   615 I MAL-Daemon:  (  ru_wsl_wifi_status_ind,  757) [RDS-I][RDS][RU][ru_wsl_wifi_status_ind] ru_check_ctx_ptr<0xf5df5460, 0xf5df5460>
10-25 16:27:13.249   296   615 W MAL-Daemon:  (    mdfx_task_send_event,  636) mdfx_task_send_event(): [ACT] should NOT enter this leagcy API!!
10-25 16:27:13.249   296   615 I MAL-Daemon:  (    ru_send_event_entity,  373) [RDS-I][RDS][RU][ru_send_event_entity] send event 604 to 602 with ret(0)
10-25 16:27:13.250   296   615 I MAL-Daemon:  (          ru_get_netstat, 5890) [RDS-I][RU][ru_get_netstat] netstat <thrghpt, pkterrt>, wifi <266, 0%>, mobile <756, 0%>
10-25 16:27:13.250   296   615 I MAL-Daemon:  (    ru_send_event_entity,  373) [RDS-I][RDS][RU][ru_send_event_entity] send event 614 to 1233 with ret(0)
10-25 16:27:13.250   296   615 I MAL-Daemon:  (             rds_ru_task,  463) [RDS-I][RU][rds_ru_task] RCV Event: 604 
10-25 16:27:13.250   296   615 I MAL-Daemon:  (  rds_ru_wifi_status_ind, 1421) [RDS-I][RU][EVENT_RU_WS_WIFI_STATUS_IND] fgwifi_en:1(no use) i4wifirssi:0xffffffbc i4wifisnr:0x270f
10-25 16:27:13.250   296   615 I MAL-Daemon:  (    ru_send_event_entity,  373) [RDS-I][RDS][RU][ru_send_event_entity] send event 615 to 1233 with ret(0)
10-25 16:27:13.250   296   615 I MAL-Daemon:  (          rds_ru_rpl_gen, 5456) [RDS-I][RU][rds_ru_rpl_gen][RDS][OP147] TYPE : <0>, UI Policy : <3>, RDS Policy : <3>
10-25 16:27:13.250   296   615 I MAL-Daemon:  (      rds_cell_only_orng, 3804) [RDS-I][RU][RDS IMS/MMS][rds_cell_only_orng] 
10-25 16:27:13.250   296   615 I MAL-Daemon:  (          rds_ru_rpl_gen, 5467) [RDS-I][RU][rds_ru_rpl_gen][RDS][OP147] TYPE : <0>, RAN1 : <1> ,RAN2 : <254>
10-25 16:27:13.251   296   615 I MAL-Daemon:  (          rds_ru_rpl_gen, 5456) [RDS-I][RU][rds_ru_rpl_gen][RDS][OP147] TYPE : <1>, UI Policy : <3>, RDS Policy : <3>
10-25 16:27:13.251   296   615 I MAL-Daemon:  (      rds_cell_only_orng, 3804) [RDS-I][RU][RDS IMS/MMS][rds_cell_only_orng] 
10-25 16:27:13.251   296   615 I MAL-Daemon:  (          rds_ru_rpl_gen, 5467) [RDS-I][RU][rds_ru_rpl_gen][RDS][OP147] TYPE : <1>, RAN1 : <1> ,RAN2 : <254>
10-25 16:27:13.251   296   615 I MAL-Daemon:  (          rds_ru_rpl_gen, 5456) [RDS-I][RU][rds_ru_rpl_gen][RDS][OP147] TYPE : <2>, UI Policy : <3>, RDS Policy : <3>
10-25 16:27:13.251   296   615 I MAL-Daemon:  (      rds_cell_only_orng, 3804) [RDS-I][RU][RDS IMS/MMS][rds_cell_only_orng] 
10-25 16:27:13.251   296   615 I MAL-Daemon:  (          rds_ru_rpl_gen, 5467) [RDS-I][RU][rds_ru_rpl_gen][RDS][OP147] TYPE : <2>, RAN1 : <1> ,RAN2 : <254>
10-25 16:27:13.251   296   615 I MAL-Daemon:  (          rds_ru_rpl_gen, 5456) [RDS-I][RU][rds_ru_rpl_gen][RDS][OP147] TYPE : <3>, UI Policy : <3>, RDS Policy : <3>
10-25 16:27:13.251   296   615 I MAL-Daemon:  (          rds_ru_rpl_gen, 5467) [RDS-I][RU][rds_ru_rpl_gen][RDS][OP147] TYPE : <3>, RAN1 : <1> ,RAN2 : <255>
10-25 16:27:13.251   296   615 I MAL-Daemon:  (          rds_ru_rpl_gen, 5456) [RDS-I][RU][rds_ru_rpl_gen][RDS][OP147] TYPE : <4>, UI Policy : <3>, RDS Policy : <3>
10-25 16:27:13.251   296   615 I MAL-Daemon:  (          rds_ru_rpl_gen, 5467) [RDS-I][RU][rds_ru_rpl_gen][RDS][OP147] TYPE : <4>, RAN1 : <1> ,RAN2 : <255>
10-25 16:27:13.251   296   615 I MAL-Daemon:  (          rds_ru_rpl_gen, 5456) [RDS-I][RU][rds_ru_rpl_gen][RDS][OP147] TYPE : <5>, UI Policy : <3>, RDS Policy : <3>
10-25 16:27:13.251   296   615 I MAL-Daemon:  (          rds_ru_rpl_gen, 5467) [RDS-I][RU][rds_ru_rpl_gen][RDS][OP147] TYPE : <5>, RAN1 : <1> ,RAN2 : <255>
10-25 16:27:13.251   296   615 I MAL-Daemon:  (          rds_ru_rpl_gen, 5467) [RDS-I][RU][rds_ru_rpl_gen][RDS][OP147] TYPE : <6>, RAN1 : <254> ,RAN2 : <254>
10-25 16:27:13.251   296   615 I MAL-Daemon:  (    rds_op_check_feature,  349) [RDS-I][RDS][OP][rds_op_check_feature] operator id(147) check feature<0>, curr_opmsk is <1>, sys_opmsk is <0x0001, 1>
10-25 16:27:13.251   296   615 I MAL-Daemon:  (          rds_ru_rpl_gen, 5491) [RDS-I][RU][rds_ru_rpl_gen][RDS] Current policy: fgimsolte_en<1>, fgwfc_en<0>, erdspolicy<3>, 
10-25 16:27:13.251   296   615 I MAL-Daemon:  (          rds_ru_rpl_gen, 5494) [RDS-I][RU][rds_ru_rpl_gen][RDS] Threshold i4wifirssih<-75>, i4wifirssil<-85>, i4wifirssih_ho<-78>, i4wifirssil_ho<-88>, i4wifisnrh<10>, i4wifisnrl<6>
10-25 16:27:13.251   296   615 I MAL-Daemon:  (          rds_ru_rpl_gen, 5497) [RDS-I][RU][rds_ru_rpl_gen][RDS] Threshold i4ltersrph<-106>, i4ltersrpm<-111>, i4ltersrpl<-116>, i4ltersrqh<5>, i4ltersrqm<3>, i4ltersrql<1>
10-25 16:27:13.252   296   615 I MAL-Daemon:  (          rds_ru_rpl_gen, 5500) [RDS-I][RU][rds_ru_rpl_gen][RDS] Threshold i4utranrscph<-104>, i4utranrscpl<-110>, i4gsmrssih<-94>, i4gsmrssil<-102>
10-25 16:27:13.252   296   615 I MAL-Daemon:  (          rds_ru_rpl_gen, 5503) [RDS-I][RU][rds_ru_rpl_gen][RDS] current rds ru status: i4wifirssi<-68>, i4wifisnr<9999>, i4ltersrp<-84>, i4ltersrq<24>, i4utranrscp<-141>, i4gsmrssi<-141>, u4active_ran<65539>
10-25 16:27:13.252   296   615 I MAL-Daemon:  (          rds_ru_rpl_gen, 5506) [RDS-I][RU][rds_ru_rpl_gen][RDS] current wifi backhaul : rtp_plr<0>, rtp_jitter<0>, ping_ind<0>
10-25 16:27:13.252   296   615 I MAL-Daemon:  (          rds_ru_rpl_gen, 5509) [RDS-I][RU][rds_ru_rpl_gen][RDS] Call stat : IR92<0>, IR94<0> 
10-25 16:27:13.252   296   615 I MAL-Daemon:  (          rds_ru_rpl_gen, 5515) [RDS-I][RU][RDS IMS/MMS][rds_ru_rpl_gen] Ori:(1,254)/(1,255) New:(1,254)/(1,255)
10-25 16:27:13.252   296   615 I MAL-Daemon:  (          rds_ru_rpl_gen, 5520) [RDS-I][RU][RDS IMS/MMS WIFI][rds_ru_rpl_gen] Ori:(1,254)/(1,255) New:(1,254)/(1,255)
10-25 16:27:13.252   296   615 I MAL-Daemon:  (          rds_ru_rpl_gen, 5525) [RDS-I][RU][RDS IMS/MMS CELL][rds_ru_rpl_gen] Ori:(1,254)/(1,255) New:(1,254)/(1,255)
10-25 16:27:13.252   296   615 I MAL-Daemon:  (          rds_ru_rpl_gen, 5529) [RDS-I][RU][RDS EMG][rds_ru_rpl_gen] Ori:(254,254) New:(254,254)
10-25 16:27:13.252  1979  2064 I MFI-Conn:  (     mfia_task_bootstrap,  944) mfia_task_bootstrap(): an event 614 incoming
10-25 16:27:13.252  1979  2064 I MFI-Conn:  (     mfia_task_bootstrap,  944) mfia_task_bootstrap(): an event 615 incoming
10-25 16:27:13.252  1979  2084 I MFI-Conn:  (             rds_urc_hdl,  276) [RDS][rds_urc_hdl] RCV Event: 614 
10-25 16:27:13.252  1979  2084 I MFI-Conn:  (             rds_urc_hdl,  391) [RDS][IF][rds_urc_hdl] data_base update: pkterrt(0) 
10-25 16:27:13.253  1979  2084 I MFI-Conn:  (             rds_urc_hdl,  276) [RDS][rds_urc_hdl] RCV Event: 615 
10-25 16:27:13.253  1979  2084 I MFI-Conn:  (             rds_urc_hdl,  401) [RDS][IF][rds_urc_hdl] data_base update: i4wifirssi(-68) 
10-25 16:27:13.645   409   409 I thermal_repeater: oh, queryMdThermalInfo (0)No such file or directory
10-25 16:27:13.659   409   409 I thermal_repeater: [recvMdThermalInfo] ret=25, strLen=127,  3, 38, -127, 0, 32767, 1
10-25 16:27:14.611  1391  1544 D DataFormatter: Normal bytes 252
10-25 16:27:14.616  1391  1544 D DataUsageService: NetSpeed 0.2K/s 
10-25 16:27:14.913   406   406 I thermal_src: wake up function 3
10-25 16:27:14.913   406   406 I thermal_src: TA_DAEMON_CMD_GET_TPCB cmd=0x5, len=4 PCB=32000
10-25 16:27:14.913   406   406 I thermal_src: TA_DAEMON_CMD_SET_TTJ cmd=0x4, len=4 Tj=85000
10-25 16:27:14.913   406   406 I thermal_src: waiting NOTIFY from kernel...
10-25 16:27:15.661   892   892 D tethering: >>>>> Dispatching to Handler (android.os.Handler) {5209c0d} com.vivo.services.engineerutile.BBKEngineerUtileService$1@d7c97c2: 0
10-25 16:27:15.661   892   892 D tethering: <<<<< Finished to Handler (android.os.Handler) {5209c0d} com.vivo.services.engineerutile.BBKEngineerUtileService$1@d7c97c2
10-25 16:27:16.119 16068 16079 I PresentationSystem: not needQuiet
10-25 16:27:16.171  4491  4491 D ActivityThread: SVC-UNBIND_SERVICE handled : 0 / BindServiceData{token=android.os.BinderProxy@c86ff9f intent=Intent { act=com.google.android.gms.safetynet.service.START pkg=com.google.android.gms }}
10-25 16:27:16.171  4491  4491 D ActivityThread: SVC-Destroying service: com.google.android.gms.chimera.GmsBoundBrokerService@b5778ec
10-25 16:27:16.176  4491  4491 D ActivityThread: SVC-STOP_SERVICE handled : 0 / android.os.BinderProxy@c86ff9f
10-25 16:27:16.193  2129  2147 D VoLTE SOC: select thread go --> handle socket. (vendor/mediatek/proprietary/frameworks/opt/volte/volte_stack/src/soc/soc_data.c:375)
10-25 16:27:16.193  2129  2147 D VoLTE SOC: soc_add_2_fdsets: socket id: 21, idx: 786443 (0xf65f7600) (vendor/mediatek/proprietary/frameworks/opt/volte/volte_stack/src/soc/soc_data.c:409)
10-25 16:27:16.193  2129  2147 D VoLTE SOC: soc_add_2_fdsets: socket id: 29, idx: 720906 (0xf65f7400) (vendor/mediatek/proprietary/frameworks/opt/volte/volte_stack/src/soc/soc_data.c:409)
10-25 16:27:16.193  2129  2147 D VoLTE SOC: soc_add_2_fdsets: socket id: 28, idx: 655369 (0xf65f7200) (vendor/mediatek/proprietary/frameworks/opt/volte/volte_stack/src/soc/soc_data.c:409)
10-25 16:27:16.193  2129  2147 D VoLTE SOC: soc_add_2_fdsets: socket id: 20, idx: 524295 (0xf663fe00) (vendor/mediatek/proprietary/frameworks/opt/volte/volte_stack/src/soc/soc_data.c:409)
10-25 16:27:16.193  2129  2147 D VoLTE SOC: soc_add_2_fdsets: socket id: 24, idx: 458758 (0xf663fc00) (vendor/mediatek/proprietary/frameworks/opt/volte/volte_stack/src/soc/soc_data.c:409)
10-25 16:27:16.193  2129  2147 D VoLTE SOC: soc_add_2_fdsets: socket id: 23, idx: 393221 (0xf663fa00) (vendor/mediatek/proprietary/frameworks/opt/volte/volte_stack/src/soc/soc_data.c:409)
10-25 16:27:16.194  2129  2147 D VoLTE SOC: soc_add_2_fdsets: socket id: 22, idx: 327684 (0xf663f800) (vendor/mediatek/proprietary/frameworks/opt/volte/volte_stack/src/soc/soc_data.c:409)
10-25 16:27:16.194  2129  2147 D VoLTE SOC: soc_add_2_fdsets: socket id: 19, idx: 131073 (0xf663f200) (vendor/mediatek/proprietary/frameworks/opt/volte/volte_stack/src/soc/soc_data.c:409)
10-25 16:27:16.194  2129  2147 D VoLTE SOC: soc_add_2_fdsets: socket id: 18, idx: 65536 (0xf663f000) (vendor/mediatek/proprietary/frameworks/opt/volte/volte_stack/src/soc/soc_data.c:409)
10-25 16:27:16.231   296  8410 I MAL-Daemon:  (        ru_syssig_hndler,  441) [RDS-I][ru_syssig_hndler] Send Event: 688 
10-25 16:27:16.231   296  8410 I MAL-Daemon:  (        ru_syssig_hndler,  442) [RDS-I][RDS][RU][ru_syssig_hndler] ru_check_ctx_ptr<0xf5df5460, 0xf5df5460>
10-25 16:27:16.231   296  8410 W MAL-Daemon:  (    mdfx_task_send_event,  636) mdfx_task_send_event(): [ACT] should NOT enter this leagcy API!!
10-25 16:27:16.231   296  8410 I MAL-Daemon:  (    ru_send_event_entity,  373) [RDS-I][RDS][RU][ru_send_event_entity] send event 688 to 602 with ret(0)
10-25 16:27:16.232   296   615 I MAL-Daemon:  (             rds_ru_task,  463) [RDS-I][RU][rds_ru_task] RCV Event: 688 
10-25 16:27:16.245   296   615 D MAL-Daemon:  (     ru_wsl_poll_wpainfo,  662) [RDS-D][RDS][RU][ru_wsl_poll_wpainfo]socket recv pktlen(48) 
10-25 16:27:16.246   296   615 D MAL-Daemon:  (rds_ru_ws_rssi_timer_exp,  775) [RDS-D][RU][rds_ru_ws_rssi_timer_expire_hdlr][RDS] get rssi = -66, snr = 9999 
10-25 16:27:16.246   296   615 I MAL-Daemon:  (  ru_wsl_wifi_status_ind,  757) [RDS-I][RDS][RU][ru_wsl_wifi_status_ind] ru_check_ctx_ptr<0xf5df5460, 0xf5df5460>
10-25 16:27:16.246   296   615 W MAL-Daemon:  (    mdfx_task_send_event,  636) mdfx_task_send_event(): [ACT] should NOT enter this leagcy API!!
10-25 16:27:16.246   296   615 I MAL-Daemon:  (    ru_send_event_entity,  373) [RDS-I][RDS][RU][ru_send_event_entity] send event 604 to 602 with ret(0)
10-25 16:27:16.247   296   615 I MAL-Daemon:  (          ru_get_netstat, 5890) [RDS-I][RU][ru_get_netstat] netstat <thrghpt, pkterrt>, wifi <0, 0%>, mobile <756, 0%>
10-25 16:27:16.247   296   615 I MAL-Daemon:  (    ru_send_event_entity,  373) [RDS-I][RDS][RU][ru_send_event_entity] send event 614 to 1233 with ret(0)
10-25 16:27:16.247   296   615 I MAL-Daemon:  (             rds_ru_task,  463) [RDS-I][RU][rds_ru_task] RCV Event: 604 
10-25 16:27:16.247   296   615 I MAL-Daemon:  (  rds_ru_wifi_status_ind, 1421) [RDS-I][RU][EVENT_RU_WS_WIFI_STATUS_IND] fgwifi_en:1(no use) i4wifirssi:0xffffffbe i4wifisnr:0x270f
10-25 16:27:16.247   296   615 I MAL-Daemon:  (    ru_send_event_entity,  373) [RDS-I][RDS][RU][ru_send_event_entity] send event 615 to 1233 with ret(0)
10-25 16:27:16.248   296   615 I MAL-Daemon:  (          rds_ru_rpl_gen, 5456) [RDS-I][RU][rds_ru_rpl_gen][RDS][OP147] TYPE : <0>, UI Policy : <3>, RDS Policy : <3>
10-25 16:27:16.248   296   615 I MAL-Daemon:  (      rds_cell_only_orng, 3804) [RDS-I][RU][RDS IMS/MMS][rds_cell_only_orng] 
10-25 16:27:16.248   296   615 I MAL-Daemon:  (          rds_ru_rpl_gen, 5467) [RDS-I][RU][rds_ru_rpl_gen][RDS][OP147] TYPE : <0>, RAN1 : <1> ,RAN2 : <254>
10-25 16:27:16.248   296   615 I MAL-Daemon:  (          rds_ru_rpl_gen, 5456) [RDS-I][RU][rds_ru_rpl_gen][RDS][OP147] TYPE : <1>, UI Policy : <3>, RDS Policy : <3>
10-25 16:27:16.248   296   615 I MAL-Daemon:  (      rds_cell_only_orng, 3804) [RDS-I][RU][RDS IMS/MMS][rds_cell_only_orng] 
10-25 16:27:16.248   296   615 I MAL-Daemon:  (          rds_ru_rpl_gen, 5467) [RDS-I][RU][rds_ru_rpl_gen][RDS][OP147] TYPE : <1>, RAN1 : <1> ,RAN2 : <254>
10-25 16:27:16.248   296   615 I MAL-Daemon:  (          rds_ru_rpl_gen, 5456) [RDS-I][RU][rds_ru_rpl_gen][RDS][OP147] TYPE : <2>, UI Policy : <3>, RDS Policy : <3>
10-25 16:27:16.248   296   615 I MAL-Daemon:  (      rds_cell_only_orng, 3804) [RDS-I][RU][RDS IMS/MMS][rds_cell_only_orng] 
10-25 16:27:16.248   296   615 I MAL-Daemon:  (          rds_ru_rpl_gen, 5467) [RDS-I][RU][rds_ru_rpl_gen][RDS][OP147] TYPE : <2>, RAN1 : <1> ,RAN2 : <254>
10-25 16:27:16.248   296   615 I MAL-Daemon:  (          rds_ru_rpl_gen, 5456) [RDS-I][RU][rds_ru_rpl_gen][RDS][OP147] TYPE : <3>, UI Policy : <3>, RDS Policy : <3>
10-25 16:27:16.248   296   615 I MAL-Daemon:  (          rds_ru_rpl_gen, 5467) [RDS-I][RU][rds_ru_rpl_gen][RDS][OP147] TYPE : <3>, RAN1 : <1> ,RAN2 : <255>
10-25 16:27:16.248   296   615 I MAL-Daemon:  (          rds_ru_rpl_gen, 5456) [RDS-I][RU][rds_ru_rpl_gen][RDS][OP147] TYPE : <4>, UI Policy : <3>, RDS Policy : <3>
10-25 16:27:16.248   296   615 I MAL-Daemon:  (          rds_ru_rpl_gen, 5467) [RDS-I][RU][rds_ru_rpl_gen][RDS][OP147] TYPE : <4>, RAN1 : <1> ,RAN2 : <255>
10-25 16:27:16.248   296   615 I MAL-Daemon:  (          rds_ru_rpl_gen, 5456) [RDS-I][RU][rds_ru_rpl_gen][RDS][OP147] TYPE : <5>, UI Policy : <3>, RDS Policy : <3>
10-25 16:27:16.249   296   615 I MAL-Daemon:  (          rds_ru_rpl_gen, 5467) [RDS-I][RU][rds_ru_rpl_gen][RDS][OP147] TYPE : <5>, RAN1 : <1> ,RAN2 : <255>
10-25 16:27:16.249   296   615 I MAL-Daemon:  (          rds_ru_rpl_gen, 5467) [RDS-I][RU][rds_ru_rpl_gen][RDS][OP147] TYPE : <6>, RAN1 : <254> ,RAN2 : <254>
10-25 16:27:16.249   296   615 I MAL-Daemon:  (    rds_op_check_feature,  349) [RDS-I][RDS][OP][rds_op_check_feature] operator id(147) check feature<0>, curr_opmsk is <1>, sys_opmsk is <0x0001, 1>
10-25 16:27:16.249   296   615 I MAL-Daemon:  (          rds_ru_rpl_gen, 5491) [RDS-I][RU][rds_ru_rpl_gen][RDS] Current policy: fgimsolte_en<1>, fgwfc_en<0>, erdspolicy<3>, 
10-25 16:27:16.249   296   615 I MAL-Daemon:  (          rds_ru_rpl_gen, 5494) [RDS-I][RU][rds_ru_rpl_gen][RDS] Threshold i4wifirssih<-75>, i4wifirssil<-85>, i4wifirssih_ho<-78>, i4wifirssil_ho<-88>, i4wifisnrh<10>, i4wifisnrl<6>
10-25 16:27:16.249   296   615 I MAL-Daemon:  (          rds_ru_rpl_gen, 5497) [RDS-I][RU][rds_ru_rpl_gen][RDS] Threshold i4ltersrph<-106>, i4ltersrpm<-111>, i4ltersrpl<-116>, i4ltersrqh<5>, i4ltersrqm<3>, i4ltersrql<1>
10-25 16:27:16.249   296   615 I MAL-Daemon:  (          rds_ru_rpl_gen, 5500) [RDS-I][RU][rds_ru_rpl_gen][RDS] Threshold i4utranrscph<-104>, i4utranrscpl<-110>, i4gsmrssih<-94>, i4gsmrssil<-102>
10-25 16:27:16.249   296   615 I MAL-Daemon:  (          rds_ru_rpl_gen, 5503) [RDS-I][RU][rds_ru_rpl_gen][RDS] current rds ru status: i4wifirssi<-66>, i4wifisnr<9999>, i4ltersrp<-84>, i4ltersrq<24>, i4utranrscp<-141>, i4gsmrssi<-141>, u4active_ran<65539>
10-25 16:27:16.249   296   615 I MAL-Daemon:  (          rds_ru_rpl_gen, 5506) [RDS-I][RU][rds_ru_rpl_gen][RDS] current wifi backhaul : rtp_plr<0>, rtp_jitter<0>, ping_ind<0>
10-25 16:27:16.249   296   615 I MAL-Daemon:  (          rds_ru_rpl_gen, 5509) [RDS-I][RU][rds_ru_rpl_gen][RDS] Call stat : IR92<0>, IR94<0> 
10-25 16:27:16.249   296   615 I MAL-Daemon:  (          rds_ru_rpl_gen, 5515) [RDS-I][RU][RDS IMS/MMS][rds_ru_rpl_gen] Ori:(1,254)/(1,255) New:(1,254)/(1,255)
10-25 16:27:16.249   296   615 I MAL-Daemon:  (          rds_ru_rpl_gen, 5520) [RDS-I][RU][RDS IMS/MMS WIFI][rds_ru_rpl_gen] Ori:(1,254)/(1,255) New:(1,254)/(1,255)
10-25 16:27:16.250   296   615 I MAL-Daemon:  (          rds_ru_rpl_gen, 5525) [RDS-I][RU][RDS IMS/MMS CELL][rds_ru_rpl_gen] Ori:(1,254)/(1,255) New:(1,254)/(1,255)
10-25 16:27:16.250   296   615 I MAL-Daemon:  (          rds_ru_rpl_gen, 5529) [RDS-I][RU][RDS EMG][rds_ru_rpl_gen] Ori:(254,254) New:(254,254)
10-25 16:27:16.251  1979  2064 I MFI-Conn:  (     mfia_task_bootstrap,  944) mfia_task_bootstrap(): an event 614 incoming
10-25 16:27:16.251  1979  2064 I MFI-Conn:  (     mfia_task_bootstrap,  944) mfia_task_bootstrap(): an event 615 incoming
10-25 16:27:16.252  1979  2084 I MFI-Conn:  (             rds_urc_hdl,  276) [RDS][rds_urc_hdl] RCV Event: 614 
10-25 16:27:16.252  1979  2084 I MFI-Conn:  (             rds_urc_hdl,  391) [RDS][IF][rds_urc_hdl] data_base update: pkterrt(0) 
10-25 16:27:16.252  1979  2084 I MFI-Conn:  (             rds_urc_hdl,  276) [RDS][rds_urc_hdl] RCV Event: 615 
10-25 16:27:16.252  1979  2084 I MFI-Conn:  (             rds_urc_hdl,  401) [RDS][IF][rds_urc_hdl] data_base update: i4wifirssi(-66) 
10-25 16:27:16.305  2431  2438 I System  : FinalizerDaemon: finalize objects = 121
10-25 16:27:17.618  1391  1544 D DataFormatter: Normal bytes 252
10-25 16:27:17.621  1391  1544 D DataUsageService: NetSpeed 0.2K/s 
10-25 16:27:17.755 16068 16075 I System  : FinalizerDaemon: finalize objects = 435
10-25 16:27:18.665   892   892 D tethering: >>>>> Dispatching to Handler (android.os.Handler) {5209c0d} com.vivo.services.engineerutile.BBKEngineerUtileService$1@d7c97c2: 0
10-25 16:27:18.666   409   409 I thermal_repeater: select timeout
10-25 16:27:18.674   892   892 D tethering: <<<<< Finished to Handler (android.os.Handler) {5209c0d} com.vivo.services.engineerutile.BBKEngineerUtileService$1@d7c97c2
10-25 16:27:18.722   892   900 I System  : FinalizerDaemon: finalize objects = 38
10-25 16:27:19.120 16068 16210 I PresentationSystem: not needQuiet
10-25 16:27:19.231   296  8410 I MAL-Daemon:  (        ru_syssig_hndler,  441) [RDS-I][ru_syssig_hndler] Send Event: 688 
10-25 16:27:19.231   296  8410 I MAL-Daemon:  (        ru_syssig_hndler,  442) [RDS-I][RDS][RU][ru_syssig_hndler] ru_check_ctx_ptr<0xf5df5460, 0xf5df5460>
10-25 16:27:19.231   296  8410 W MAL-Daemon:  (    mdfx_task_send_event,  636) mdfx_task_send_event(): [ACT] should NOT enter this leagcy API!!
10-25 16:27:19.231   296  8410 I MAL-Daemon:  (    ru_send_event_entity,  373) [RDS-I][RDS][RU][ru_send_event_entity] send event 688 to 602 with ret(0)
10-25 16:27:19.232   296   615 I MAL-Daemon:  (             rds_ru_task,  463) [RDS-I][RU][rds_ru_task] RCV Event: 688 
10-25 16:27:19.245   296   615 D MAL-Daemon:  (     ru_wsl_poll_wpainfo,  662) [RDS-D][RDS][RU][ru_wsl_poll_wpainfo]socket recv pktlen(48) 
10-25 16:27:19.246   296   615 D MAL-Daemon:  (rds_ru_ws_rssi_timer_exp,  775) [RDS-D][RU][rds_ru_ws_rssi_timer_expire_hdlr][RDS] get rssi = -67, snr = 9999 
10-25 16:27:19.246   296   615 I MAL-Daemon:  (  ru_wsl_wifi_status_ind,  757) [RDS-I][RDS][RU][ru_wsl_wifi_status_ind] ru_check_ctx_ptr<0xf5df5460, 0xf5df5460>
10-25 16:27:19.246   296   615 W MAL-Daemon:  (    mdfx_task_send_event,  636) mdfx_task_send_event(): [ACT] should NOT enter this leagcy API!!
10-25 16:27:19.246   296   615 I MAL-Daemon:  (    ru_send_event_entity,  373) [RDS-I][RDS][RU][ru_send_event_entity] send event 604 to 602 with ret(0)
10-25 16:27:19.247   296   615 I MAL-Daemon:  (          ru_get_netstat, 5890) [RDS-I][RU][ru_get_netstat] netstat <thrghpt, pkterrt>, wifi <0, 0%>, mobile <756, 0%>
10-25 16:27:19.248   296   615 I MAL-Daemon:  (    ru_send_event_entity,  373) [RDS-I][RDS][RU][ru_send_event_entity] send event 614 to 1233 with ret(0)
10-25 16:27:19.248   296   615 I MAL-Daemon:  (             rds_ru_task,  463) [RDS-I][RU][rds_ru_task] RCV Event: 604 
10-25 16:27:19.248   296   615 I MAL-Daemon:  (  rds_ru_wifi_status_ind, 1421) [RDS-I][RU][EVENT_RU_WS_WIFI_STATUS_IND] fgwifi_en:1(no use) i4wifirssi:0xffffffbd i4wifisnr:0x270f
10-25 16:27:19.248   296   615 I MAL-Daemon:  (    ru_send_event_entity,  373) [RDS-I][RDS][RU][ru_send_event_entity] send event 615 to 1233 with ret(0)
10-25 16:27:19.248   296   615 I MAL-Daemon:  (          rds_ru_rpl_gen, 5456) [RDS-I][RU][rds_ru_rpl_gen][RDS][OP147] TYPE : <0>, UI Policy : <3>, RDS Policy : <3>
10-25 16:27:19.248   296   615 I MAL-Daemon:  (      rds_cell_only_orng, 3804) [RDS-I][RU][RDS IMS/MMS][rds_cell_only_orng] 
10-25 16:27:19.248   296   615 I MAL-Daemon:  (          rds_ru_rpl_gen, 5467) [RDS-I][RU][rds_ru_rpl_gen][RDS][OP147] TYPE : <0>, RAN1 : <1> ,RAN2 : <254>
10-25 16:27:19.248   296   615 I MAL-Daemon:  (          rds_ru_rpl_gen, 5456) [RDS-I][RU][rds_ru_rpl_gen][RDS][OP147] TYPE : <1>, UI Policy : <3>, RDS Policy : <3>
10-25 16:27:19.248   296   615 I MAL-Daemon:  (      rds_cell_only_orng, 3804) [RDS-I][RU][RDS IMS/MMS][rds_cell_only_orng] 
10-25 16:27:19.248   296   615 I MAL-Daemon:  (          rds_ru_rpl_gen, 5467) [RDS-I][RU][rds_ru_rpl_gen][RDS][OP147] TYPE : <1>, RAN1 : <1> ,RAN2 : <254>
10-25 16:27:19.248   296   615 I MAL-Daemon:  (          rds_ru_rpl_gen, 5456) [RDS-I][RU][rds_ru_rpl_gen][RDS][OP147] TYPE : <2>, UI Policy : <3>, RDS Policy : <3>
10-25 16:27:19.248   296   615 I MAL-Daemon:  (      rds_cell_only_orng, 3804) [RDS-I][RU][RDS IMS/MMS][rds_cell_only_orng] 
10-25 16:27:19.248   296   615 I MAL-Daemon:  (          rds_ru_rpl_gen, 5467) [RDS-I][RU][rds_ru_rpl_gen][RDS][OP147] TYPE : <2>, RAN1 : <1> ,RAN2 : <254>
10-25 16:27:19.249   296   615 I MAL-Daemon:  (          rds_ru_rpl_gen, 5456) [RDS-I][RU][rds_ru_rpl_gen][RDS][OP147] TYPE : <3>, UI Policy : <3>, RDS Policy : <3>
10-25 16:27:19.249   296   615 I MAL-Daemon:  (          rds_ru_rpl_gen, 5467) [RDS-I][RU][rds_ru_rpl_gen][RDS][OP147] TYPE : <3>, RAN1 : <1> ,RAN2 : <255>
10-25 16:27:19.249   296   615 I MAL-Daemon:  (          rds_ru_rpl_gen, 5456) [RDS-I][RU][rds_ru_rpl_gen][RDS][OP147] TYPE : <4>, UI Policy : <3>, RDS Policy : <3>
10-25 16:27:19.249   296   615 I MAL-Daemon:  (          rds_ru_rpl_gen, 5467) [RDS-I][RU][rds_ru_rpl_gen][RDS][OP147] TYPE : <4>, RAN1 : <1> ,RAN2 : <255>
10-25 16:27:19.249   296   615 I MAL-Daemon:  (          rds_ru_rpl_gen, 5456) [RDS-I][RU][rds_ru_rpl_gen][RDS][OP147] TYPE : <5>, UI Policy : <3>, RDS Policy : <3>
10-25 16:27:19.249   296   615 I MAL-Daemon:  (          rds_ru_rpl_gen, 5467) [RDS-I][RU][rds_ru_rpl_gen][RDS][OP147] TYPE : <5>, RAN1 : <1> ,RAN2 : <255>
10-25 16:27:19.249   296   615 I MAL-Daemon:  (          rds_ru_rpl_gen, 5467) [RDS-I][RU][rds_ru_rpl_gen][RDS][OP147] TYPE : <6>, RAN1 : <254> ,RAN2 : <254>
10-25 16:27:19.249   296   615 I MAL-Daemon:  (    rds_op_check_feature,  349) [RDS-I][RDS][OP][rds_op_check_feature] operator id(147) check feature<0>, curr_opmsk is <1>, sys_opmsk is <0x0001, 1>
10-25 16:27:19.249   296   615 I MAL-Daemon:  (          rds_ru_rpl_gen, 5491) [RDS-I][RU][rds_ru_rpl_gen][RDS] Current policy: fgimsolte_en<1>, fgwfc_en<0>, erdspolicy<3>, 
10-25 16:27:19.249   296   615 I MAL-Daemon:  (          rds_ru_rpl_gen, 5494) [RDS-I][RU][rds_ru_rpl_gen][RDS] Threshold i4wifirssih<-75>, i4wifirssil<-85>, i4wifirssih_ho<-78>, i4wifirssil_ho<-88>, i4wifisnrh<10>, i4wifisnrl<6>
10-25 16:27:19.249   296   615 I MAL-Daemon:  (          rds_ru_rpl_gen, 5497) [RDS-I][RU][rds_ru_rpl_gen][RDS] Threshold i4ltersrph<-106>, i4ltersrpm<-111>, i4ltersrpl<-116>, i4ltersrqh<5>, i4ltersrqm<3>, i4ltersrql<1>
10-25 16:27:19.249   296   615 I MAL-Daemon:  (          rds_ru_rpl_gen, 5500) [RDS-I][RU][rds_ru_rpl_gen][RDS] Threshold i4utranrscph<-104>, i4utranrscpl<-110>, i4gsmrssih<-94>, i4gsmrssil<-102>
10-25 16:27:19.250   296   615 I MAL-Daemon:  (          rds_ru_rpl_gen, 5503) [RDS-I][RU][rds_ru_rpl_gen][RDS] current rds ru status: i4wifirssi<-67>, i4wifisnr<9999>, i4ltersrp<-84>, i4ltersrq<24>, i4utranrscp<-141>, i4gsmrssi<-141>, u4active_ran<65539>
10-25 16:27:19.250   296   615 I MAL-Daemon:  (          rds_ru_rpl_gen, 5506) [RDS-I][RU][rds_ru_rpl_gen][RDS] current wifi backhaul : rtp_plr<0>, rtp_jitter<0>, ping_ind<0>
10-25 16:27:19.250   296   615 I MAL-Daemon:  (          rds_ru_rpl_gen, 5509) [RDS-I][RU][rds_ru_rpl_gen][RDS] Call stat : IR92<0>, IR94<0> 
10-25 16:27:19.250   296   615 I MAL-Daemon:  (          rds_ru_rpl_gen, 5515) [RDS-I][RU][RDS IMS/MMS][rds_ru_rpl_gen] Ori:(1,254)/(1,255) New:(1,254)/(1,255)
10-25 16:27:19.250   296   615 I MAL-Daemon:  (          rds_ru_rpl_gen, 5520) [RDS-I][RU][RDS IMS/MMS WIFI][rds_ru_rpl_gen] Ori:(1,254)/(1,255) New:(1,254)/(1,255)
10-25 16:27:19.250   296   615 I MAL-Daemon:  (          rds_ru_rpl_gen, 5525) [RDS-I][RU][RDS IMS/MMS CELL][rds_ru_rpl_gen] Ori:(1,254)/(1,255) New:(1,254)/(1,255)
10-25 16:27:19.250   296   615 I MAL-Daemon:  (          rds_ru_rpl_gen, 5529) [RDS-I][RU][RDS EMG][rds_ru_rpl_gen] Ori:(254,254) New:(254,254)
10-25 16:27:19.250  1979  2064 I MFI-Conn:  (     mfia_task_bootstrap,  944) mfia_task_bootstrap(): an event 614 incoming
10-25 16:27:19.250  1979  2064 I MFI-Conn:  (     mfia_task_bootstrap,  944) mfia_task_bootstrap(): an event 615 incoming
10-25 16:27:19.251  1979  2084 I MFI-Conn:  (             rds_urc_hdl,  276) [RDS][rds_urc_hdl] RCV Event: 614 
10-25 16:27:19.251  1979  2084 I MFI-Conn:  (             rds_urc_hdl,  391) [RDS][IF][rds_urc_hdl] data_base update: pkterrt(0) 
10-25 16:27:19.251  1979  2084 I MFI-Conn:  (             rds_urc_hdl,  276) [RDS][rds_urc_hdl] RCV Event: 615 
10-25 16:27:19.251  1979  2084 I MFI-Conn:  (             rds_urc_hdl,  401) [RDS][IF][rds_urc_hdl] data_base update: i4wifirssi(-67) 
10-25 16:27:19.571   892  1024 I libsuspend: ws name: PowerManagerService.WakeLocks, act_since: 231009, act_cnt: 999, ev_cnt: 999, wakeup_cnt: 0
10-25 16:27:19.571   892  1024 I libsuspend: ws name: power_control_slow wakelock, act_since: 7126511, act_cnt: 1, ev_cnt: 713, wakeup_cnt: 0
10-25 16:27:19.571   892  1024 I libsuspend: ws name: USB.lock, act_since: 7126066, act_cnt: 1, ev_cnt: 1, wakeup_cnt: 0
10-25 16:27:19.821  1284  5526 I ABE     : test checkTempture
10-25 16:27:19.821  1284  5526 I ABE     : getTemptrue
10-25 16:27:19.821  1284  5526 I ABE     : path = sys/class/thermal/thermal_zone5/temp
10-25 16:27:19.822  1284  5526 I ABE     : temperature = 32
10-25 16:27:19.822  1284  5526 I ABE     : now tempture = 32 ; high = 65 ; highBufferTempture = 62
10-25 16:27:19.822  1284  5526 I ABE     : the tempture is false
10-25 16:27:19.823   406   406 I thermal_src: wake up function 3
10-25 16:27:19.824   406   406 I thermal_src: TA_DAEMON_CMD_GET_TPCB cmd=0x5, len=4 PCB=32000
10-25 16:27:19.824   406   406 I thermal_src: TA_DAEMON_CMD_SET_TTJ cmd=0x4, len=4 Tj=85000
10-25 16:27:19.824   406   406 I thermal_src: waiting NOTIFY from kernel...
10-25 16:27:19.923   406   406 I thermal_src: wake up function 3
10-25 16:27:19.923   406   406 I thermal_src: TA_DAEMON_CMD_GET_TPCB cmd=0x5, len=4 PCB=32000
10-25 16:27:19.923   406   406 I thermal_src: TA_DAEMON_CMD_SET_TTJ cmd=0x4, len=4 Tj=85000
10-25 16:27:19.923   406   406 I thermal_src: waiting NOTIFY from kernel...
10-25 16:27:20.622  1391  1544 D DataFormatter: Normal bytes 252
10-25 16:27:20.625  1391  1544 D DataUsageService: NetSpeed 0.2K/s 
10-25 16:27:20.819   892   928 V ActivityManager: Broadcast: Intent { act=android.os.action.POWER_SAVE_TEMP_WHITELIST_CHANGED flg=0x40000010 } ordered=false userid=0 callerApp=ProcessRecord{a11efa8 892:system/1000}
10-25 16:27:20.820   892   928 D NetworkManagement: oldRule = 0, newRule=0 for uid=10010
10-25 16:27:20.820   892   928 D NetworkManagement: !!!!! Skipping change
10-25 16:27:21.675   892   892 D tethering: >>>>> Dispatching to Handler (android.os.Handler) {5209c0d} com.vivo.services.engineerutile.BBKEngineerUtileService$1@d7c97c2: 0
10-25 16:27:21.676   892   892 D tethering: <<<<< Finished to Handler (android.os.Handler) {5209c0d} com.vivo.services.engineerutile.BBKEngineerUtileService$1@d7c97c2
10-25 16:27:21.939   296  2510 I MAL-Daemon:  (    ru_mdmngr_send_atcmd, 2049) [RDS-I][RDS][RU][ru_mdmngr_send_atcmd] try to send ATcmd : AT+ECSQ 
10-25 16:27:21.939   296  2510 I MAL-Daemon:  (    ru_mdmngr_send_atcmd, 2058) [RDS-I][RDS][RU][ru_mdmngr_send_atcmd] ru_check_ctx_ptr<0xf5df5460, 0xf5df5460>
10-25 16:27:21.939   296  2510 W MAL-Daemon:  (    mdfx_task_send_event,  636) mdfx_task_send_event(): [ACT] should NOT enter this leagcy API!!
10-25 16:27:21.939   296  2510 I MAL-Daemon:  (    ru_send_event_entity,  373) [RDS-I][RDS][RU][ru_send_event_entity] send event 101 to 101 with ret(0)
10-25 16:27:21.939   296   603 D MAL-Daemon:  (         mdmngr_task_hdl,   36) mdmngr_task_hdl(), receive event = 101 (vendor/mediatek/proprietary/frameworks/opt/mal/entity/mdmngr/mdmngr.c:36)
10-25 16:27:21.940   296   603 D MAL-Daemon:  (         mdmngr_task_hdl,   67) EVENT_MDMNGR_ATCMD_REQ@MDMNGR, priv_data = f70ee780, channel = 1, cmd = (AT+ECSQ) (vendor/mediatek/proprietary/frameworks/opt/mal/entity/mdmngr/mdmngr.c:67)
10-25 16:27:21.940   296   603 W MAL-Daemon:  (    mdfx_task_send_event,  636) mdfx_task_send_event(): [ACT] should NOT enter this leagcy API!!
10-25 16:27:21.940   296   621 I MAL-Daemon:  ( mdfx_event_do_statistic,  153) mdfx_event_do_statistic(): [STATISTIC] TID = 621 has used 3274872 bytes!!
10-25 16:27:21.940   296   621 E MAL-Daemon:  (void* rilproxy_task_hdl(,  439) rilproxy_task_hdl(), receive event = 401
10-25 16:27:21.940   296   621 D MAL-Daemon:  (int rilproxy_send_ril_re,  320) send ril request, request_id = 2130, serial_no = 30100, length = 18000000, send_size = 24(18), fd = 30
10-25 16:27:21.956   296   619 D MAL-Daemon:  (void* rilproxy_cmd_resp_,  670) recv ril resp, length = 64, type = 0, result = 0, serial_no = 30100
10-25 16:27:21.956   296   619 D MAL-Daemon:  (void* rilproxy_cmd_resp_,  676) event_id = 401
10-25 16:27:21.956   296   603 D MAL-Daemon:  (         mdmngr_task_hdl,   36) mdmngr_task_hdl(), receive event = 103 (vendor/mediatek/proprietary/frameworks/opt/mal/entity/mdmngr/mdmngr.c:36)
10-25 16:27:21.957   296   603 D MAL-Daemon:  (         mdmngr_task_hdl,  115) EVENT_MDMNGR_ATCMD_RESP@MDMNGR (vendor/mediatek/proprietary/frameworks/opt/mal/entity/mdmngr/mdmngr.c:115)
10-25 16:27:21.957   296   603 D MAL-Daemon:  (         mdmngr_task_hdl,  122) event_req = f70ee780, ID = 101 (vendor/mediatek/proprietary/frameworks/opt/mal/entity/mdmngr/mdmngr.c:122)
10-25 16:27:21.957   296   603 D MAL-Daemon:  (         mdmngr_task_hdl,  125) atcmd_resp->priv_data = f6182858 (vendor/mediatek/proprietary/frameworks/opt/mal/entity/mdmngr/mdmngr.c:125)
10-25 16:27:21.957   296   615 I MAL-Daemon:  (             rds_ru_task,  463) [RDS-I][RU][rds_ru_task] RCV Event: 103 
10-25 16:27:21.957   296   615 I MAL-Daemon:  (rds_ru_mdmngr_atrsp_hndl, 2316) [RDS-I][RDS][RU][rds_ru_mdmngr_atrsp_hndl] get AT resp: +ECSQ: 24,57,1,1,1,-32,-333,7,49,40
10-25 16:27:21.957   296   615 I MAL-Daemon: 
10-25 16:27:21.957   296   615 I MAL-Daemon: OK
10-25 16:27:21.957   296   615 I MAL-Daemon: 
10-25 16:27:21.957   296   615 I MAL-Daemon:  (     ru_parse_3gppsigval, 1545) [RDS-I][RDS][ru_parse_3gppsigval] 3gppsigval #args act<7>
10-25 16:27:21.957   296   615 I MAL-Daemon:  (rds_ru_mdmngr_atrsp_hndl, 2356) [RDS-I][RDS][RU][rds_ru_mdmngr_atrsp_hndl] Update 3GPP STATUS rsrp<-84> rsrq<24> rscp<0> rssi<0> regstat<6>
10-25 16:27:21.957   296   615 I MAL-Daemon:  (rds_ru_mdmngr_atrsp_hndl, 2357) [RDS-I][RDS][RU][rds_ru_mdmngr_atrsp_hndl] ru_check_ctx_ptr<0xf5df5460, 0xf5df5460>
10-25 16:27:21.957   296   615 W MAL-Daemon:  (    mdfx_task_send_event,  636) mdfx_task_send_event(): [ACT] should NOT enter this leagcy API!!
10-25 16:27:21.957   296   615 I MAL-Daemon:  (    ru_send_event_entity,  373) [RDS-I][RDS][RU][ru_send_event_entity] send event 605 to 602 with ret(0)
10-25 16:27:21.957   296   615 I MAL-Daemon:  (             rds_ru_task,  463) [RDS-I][RU][rds_ru_task] RCV Event: 605 
10-25 16:27:21.957   296   615 I MAL-Daemon:  (  rds_ru_3gpp_status_ind, 1474) [RDS-I][RU][EVENT_RU_DM_3GPP_STATUS_IND] i4ltersrp:-84, i4ltersrq:24, i4utranrscp:0, i4gsmrssi:0, u43gpp_status:0x6
10-25 16:27:21.958   296   615 E MAL-Daemon:  (  rds_ru_3gpp_status_ind, 1508) [RDS-E][RU][EVENT_RU_DM_3GPP_STATUS_IND] Invalid u43gpp_status:0x6
10-25 16:27:21.958   296   615 I MAL-Daemon:  (          rds_ru_rpl_gen, 5456) [RDS-I][RU][rds_ru_rpl_gen][RDS][OP147] TYPE : <0>, UI Policy : <3>, RDS Policy : <3>
10-25 16:27:21.958   296   615 I MAL-Daemon:  (      rds_cell_only_orng, 3804) [RDS-I][RU][RDS IMS/MMS][rds_cell_only_orng] 
10-25 16:27:21.958   296   615 I MAL-Daemon:  (          rds_ru_rpl_gen, 5467) [RDS-I][RU][rds_ru_rpl_gen][RDS][OP147] TYPE : <0>, RAN1 : <1> ,RAN2 : <254>
10-25 16:27:21.958   296   615 I MAL-Daemon:  (          rds_ru_rpl_gen, 5456) [RDS-I][RU][rds_ru_rpl_gen][RDS][OP147] TYPE : <1>, UI Policy : <3>, RDS Policy : <3>
10-25 16:27:21.958   296   615 I MAL-Daemon:  (      rds_cell_only_orng, 3804) [RDS-I][RU][RDS IMS/MMS][rds_cell_only_orng] 
10-25 16:27:21.958   296   615 I MAL-Daemon:  (          rds_ru_rpl_gen, 5467) [RDS-I][RU][rds_ru_rpl_gen][RDS][OP147] TYPE : <1>, RAN1 : <1> ,RAN2 : <254>
10-25 16:27:21.958   296   615 I MAL-Daemon:  (          rds_ru_rpl_gen, 5456) [RDS-I][RU][rds_ru_rpl_gen][RDS][OP147] TYPE : <2>, UI Policy : <3>, RDS Policy : <3>
10-25 16:27:21.958   296   615 I MAL-Daemon:  (      rds_cell_only_orng, 3804) [RDS-I][RU][RDS IMS/MMS][rds_cell_only_orng] 
10-25 16:27:21.958   296   615 I MAL-Daemon:  (          rds_ru_rpl_gen, 5467) [RDS-I][RU][rds_ru_rpl_gen][RDS][OP147] TYPE : <2>, RAN1 : <1> ,RAN2 : <254>
10-25 16:27:21.958   296   615 I MAL-Daemon:  (          rds_ru_rpl_gen, 5456) [RDS-I][RU][rds_ru_rpl_gen][RDS][OP147] TYPE : <3>, UI Policy : <3>, RDS Policy : <3>
10-25 16:27:21.958   296   615 I MAL-Daemon:  (          rds_ru_rpl_gen, 5467) [RDS-I][RU][rds_ru_rpl_gen][RDS][OP147] TYPE : <3>, RAN1 : <1> ,RAN2 : <255>
10-25 16:27:21.958   296   615 I MAL-Daemon:  (          rds_ru_rpl_gen, 5456) [RDS-I][RU][rds_ru_rpl_gen][RDS][OP147] TYPE : <4>, UI Policy : <3>, RDS Policy : <3>
10-25 16:27:21.958   296   615 I MAL-Daemon:  (          rds_ru_rpl_gen, 5467) [RDS-I][RU][rds_ru_rpl_gen][RDS][OP147] TYPE : <4>, RAN1 : <1> ,RAN2 : <255>
10-25 16:27:21.959   296   615 I MAL-Daemon:  (          rds_ru_rpl_gen, 5456) [RDS-I][RU][rds_ru_rpl_gen][RDS][OP147] TYPE : <5>, UI Policy : <3>, RDS Policy : <3>
10-25 16:27:21.959   296   615 I MAL-Daemon:  (          rds_ru_rpl_gen, 5467) [RDS-I][RU][rds_ru_rpl_gen][RDS][OP147] TYPE : <5>, RAN1 : <1> ,RAN2 : <255>
10-25 16:27:21.959   296   615 I MAL-Daemon:  (          rds_ru_rpl_gen, 5467) [RDS-I][RU][rds_ru_rpl_gen][RDS][OP147] TYPE : <6>, RAN1 : <254> ,RAN2 : <254>
10-25 16:27:21.959   296   615 I MAL-Daemon:  (    rds_op_check_feature,  349) [RDS-I][RDS][OP][rds_op_check_feature] operator id(147) check feature<0>, curr_opmsk is <1>, sys_opmsk is <0x0001, 1>
10-25 16:27:21.959   296   615 I MAL-Daemon:  (          rds_ru_rpl_gen, 5491) [RDS-I][RU][rds_ru_rpl_gen][RDS] Current policy: fgimsolte_en<1>, fgwfc_en<0>, erdspolicy<3>, 
10-25 16:27:21.959   296   615 I MAL-Daemon:  (          rds_ru_rpl_gen, 5494) [RDS-I][RU][rds_ru_rpl_gen][RDS] Threshold i4wifirssih<-75>, i4wifirssil<-85>, i4wifirssih_ho<-78>, i4wifirssil_ho<-88>, i4wifisnrh<10>, i4wifisnrl<6>
10-25 16:27:21.959   296   615 I MAL-Daemon:  (          rds_ru_rpl_gen, 5497) [RDS-I][RU][rds_ru_rpl_gen][RDS] Threshold i4ltersrph<-106>, i4ltersrpm<-111>, i4ltersrpl<-116>, i4ltersrqh<5>, i4ltersrqm<3>, i4ltersrql<1>
10-25 16:27:21.959   296   615 I MAL-Daemon:  (          rds_ru_rpl_gen, 5500) [RDS-I][RU][rds_ru_rpl_gen][RDS] Threshold i4utranrscph<-104>, i4utranrscpl<-110>, i4gsmrssih<-94>, i4gsmrssil<-102>
10-25 16:27:21.959   296   615 I MAL-Daemon:  (          rds_ru_rpl_gen, 5503) [RDS-I][RU][rds_ru_rpl_gen][RDS] current rds ru status: i4wifirssi<-67>, i4wifisnr<9999>, i4ltersrp<-84>, i4ltersrq<24>, i4utranrscp<-141>, i4gsmrssi<-141>, u4active_ran<65539>
10-25 16:27:21.959   296   615 I MAL-Daemon:  (          rds_ru_rpl_gen, 5506) [RDS-I][RU][rds_ru_rpl_gen][RDS] current wifi backhaul : rtp_plr<0>, rtp_jitter<0>, ping_ind<0>
10-25 16:27:21.959   296   615 I MAL-Daemon:  (          rds_ru_rpl_gen, 5509) [RDS-I][RU][rds_ru_rpl_gen][RDS] Call stat : IR92<0>, IR94<0> 
10-25 16:27:21.959   296   615 I MAL-Daemon:  (          rds_ru_rpl_gen, 5515) [RDS-I][RU][RDS IMS/MMS][rds_ru_rpl_gen] Ori:(1,254)/(1,255) New:(1,254)/(1,255)
10-25 16:27:21.960   296   615 I MAL-Daemon:  (          rds_ru_rpl_gen, 5520) [RDS-I][RU][RDS IMS/MMS WIFI][rds_ru_rpl_gen] Ori:(1,254)/(1,255) New:(1,254)/(1,255)
10-25 16:27:21.960   296   615 I MAL-Daemon:  (          rds_ru_rpl_gen, 5525) [RDS-I][RU][RDS IMS/MMS CELL][rds_ru_rpl_gen] Ori:(1,254)/(1,255) New:(1,254)/(1,255)
10-25 16:27:21.960   296   615 I MAL-Daemon:  (          rds_ru_rpl_gen, 5529) [RDS-I][RU][RDS EMG][rds_ru_rpl_gen] Ori:(254,254) New:(254,254)
10-25 16:27:22.121 16068 16078 I PresentationSystem: not needQuiet
